Archive member included to satisfy reference by file (symbol)

/home/ismet/Documents/KON309/NXP/Compiler/arm-gnu-toolchain-12.3.rel1-x86_64-arm-none-eabi/bin/../lib/gcc/arm-none-eabi/12.3.1/thumb/v6-m/nofp/libgcc.a(_udivsi3.o)
                              build/main.o (__aeabi_uidiv)
/home/ismet/Documents/KON309/NXP/Compiler/arm-gnu-toolchain-12.3.rel1-x86_64-arm-none-eabi/bin/../lib/gcc/arm-none-eabi/12.3.1/thumb/v6-m/nofp/libgcc.a(_divsi3.o)
                              build/system_LPC824.o (__aeabi_idiv)
/home/ismet/Documents/KON309/NXP/Compiler/arm-gnu-toolchain-12.3.rel1-x86_64-arm-none-eabi/bin/../lib/gcc/arm-none-eabi/12.3.1/thumb/v6-m/nofp/libgcc.a(_dvmd_tls.o)
                              /home/ismet/Documents/KON309/NXP/Compiler/arm-gnu-toolchain-12.3.rel1-x86_64-arm-none-eabi/bin/../lib/gcc/arm-none-eabi/12.3.1/thumb/v6-m/nofp/libgcc.a(_udivsi3.o) (__aeabi_idiv0)
/home/ismet/Documents/KON309/NXP/Compiler/arm-gnu-toolchain-12.3.rel1-x86_64-arm-none-eabi/bin/../lib/gcc/arm-none-eabi/12.3.1/thumb/v6-m/nofp/libgcc.a(_aeabi_uldivmod.o)
                              build/fsl_common_arm.o (__aeabi_uldivmod)
/home/ismet/Documents/KON309/NXP/Compiler/arm-gnu-toolchain-12.3.rel1-x86_64-arm-none-eabi/bin/../lib/gcc/arm-none-eabi/12.3.1/thumb/v6-m/nofp/libgcc.a(_muldi3.o)
                              build/fsl_common_arm.o (__aeabi_lmul)
/home/ismet/Documents/KON309/NXP/Compiler/arm-gnu-toolchain-12.3.rel1-x86_64-arm-none-eabi/bin/../lib/gcc/arm-none-eabi/12.3.1/thumb/v6-m/nofp/libgcc.a(_udivmoddi4.o)
                              /home/ismet/Documents/KON309/NXP/Compiler/arm-gnu-toolchain-12.3.rel1-x86_64-arm-none-eabi/bin/../lib/gcc/arm-none-eabi/12.3.1/thumb/v6-m/nofp/libgcc.a(_aeabi_uldivmod.o) (__udivmoddi4)
/home/ismet/Documents/KON309/NXP/Compiler/arm-gnu-toolchain-12.3.rel1-x86_64-arm-none-eabi/bin/../lib/gcc/arm-none-eabi/12.3.1/thumb/v6-m/nofp/libgcc.a(_clzdi2.o)
                              /home/ismet/Documents/KON309/NXP/Compiler/arm-gnu-toolchain-12.3.rel1-x86_64-arm-none-eabi/bin/../lib/gcc/arm-none-eabi/12.3.1/thumb/v6-m/nofp/libgcc.a(_udivmoddi4.o) (__clzdi2)
/home/ismet/Documents/KON309/NXP/Compiler/arm-gnu-toolchain-12.3.rel1-x86_64-arm-none-eabi/bin/../lib/gcc/arm-none-eabi/12.3.1/thumb/v6-m/nofp/libgcc.a(_clzsi2.o)
                              /home/ismet/Documents/KON309/NXP/Compiler/arm-gnu-toolchain-12.3.rel1-x86_64-arm-none-eabi/bin/../lib/gcc/arm-none-eabi/12.3.1/thumb/v6-m/nofp/libgcc.a(_clzdi2.o) (__clzsi2)
/home/ismet/Documents/KON309/NXP/Compiler/arm-gnu-toolchain-12.3.rel1-x86_64-arm-none-eabi/bin/../lib/gcc/arm-none-eabi/12.3.1/../../../../arm-none-eabi/lib/thumb/v6-m/nofp/libc_nano.a(libc_a-exit.o)
                              /home/ismet/Documents/KON309/NXP/Compiler/arm-gnu-toolchain-12.3.rel1-x86_64-arm-none-eabi/bin/../lib/gcc/arm-none-eabi/12.3.1/../../../../arm-none-eabi/lib/thumb/v6-m/nofp/crt0.o (exit)
/home/ismet/Documents/KON309/NXP/Compiler/arm-gnu-toolchain-12.3.rel1-x86_64-arm-none-eabi/bin/../lib/gcc/arm-none-eabi/12.3.1/../../../../arm-none-eabi/lib/thumb/v6-m/nofp/libc_nano.a(libc_a-init.o)
                              /home/ismet/Documents/KON309/NXP/Compiler/arm-gnu-toolchain-12.3.rel1-x86_64-arm-none-eabi/bin/../lib/gcc/arm-none-eabi/12.3.1/../../../../arm-none-eabi/lib/thumb/v6-m/nofp/crt0.o (__libc_init_array)
/home/ismet/Documents/KON309/NXP/Compiler/arm-gnu-toolchain-12.3.rel1-x86_64-arm-none-eabi/bin/../lib/gcc/arm-none-eabi/12.3.1/../../../../arm-none-eabi/lib/thumb/v6-m/nofp/libc_nano.a(libc_a-malloc.o)
                              build/fsl_common.o (malloc)
/home/ismet/Documents/KON309/NXP/Compiler/arm-gnu-toolchain-12.3.rel1-x86_64-arm-none-eabi/bin/../lib/gcc/arm-none-eabi/12.3.1/../../../../arm-none-eabi/lib/thumb/v6-m/nofp/libc_nano.a(libc_a-mallocr.o)
                              /home/ismet/Documents/KON309/NXP/Compiler/arm-gnu-toolchain-12.3.rel1-x86_64-arm-none-eabi/bin/../lib/gcc/arm-none-eabi/12.3.1/../../../../arm-none-eabi/lib/thumb/v6-m/nofp/libc_nano.a(libc_a-malloc.o) (_malloc_r)
/home/ismet/Documents/KON309/NXP/Compiler/arm-gnu-toolchain-12.3.rel1-x86_64-arm-none-eabi/bin/../lib/gcc/arm-none-eabi/12.3.1/../../../../arm-none-eabi/lib/thumb/v6-m/nofp/libc_nano.a(libc_a-findfp.o)
                              /home/ismet/Documents/KON309/NXP/Compiler/arm-gnu-toolchain-12.3.rel1-x86_64-arm-none-eabi/bin/../lib/gcc/arm-none-eabi/12.3.1/../../../../arm-none-eabi/lib/thumb/v6-m/nofp/libc_nano.a(libc_a-exit.o) (__stdio_exit_handler)
/home/ismet/Documents/KON309/NXP/Compiler/arm-gnu-toolchain-12.3.rel1-x86_64-arm-none-eabi/bin/../lib/gcc/arm-none-eabi/12.3.1/../../../../arm-none-eabi/lib/thumb/v6-m/nofp/libc_nano.a(libc_a-stdio.o)
                              /home/ismet/Documents/KON309/NXP/Compiler/arm-gnu-toolchain-12.3.rel1-x86_64-arm-none-eabi/bin/../lib/gcc/arm-none-eabi/12.3.1/../../../../arm-none-eabi/lib/thumb/v6-m/nofp/libc_nano.a(libc_a-findfp.o) (__sread)
[...]
Memory Configuration

Name             Origin             Length             Attributes
m_interrupts     0x00000000         0x00000200         xr
m_crp            0x000002fc         0x00000004         xr
m_text           0x00000300         0x00007d00         xr
m_data           0x10000000         0x00001fe0         rw
*default*        0x00000000         0xffffffff

Linker script and memory map

LOAD /home/ismet/Documents/KON309/NXP/Compiler/arm-gnu-toolchain-12.3.rel1-x86_64-arm-none-eabi/bin/../lib/gcc/arm-none-eabi/12.3.1/thumb/v6-m/nofp/crti.o
LOAD /home/ismet/Documents/KON309/NXP/Compiler/arm-gnu-toolchain-12.3.rel1-x86_64-arm-none-eabi/bin/../lib/gcc/arm-none-eabi/12.3.1/thumb/v6-m/nofp/crtbegin.o
LOAD /home/ismet/Documents/KON309/NXP/Compiler/arm-gnu-toolchain-12.3.rel1-x86_64-arm-none-eabi/bin/../lib/gcc/arm-none-eabi/12.3.1/../../../../arm-none-eabi/lib/thumb/v6-m/nofp/crt0.o
LOAD build/main.o
LOAD build/system_LPC824.o
LOAD build/fsl_common.o
LOAD build/fsl_common_arm.o
LOAD build/fsl_gpio.o
LOAD build/fsl_power.o
LOAD build/fsl_reset.o
LOAD build/fsl_swm.o
LOAD build/startup_LPC824.o
START GROUP
LOAD /home/ismet/Documents/KON309/NXP/Compiler/arm-gnu-toolchain-12.3.rel1-x86_64-arm-none-eabi/bin/../lib/gcc/arm-none-eabi/12.3.1/thumb/v6-m/nofp/libgcc.a
LOAD /home/ismet/Documents/KON309/NXP/Compiler/arm-gnu-toolchain-12.3.rel1-x86_64-arm-none-eabi/bin/../lib/gcc/arm-none-eabi/12.3.1/../../../../arm-none-eabi/lib/thumb/v6-m/nofp/libc_nano.a
END GROUP
START GROUP
LOAD /home/ismet/Documents/KON309/NXP/Compiler/arm-gnu-toolchain-12.3.rel1-x86_64-arm-none-eabi/bin/../lib/gcc/arm-none-eabi/12.3.1/thumb/v6-m/nofp/libgcc.a
LOAD /home/ismet/Documents/KON309/NXP/Compiler/arm-gnu-toolchain-12.3.rel1-x86_64-arm-none-eabi/bin/../lib/gcc/arm-none-eabi/12.3.1/../../../../arm-none-eabi/lib/thumb/v6-m/nofp/libc_nano.a
LOAD /home/ismet/Documents/KON309/NXP/Compiler/arm-gnu-toolchain-12.3.rel1-x86_64-arm-none-eabi/bin/../lib/gcc/arm-none-eabi/12.3.1/../../../../arm-none-eabi/lib/thumb/v6-m/nofp/libnosys.a
END GROUP
START GROUP
LOAD /home/ismet/Documents/KON309/NXP/Compiler/arm-gnu-toolchain-12.3.rel1-x86_64-arm-none-eabi/bin/../lib/gcc/arm-none-eabi/12.3.1/thumb/v6-m/nofp/libgcc.a
LOAD /home/ismet/Documents/KON309/NXP/Compiler/arm-gnu-toolchain-12.3.rel1-x86_64-arm-none-eabi/bin/../lib/gcc/arm-none-eabi/12.3.1/../../../../arm-none-eabi/lib/thumb/v6-m/nofp/libc_nano.a
LOAD /home/ismet/Documents/KON309/NXP/Compiler/arm-gnu-toolchain-12.3.rel1-x86_64-arm-none-eabi/bin/../lib/gcc/arm-none-eabi/12.3.1/../../../../arm-none-eabi/lib/thumb/v6-m/nofp/libnosys.a
END GROUP
LOAD /home/ismet/Documents/KON309/NXP/Compiler/arm-gnu-toolchain-12.3.rel1-x86_64-arm-none-eabi/bin/../lib/gcc/arm-none-eabi/12.3.1/thumb/v6-m/nofp/crtend.o
LOAD /home/ismet/Documents/KON309/NXP/Compiler/arm-gnu-toolchain-12.3.rel1-x86_64-arm-none-eabi/bin/../lib/gcc/arm-none-eabi/12.3.1/thumb/v6-m/nofp/crtn.o
                0x00000400                        HEAP_SIZE = DEFINED (__heap_size__)?__heap_size__:0x400
                0x00000800                        STACK_SIZE = DEFINED (__stack_size__)?__stack_size__:0x800

.interrupts     0x00000000       0xc0
                0x00000000                        . = ALIGN (0x4)
 *(.isr_vector)
 .isr_vector    0x00000000       0xc0 build/startup_LPC824.o
                0x00000000                __Vectors
                0x000000c0                        . = ALIGN (0x4)

.crp            0x000002fc        0x4
                0x000002fc                        . = ALIGN (0x4)
 *(.crp)
 .crp           0x000002fc        0x4 build/startup_LPC824.o
                0x00000300                        . = ALIGN (0x4)

.text           0x00000300     0x1794
                0x00000300                        . = ALIGN (0x4)
 *(.text)
 .text          0x00000300        0x0 /home/ismet/Documents/KON309/NXP/Compiler/arm-gnu-toolchain-12.3.rel1-x86_64-arm-none-eabi/bin/../lib/gcc/arm-none-eabi/12.3.1/thumb/v6-m/nofp/crti.o
 .text          0x00000300        0x0 /home/ismet/Documents/KON309/NXP/Compiler/arm-gnu-toolchain-12.3.rel1-x86_64-arm-none-eabi/bin/../lib/gcc/arm-none-eabi/12.3.1/thumb/v6-m/nofp/crtbegin.o
 .text          0x00000300       0x80 /home/ismet/Documents/KON309/NXP/Compiler/arm-gnu-toolchain-12.3.rel1-x86_64-arm-none-eabi/bin/../lib/gcc/arm-none-eabi/12.3.1/../../../../arm-none-eabi/lib/thumb/v6-m/nofp/crt0.o
                0x00000300                _stack_init
                0x0000030c                _mainCRTStartup
                0x0000030c                _start
 .text          0x00000380        0x0 build/main.o
 .text          0x00000380        0x0 build/system_LPC824.o
 .text          0x00000380        0x0 build/fsl_common.o
 .text          0x00000380        0x0 build/fsl_common_arm.o
 .text          0x00000380        0x0 build/fsl_gpio.o
 .text          0x00000380        0x0 build/fsl_power.o
 .text          0x00000380        0x0 build/fsl_reset.o
 .text          0x00000380        0x0 build/fsl_swm.o
 .text          0x00000380      0x164 build/startup_LPC824.o
                0x00000380                Reset_Handler
                0x000003b4                Reserved39_DriverIRQHandler
                0x000003b4                ADC0_OVR_DriverIRQHandler
                0x000003b4                DMA0_DriverIRQHandler
                0x000003b4                SPI1_DriverIRQHandler
                0x000003b4                USART2_DriverIRQHandler
                0x000003b4                I2C3_DriverIRQHandler
                0x000003b4                USART0_DriverIRQHandler
                0x000003b4                PIN_INT3_DriverIRQHandler
                0x000003b4                PIN_INT2_DriverIRQHandler
                0x000003b4                I2C2_DriverIRQHandler
                0x000003b4                PIN_INT0_DriverIRQHandler
                0x000003b4                DefaultISR
                0x000003b4                WKT_DriverIRQHandler
                0x000003b4                MRT0_DriverIRQHandler
                0x000003b4                PIN_INT4_DriverIRQHandler
                0x000003b4                PIN_INT5_DriverIRQHandler
                0x000003b4                ADC0_THCMP_DriverIRQHandler
                0x000003b4                PIN_INT7_DriverIRQHandler
                0x000003b4                Reserved22_DriverIRQHandler
                0x000003b4                FLASH_DriverIRQHandler
                0x000003b4                ADC0_SEQB_DriverIRQHandler
                0x000003b4                PIN_INT6_DriverIRQHandler
                0x000003b4                Reserved18_DriverIRQHandler
                0x000003b4                WDT_DriverIRQHandler
                0x000003b4                PIN_INT1_DriverIRQHandler
                0x000003b4                USART1_DriverIRQHandler
                0x000003b4                BOD_DriverIRQHandler
                0x000003b4                I2C1_DriverIRQHandler
                0x000003b4                CMP_DriverIRQHandler
                0x000003b4                ADC0_SEQA_DriverIRQHandler
                0x000003b4                SPI0_DriverIRQHandler
                0x000003b4                I2C0_DriverIRQHandler
                0x000003b4                SCT0_DriverIRQHandler
                0x000003b8                NMI_Handler
                0x000003bc                HardFault_Handler
                0x000003c0                SVC_Handler
                0x000003c4                PendSV_Handler
                0x000003cc                SPI0_IRQHandler
                0x000003d0                SPI1_IRQHandler
                0x000003d4                Reserved18_IRQHandler
                0x000003d8                USART0_IRQHandler
                0x000003dc                USART1_IRQHandler
                0x000003e0                USART2_IRQHandler
                0x000003e4                Reserved22_IRQHandler
                0x000003e8                I2C1_IRQHandler
                0x000003ec                I2C0_IRQHandler
                0x000003f0                SCT0_IRQHandler
                0x000003f4                MRT0_IRQHandler
                0x000003f8                CMP_IRQHandler
                0x000003fc                WDT_IRQHandler
                0x00000400                BOD_IRQHandler
                0x00000404                FLASH_IRQHandler
                0x00000408                WKT_IRQHandler
                0x0000040c                ADC0_SEQA_IRQHandler
                0x00000410                ADC0_SEQB_IRQHandler
                0x00000414                ADC0_THCMP_IRQHandler
                0x00000418                ADC0_OVR_IRQHandler
                0x0000041c                DMA0_IRQHandler
                0x00000420                I2C2_IRQHandler
                0x00000424                I2C3_IRQHandler
                0x00000428                Reserved39_IRQHandler
                0x0000042c                PIN_INT0_IRQHandler
                0x00000430                PIN_INT1_IRQHandler
                0x00000434                PIN_INT2_IRQHandler
                0x00000438                PIN_INT3_IRQHandler
                0x0000043c                PIN_INT4_IRQHandler
                0x00000440                PIN_INT5_IRQHandler
                0x00000444                PIN_INT6_IRQHandler
                0x00000448                PIN_INT7_IRQHandler
 .text          0x000004e4      0x114 /home/ismet/Documents/KON309/NXP/Compiler/arm-gnu-toolchain-12.3.rel1-x86_64-arm-none-eabi/bin/../lib/gcc/arm-none-eabi/12.3.1/thumb/v6-m/nofp/libgcc.a(_udivsi3.o)
                0x000004e4                __udivsi3
                0x000004e4                __aeabi_uidiv
                0x000005f0                __aeabi_uidivmod
 .text          0x000005f8      0x1d4 /home/ismet/Documents/KON309/NXP/Compiler/arm-gnu-toolchain-12.3.rel1-x86_64-arm-none-eabi/bin/../lib/gcc/arm-none-eabi/12.3.1/thumb/v6-m/nofp/libgcc.a(_divsi3.o)
                0x000005f8                __aeabi_idiv
                0x000005f8                __divsi3
                0x000007c4                __aeabi_idivmod
 .text          0x000007cc        0x4 /home/ismet/Documents/KON309/NXP/Compiler/arm-gnu-toolchain-12.3.rel1-x86_64-arm-none-eabi/bin/../lib/gcc/arm-none-eabi/12.3.1/thumb/v6-m/nofp/libgcc.a(_dvmd_tls.o)
                0x000007cc                __aeabi_ldiv0
                0x000007cc                __aeabi_idiv0
 .text          0x000007d0       0x40 /home/ismet/Documents/KON309/NXP/Compiler/arm-gnu-toolchain-12.3.rel1-x86_64-arm-none-eabi/bin/../lib/gcc/arm-none-eabi/12.3.1/thumb/v6-m/nofp/libgcc.a(_aeabi_uldivmod.o)
                0x000007d0                __aeabi_uldivmod
 .text          0x00000810        0x0 /home/ismet/Documents/KON309/NXP/Compiler/arm-gnu-toolchain-12.3.rel1-x86_64-arm-none-eabi/bin/../lib/gcc/arm-none-eabi/12.3.1/thumb/v6-m/nofp/libgcc.a(_muldi3.o)
 .text          0x00000810        0x0 /home/ismet/Documents/KON309/NXP/Compiler/arm-gnu-toolchain-12.3.rel1-x86_64-arm-none-eabi/bin/../lib/gcc/arm-none-eabi/12.3.1/thumb/v6-m/nofp/libgcc.a(_udivmoddi4.o)
 .text          0x00000810       0x18 /home/ismet/Documents/KON309/NXP/Compiler/arm-gnu-toolchain-12.3.rel1-x86_64-arm-none-eabi/bin/../lib/gcc/arm-none-eabi/12.3.1/thumb/v6-m/nofp/libgcc.a(_clzdi2.o)
                0x00000810                __clzdi2
 .text          0x00000828       0x3c /home/ismet/Documents/KON309/NXP/Compiler/arm-gnu-toolchain-12.3.rel1-x86_64-arm-none-eabi/bin/../lib/gcc/arm-none-eabi/12.3.1/thumb/v6-m/nofp/libgcc.a(_clzsi2.o)
                0x00000828                __clzsi2
 .text          0x00000864        0x0 /home/ismet/Documents/KON309/NXP/Compiler/arm-gnu-toolchain-12.3.rel1-x86_64-arm-none-eabi/bin/../lib/gcc/arm-none-eabi/12.3.1/../../../../arm-none-eabi/lib/thumb/v6-m/nofp/libc_nano.a(libc_a-exit.o)
 .text          0x00000864        0x0 /home/ismet/Documents/KON309/NXP/Compiler/arm-gnu-toolchain-12.3.rel1-x86_64-arm-none-eabi/bin/../lib/gcc/arm-none-eabi/12.3.1/../../../../arm-none-eabi/lib/thumb/v6-m/nofp/libc_nano.a(libc_a-init.o)
 .text          0x00000864        0x0 /home/ismet/Documents/KON309/NXP/Compiler/arm-gnu-toolchain-12.3.rel1-x86_64-arm-none-eabi/bin/../lib/gcc/arm-none-eabi/12.3.1/../../../../arm-none-eabi/lib/thumb/v6-m/nofp/libc_nano.a(libc_a-malloc.o)
 .text          0x00000864        0x0 /home/ismet/Documents/KON309/NXP/Compiler/arm-gnu-toolchain-12.3.rel1-x86_64-arm-none-eabi/bin/../lib/gcc/arm-none-eabi/12.3.1/../../../../arm-none-eabi/lib/thumb/v6-m/nofp/libc_nano.a(libc_a-mallocr.o)
 .text          0x00000864        0x0 /home/ismet/Documents/KON309/NXP/Compiler/arm-gnu-toolchain-12.3.rel1-x86_64-arm-none-eabi/bin/../lib/gcc/arm-none-eabi/12.3.1/../../../../arm-none-eabi/lib/thumb/v6-m/nofp/libc_nano.a(libc_a-findfp.o)
 .text          0x00000864        0x0 /home/ismet/Documents/KON309/NXP/Compiler/arm-gnu-toolchain-12.3.rel1-x86_64-arm-none-eabi/bin/../lib/gcc/arm-none-eabi/12.3.1/../../../../arm-none-eabi/lib/thumb/v6-m/nofp/libc_nano.a(libc_a-stdio.o)
 .text          0x00000864        0x0 /home/ismet/Documents/KON309/NXP/Compiler/arm-gnu-toolchain-12.3.rel1-x86_64-arm-none-eabi/bin/../lib/gcc/arm-none-eabi/12.3.1/../../../../arm-none-eabi/lib/thumb/v6-m/nofp/libc_nano.a(libc_a-mlock.o)
 .text          0x00000864        0x0 /home/ismet/Documents/KON309/NXP/Compiler/arm-gnu-toolchain-12.3.rel1-x86_64-arm-none-eabi/bin/../lib/gcc/arm-none-eabi/12.3.1/../../../../arm-none-eabi/lib/thumb/v6-m/nofp/libc_nano.a(libc_a-sbrkr.o)
 .text          0x00000864        0x0 /home/ismet/Documents/KON309/NXP/Compiler/arm-gnu-toolchain-12.3.rel1-x86_64-arm-none-eabi/bin/../lib/gcc/arm-none-eabi/12.3.1/../../../../arm-none-eabi/lib/thumb/v6-m/nofp/libc_nano.a(libc_a-writer.o)
 .text          0x00000864        0x0 /home/ismet/Documents/KON309/NXP/Compiler/arm-gnu-toolchain-12.3.rel1-x86_64-arm-none-eabi/bin/../lib/gcc/arm-none-eabi/12.3.1/../../../../arm-none-eabi/lib/thumb/v6-m/nofp/libc_nano.a(libc_a-fwalk.o)
 .text          0x00000864        0x0 /home/ismet/Documents/KON309/NXP/Compiler/arm-gnu-toolchain-12.3.rel1-x86_64-arm-none-eabi/bin/../lib/gcc/arm-none-eabi/12.3.1/../../../../arm-none-eabi/lib/thumb/v6-m/nofp/libc_nano.a(libc_a-memset.o)
 .text          0x00000864        0x0 /home/ismet/Documents/KON309/NXP/Compiler/arm-gnu-toolchain-12.3.rel1-x86_64-arm-none-eabi/bin/../lib/gcc/arm-none-eabi/12.3.1/../../../../arm-none-eabi/lib/thumb/v6-m/nofp/libc_nano.a(libc_a-freer.o)
 .text          0x00000864        0x0 /home/ismet/Documents/KON309/NXP/Compiler/arm-gnu-toolchain-12.3.rel1-x86_64-arm-none-eabi/bin/../lib/gcc/arm-none-eabi/12.3.1/../../../../arm-none-eabi/lib/thumb/v6-m/nofp/libc_nano.a(libc_a-lock.o)
 .text          0x00000864        0x0 /home/ismet/Documents/KON309/NXP/Compiler/arm-gnu-toolchain-12.3.rel1-x86_64-arm-none-eabi/bin/../lib/gcc/arm-none-eabi/12.3.1/../../../../arm-none-eabi/lib/thumb/v6-m/nofp/libc_nano.a(libc_a-closer.o)
 .text          0x00000864        0x0 /home/ismet/Documents/KON309/NXP/Compiler/arm-gnu-toolchain-12.3.rel1-x86_64-arm-none-eabi/bin/../lib/gcc/arm-none-eabi/12.3.1/../../../../arm-none-eabi/lib/thumb/v6-m/nofp/libc_nano.a(libc_a-reent.o)
 .text          0x00000864        0x0 /home/ismet/Documents/KON309/NXP/Compiler/arm-gnu-toolchain-12.3.rel1-x86_64-arm-none-eabi/bin/../lib/gcc/arm-none-eabi/12.3.1/../../../../arm-none-eabi/lib/thumb/v6-m/nofp/libc_nano.a(libc_a-impure.o)
 .text          0x00000864        0x0 /home/ismet/Documents/KON309/NXP/Compiler/arm-gnu-toolchain-12.3.rel1-x86_64-arm-none-eabi/bin/../lib/gcc/arm-none-eabi/12.3.1/../../../../arm-none-eabi/lib/thumb/v6-m/nofp/libc_nano.a(libc_a-fflush.o)
 .text          0x00000864        0x0 /home/ismet/Documents/KON309/NXP/Compiler/arm-gnu-toolchain-12.3.rel1-x86_64-arm-none-eabi/bin/../lib/gcc/arm-none-eabi/12.3.1/../../../../arm-none-eabi/lib/thumb/v6-m/nofp/libc_nano.a(libc_a-lseekr.o)
 .text          0x00000864        0x0 /home/ismet/Documents/KON309/NXP/Compiler/arm-gnu-toolchain-12.3.rel1-x86_64-arm-none-eabi/bin/../lib/gcc/arm-none-eabi/12.3.1/../../../../arm-none-eabi/lib/thumb/v6-m/nofp/libc_nano.a(libc_a-readr.o)
 .text          0x00000864        0x0 /home/ismet/Documents/KON309/NXP/Compiler/arm-gnu-toolchain-12.3.rel1-x86_64-arm-none-eabi/bin/../lib/gcc/arm-none-eabi/12.3.1/../../../../arm-none-eabi/lib/thumb/v6-m/nofp/libnosys.a(close.o)
 .text          0x00000864        0x0 /home/ismet/Documents/KON309/NXP/Compiler/arm-gnu-toolchain-12.3.rel1-x86_64-arm-none-eabi/bin/../lib/gcc/arm-none-eabi/12.3.1/../../../../arm-none-eabi/lib/thumb/v6-m/nofp/libnosys.a(lseek.o)
 .text          0x00000864        0x0 /home/ismet/Documents/KON309/NXP/Compiler/arm-gnu-toolchain-12.3.rel1-x86_64-arm-none-eabi/bin/../lib/gcc/arm-none-eabi/12.3.1/../../../../arm-none-eabi/lib/thumb/v6-m/nofp/libnosys.a(read.o)
 .text          0x00000864        0x0 /home/ismet/Documents/KON309/NXP/Compiler/arm-gnu-toolchain-12.3.rel1-x86_64-arm-none-eabi/bin/../lib/gcc/arm-none-eabi/12.3.1/../../../../arm-none-eabi/lib/thumb/v6-m/nofp/libnosys.a(sbrk.o)
 .text          0x00000864        0x0 /home/ismet/Documents/KON309/NXP/Compiler/arm-gnu-toolchain-12.3.rel1-x86_64-arm-none-eabi/bin/../lib/gcc/arm-none-eabi/12.3.1/../../../../arm-none-eabi/lib/thumb/v6-m/nofp/libnosys.a(write.o)
 .text          0x00000864        0x0 /home/ismet/Documents/KON309/NXP/Compiler/arm-gnu-toolchain-12.3.rel1-x86_64-arm-none-eabi/bin/../lib/gcc/arm-none-eabi/12.3.1/../../../../arm-none-eabi/lib/thumb/v6-m/nofp/libnosys.a(_exit.o)
 .text          0x00000864        0x0 /home/ismet/Documents/KON309/NXP/Compiler/arm-gnu-toolchain-12.3.rel1-x86_64-arm-none-eabi/bin/../lib/gcc/arm-none-eabi/12.3.1/thumb/v6-m/nofp/crtend.o
 .text          0x00000864        0x0 /home/ismet/Documents/KON309/NXP/Compiler/arm-gnu-toolchain-12.3.rel1-x86_64-arm-none-eabi/bin/../lib/gcc/arm-none-eabi/12.3.1/thumb/v6-m/nofp/crtn.o
 *(.text*)
 .text.deregister_tm_clones
                0x00000864       0x20 /home/ismet/Documents/KON309/NXP/Compiler/arm-gnu-toolchain-12.3.rel1-x86_64-arm-none-eabi/bin/../lib/gcc/arm-none-eabi/12.3.1/thumb/v6-m/nofp/crtbegin.o
 .text.register_tm_clones
                0x00000884       0x28 /home/ismet/Documents/KON309/NXP/Compiler/arm-gnu-toolchain-12.3.rel1-x86_64-arm-none-eabi/bin/../lib/gcc/arm-none-eabi/12.3.1/thumb/v6-m/nofp/crtbegin.o
 .text.__do_global_dtors_aux
                0x000008ac       0x2c /home/ismet/Documents/KON309/NXP/Compiler/arm-gnu-toolchain-12.3.rel1-x86_64-arm-none-eabi/bin/../lib/gcc/arm-none-eabi/12.3.1/thumb/v6-m/nofp/crtbegin.o
 .text.frame_dummy
                0x000008d8       0x24 /home/ismet/Documents/KON309/NXP/Compiler/arm-gnu-toolchain-12.3.rel1-x86_64-arm-none-eabi/bin/../lib/gcc/arm-none-eabi/12.3.1/thumb/v6-m/nofp/crtbegin.o
 .text.clock_init
                0x000008fc       0x58 build/main.o
                0x000008fc                clock_init
 .text.SysTick_Handler
                0x00000954       0x14 build/main.o
                0x00000954                SysTick_Handler
 .text.delay_ms
                0x00000968       0x10 build/main.o
                0x00000968                delay_ms
 .text.startup.main
                0x00000978      0x1a0 build/main.o
                0x00000978                main
 .text.SystemCoreClockUpdate
                0x00000b18       0x90 build/system_LPC824.o
                0x00000b18                SystemCoreClockUpdate
 .text.SystemInitHook
                0x00000ba8        0x2 build/system_LPC824.o
                0x00000ba8                SystemInitHook
 *fill*         0x00000baa        0x2 
 .text.SystemInit
                0x00000bac       0x24 build/system_LPC824.o
                0x00000bac                SystemInit
 .text.SDK_Malloc
                0x00000bd0       0x44 build/fsl_common.o
                0x00000bd0                SDK_Malloc
 .text.SDK_Free
                0x00000c14       0x1c build/fsl_common.o
                0x00000c14                SDK_Free
 .text.SDK_DelayAtLeastUs
                0x00000c30       0x28 build/fsl_common_arm.o
                0x00000c30                SDK_DelayAtLeastUs
 .text.GPIO_PortInit
                0x00000c58       0x18 build/fsl_gpio.o
                0x00000c58                GPIO_PortInit
 .text.GPIO_PinInit
                0x00000c70       0x4c build/fsl_gpio.o
                0x00000c70                GPIO_PinInit
 .text.POWER_EnterSleep
                0x00000cbc       0x2c build/fsl_power.o
                0x00000cbc                POWER_EnterSleep
 .text.POWER_EnterDeepSleep
                0x00000ce8       0x48 build/fsl_power.o
                0x00000ce8                POWER_EnterDeepSleep
 .text.POWER_EnterPowerDown
                0x00000d30       0x48 build/fsl_power.o
                0x00000d30                POWER_EnterPowerDown
 .text.POWER_EnterDeepPowerDownMode
                0x00000d78       0x34 build/fsl_power.o
                0x00000d78                POWER_EnterDeepPowerDownMode
 .text.EnableDeepSleepIRQ
                0x00000dac       0x44 build/fsl_power.o
                0x00000dac                EnableDeepSleepIRQ
 .text.DisableDeepSleepIRQ
                0x00000df0       0x44 build/fsl_power.o
                0x00000df0                DisableDeepSleepIRQ
 .text.RESET_PeripheralReset
                0x00000e34       0x18 build/fsl_reset.o
                0x00000e34                RESET_PeripheralReset
 .text.SWM_SetMovablePinSelect
                0x00000e4c       0x1e build/fsl_swm.o
                0x00000e4c                SWM_SetMovablePinSelect
 .text.SWM_SetFixedPinSelect
                0x00000e6a       0x24 build/fsl_swm.o
                0x00000e6a                SWM_SetFixedPinSelect
 *fill*         0x00000e8e        0x2 
 .text.__muldi3
                0x00000e90       0x5c /home/ismet/Documents/KON309/NXP/Compiler/arm-gnu-toolchain-12.3.rel1-x86_64-arm-none-eabi/bin/../lib/gcc/arm-none-eabi/12.3.1/thumb/v6-m/nofp/libgcc.a(_muldi3.o)
                0x00000e90                __aeabi_lmul
                0x00000e90                __muldi3
 .text.__udivmoddi4
                0x00000eec      0x198 /home/ismet/Documents/KON309/NXP/Compiler/arm-gnu-toolchain-12.3.rel1-x86_64-arm-none-eabi/bin/../lib/gcc/arm-none-eabi/12.3.1/thumb/v6-m/nofp/libgcc.a(_udivmoddi4.o)
                0x00000eec                __udivmoddi4
 .text.exit     0x00001084       0x28 /home/ismet/Documents/KON309/NXP/Compiler/arm-gnu-toolchain-12.3.rel1-x86_64-arm-none-eabi/bin/../lib/gcc/arm-none-eabi/12.3.1/../../../../arm-none-eabi/lib/thumb/v6-m/nofp/libc_nano.a(libc_a-exit.o)
                0x00001084                exit
 .text.__libc_init_array
                0x000010ac       0x48 /home/ismet/Documents/KON309/NXP/Compiler/arm-gnu-toolchain-12.3.rel1-x86_64-arm-none-eabi/bin/../lib/gcc/arm-none-eabi/12.3.1/../../../../arm-none-eabi/lib/thumb/v6-m/nofp/libc_nano.a(libc_a-init.o)
                0x000010ac                __libc_init_array
 .text.malloc   0x000010f4       0x14 /home/ismet/Documents/KON309/NXP/Compiler/arm-gnu-toolchain-12.3.rel1-x86_64-arm-none-eabi/bin/../lib/gcc/arm-none-eabi/12.3.1/../../../../arm-none-eabi/lib/thumb/v6-m/nofp/libc_nano.a(libc_a-malloc.o)
                0x000010f4                malloc
 .text.free     0x00001108       0x14 /home/ismet/Documents/KON309/NXP/Compiler/arm-gnu-toolchain-12.3.rel1-x86_64-arm-none-eabi/bin/../lib/gcc/arm-none-eabi/12.3.1/../../../../arm-none-eabi/lib/thumb/v6-m/nofp/libc_nano.a(libc_a-malloc.o)
                0x00001108                free
 .text.sbrk_aligned
                0x0000111c       0x44 /home/ismet/Documents/KON309/NXP/Compiler/arm-gnu-toolchain-12.3.rel1-x86_64-arm-none-eabi/bin/../lib/gcc/arm-none-eabi/12.3.1/../../../../arm-none-eabi/lib/thumb/v6-m/nofp/libc_nano.a(libc_a-mallocr.o)
 .text._malloc_r
                0x00001160      0x100 /home/ismet/Documents/KON309/NXP/Compiler/arm-gnu-toolchain-12.3.rel1-x86_64-arm-none-eabi/bin/../lib/gcc/arm-none-eabi/12.3.1/../../../../arm-none-eabi/lib/thumb/v6-m/nofp/libc_nano.a(libc_a-mallocr.o)
                0x00001160                _malloc_r
 .text.std      0x00001260       0x6c /home/ismet/Documents/KON309/NXP/Compiler/arm-gnu-toolchain-12.3.rel1-x86_64-arm-none-eabi/bin/../lib/gcc/arm-none-eabi/12.3.1/../../../../arm-none-eabi/lib/thumb/v6-m/nofp/libc_nano.a(libc_a-findfp.o)
 .text.stdio_exit_handler
                0x000012cc       0x1c /home/ismet/Documents/KON309/NXP/Compiler/arm-gnu-toolchain-12.3.rel1-x86_64-arm-none-eabi/bin/../lib/gcc/arm-none-eabi/12.3.1/../../../../arm-none-eabi/lib/thumb/v6-m/nofp/libc_nano.a(libc_a-findfp.o)
 .text.cleanup_stdio
                0x000012e8       0x3c /home/ismet/Documents/KON309/NXP/Compiler/arm-gnu-toolchain-12.3.rel1-x86_64-arm-none-eabi/bin/../lib/gcc/arm-none-eabi/12.3.1/../../../../arm-none-eabi/lib/thumb/v6-m/nofp/libc_nano.a(libc_a-findfp.o)
 .text.__fp_lock
                0x00001324       0x18 /home/ismet/Documents/KON309/NXP/Compiler/arm-gnu-toolchain-12.3.rel1-x86_64-arm-none-eabi/bin/../lib/gcc/arm-none-eabi/12.3.1/../../../../arm-none-eabi/lib/thumb/v6-m/nofp/libc_nano.a(libc_a-findfp.o)
 .text.__fp_unlock
                0x0000133c       0x18 /home/ismet/Documents/KON309/NXP/Compiler/arm-gnu-toolchain-12.3.rel1-x86_64-arm-none-eabi/bin/../lib/gcc/arm-none-eabi/12.3.1/../../../../arm-none-eabi/lib/thumb/v6-m/nofp/libc_nano.a(libc_a-findfp.o)
 .text.global_stdio_init.part.0
                0x00001354       0x3c /home/ismet/Documents/KON309/NXP/Compiler/arm-gnu-toolchain-12.3.rel1-x86_64-arm-none-eabi/bin/../lib/gcc/arm-none-eabi/12.3.1/../../../../arm-none-eabi/lib/thumb/v6-m/nofp/libc_nano.a(libc_a-findfp.o)
 .text.__sfp_lock_acquire
                0x00001390       0x10 /home/ismet/Documents/KON309/NXP/Compiler/arm-gnu-toolchain-12.3.rel1-x86_64-arm-none-eabi/bin/../lib/gcc/arm-none-eabi/12.3.1/../../../../arm-none-eabi/lib/thumb/v6-m/nofp/libc_nano.a(libc_a-findfp.o)
                0x00001390                __sfp_lock_acquire
 .text.__sfp_lock_release
                0x000013a0       0x10 /home/ismet/Documents/KON309/NXP/Compiler/arm-gnu-toolchain-12.3.rel1-x86_64-arm-none-eabi/bin/../lib/gcc/arm-none-eabi/12.3.1/../../../../arm-none-eabi/lib/thumb/v6-m/nofp/libc_nano.a(libc_a-findfp.o)
                0x000013a0                __sfp_lock_release
 .text.__sfp    0x000013b0       0xa8 /home/ismet/Documents/KON309/NXP/Compiler/arm-gnu-toolchain-12.3.rel1-x86_64-arm-none-eabi/bin/../lib/gcc/arm-none-eabi/12.3.1/../../../../arm-none-eabi/lib/thumb/v6-m/nofp/libc_nano.a(libc_a-findfp.o)
                0x000013b0                __sfp
 .text.__sinit  0x00001458       0x30 /home/ismet/Documents/KON309/NXP/Compiler/arm-gnu-toolchain-12.3.rel1-x86_64-arm-none-eabi/bin/../lib/gcc/arm-none-eabi/12.3.1/../../../../arm-none-eabi/lib/thumb/v6-m/nofp/libc_nano.a(libc_a-findfp.o)
                0x00001458                __sinit
 .text.__fp_lock_all
                0x00001488       0x1c /home/ismet/Documents/KON309/NXP/Compiler/arm-gnu-toolchain-12.3.rel1-x86_64-arm-none-eabi/bin/../lib/gcc/arm-none-eabi/12.3.1/../../../../arm-none-eabi/lib/thumb/v6-m/nofp/libc_nano.a(libc_a-findfp.o)
                0x00001488                __fp_lock_all
 .text.__fp_unlock_all
                0x000014a4       0x1c /home/ismet/Documents/KON309/NXP/Compiler/arm-gnu-toolchain-12.3.rel1-x86_64-arm-none-eabi/bin/../lib/gcc/arm-none-eabi/12.3.1/../../../../arm-none-eabi/lib/thumb/v6-m/nofp/libc_nano.a(libc_a-findfp.o)
                0x000014a4                __fp_unlock_all
 .text.__sread  0x000014c0       0x28 /home/ismet/Documents/KON309/NXP/Compiler/arm-gnu-toolchain-12.3.rel1-x86_64-arm-none-eabi/bin/../lib/gcc/arm-none-eabi/12.3.1/../../../../arm-none-eabi/lib/thumb/v6-m/nofp/libc_nano.a(libc_a-stdio.o)
                0x000014c0                __sread
 .text.__seofread
                0x000014e8        0x4 /home/ismet/Documents/KON309/NXP/Compiler/arm-gnu-toolchain-12.3.rel1-x86_64-arm-none-eabi/bin/../lib/gcc/arm-none-eabi/12.3.1/../../../../arm-none-eabi/lib/thumb/v6-m/nofp/libc_nano.a(libc_a-stdio.o)
                0x000014e8                __seofread
 .text.__swrite
                0x000014ec       0x38 /home/ismet/Documents/KON309/NXP/Compiler/arm-gnu-toolchain-12.3.rel1-x86_64-arm-none-eabi/bin/../lib/gcc/arm-none-eabi/12.3.1/../../../../arm-none-eabi/lib/thumb/v6-m/nofp/libc_nano.a(libc_a-stdio.o)
                0x000014ec                __swrite
 .text.__sseek  0x00001524       0x2c /home/ismet/Documents/KON309/NXP/Compiler/arm-gnu-toolchain-12.3.rel1-x86_64-arm-none-eabi/bin/../lib/gcc/arm-none-eabi/12.3.1/../../../../arm-none-eabi/lib/thumb/v6-m/nofp/libc_nano.a(libc_a-stdio.o)
                0x00001524                __sseek
 .text.__sclose
                0x00001550        0xc /home/ismet/Documents/KON309/NXP/Compiler/arm-gnu-toolchain-12.3.rel1-x86_64-arm-none-eabi/bin/../lib/gcc/arm-none-eabi/12.3.1/../../../../arm-none-eabi/lib/thumb/v6-m/nofp/libc_nano.a(libc_a-stdio.o)
                0x00001550                __sclose
 .text.__malloc_lock
                0x0000155c       0x10 /home/ismet/Documents/KON309/NXP/Compiler/arm-gnu-toolchain-12.3.rel1-x86_64-arm-none-eabi/bin/../lib/gcc/arm-none-eabi/12.3.1/../../../../arm-none-eabi/lib/thumb/v6-m/nofp/libc_nano.a(libc_a-mlock.o)
                0x0000155c                __malloc_lock
 .text.__malloc_unlock
                0x0000156c       0x10 /home/ismet/Documents/KON309/NXP/Compiler/arm-gnu-toolchain-12.3.rel1-x86_64-arm-none-eabi/bin/../lib/gcc/arm-none-eabi/12.3.1/../../../../arm-none-eabi/lib/thumb/v6-m/nofp/libc_nano.a(libc_a-mlock.o)
                0x0000156c                __malloc_unlock
 .text._sbrk_r  0x0000157c       0x24 /home/ismet/Documents/KON309/NXP/Compiler/arm-gnu-toolchain-12.3.rel1-x86_64-arm-none-eabi/bin/../lib/gcc/arm-none-eabi/12.3.1/../../../../arm-none-eabi/lib/thumb/v6-m/nofp/libc_nano.a(libc_a-sbrkr.o)
                0x0000157c                _sbrk_r
 .text._write_r
                0x000015a0       0x28 /home/ismet/Documents/KON309/NXP/Compiler/arm-gnu-toolchain-12.3.rel1-x86_64-arm-none-eabi/bin/../lib/gcc/arm-none-eabi/12.3.1/../../../../arm-none-eabi/lib/thumb/v6-m/nofp/libc_nano.a(libc_a-writer.o)
                0x000015a0                _write_r
 .text._fwalk_sglue
                0x000015c8       0x38 /home/ismet/Documents/KON309/NXP/Compiler/arm-gnu-toolchain-12.3.rel1-x86_64-arm-none-eabi/bin/../lib/gcc/arm-none-eabi/12.3.1/../../../../arm-none-eabi/lib/thumb/v6-m/nofp/libc_nano.a(libc_a-fwalk.o)
                0x000015c8                _fwalk_sglue
 .text.memset   0x00001600       0x10 /home/ismet/Documents/KON309/NXP/Compiler/arm-gnu-toolchain-12.3.rel1-x86_64-arm-none-eabi/bin/../lib/gcc/arm-none-eabi/12.3.1/../../../../arm-none-eabi/lib/thumb/v6-m/nofp/libc_nano.a(libc_a-memset.o)
                0x00001600                memset
 .text._free_r  0x00001610       0x94 /home/ismet/Documents/KON309/NXP/Compiler/arm-gnu-toolchain-12.3.rel1-x86_64-arm-none-eabi/bin/../lib/gcc/arm-none-eabi/12.3.1/../../../../arm-none-eabi/lib/thumb/v6-m/nofp/libc_nano.a(libc_a-freer.o)
                0x00001610                _free_r
 .text.__retarget_lock_init
                0x000016a4        0x2 /home/ismet/Documents/KON309/NXP/Compiler/arm-gnu-toolchain-12.3.rel1-x86_64-arm-none-eabi/bin/../lib/gcc/arm-none-eabi/12.3.1/../../../../arm-none-eabi/lib/thumb/v6-m/nofp/libc_nano.a(libc_a-lock.o)
                0x000016a4                __retarget_lock_init
 .text.__retarget_lock_init_recursive
                0x000016a6        0x2 /home/ismet/Documents/KON309/NXP/Compiler/arm-gnu-toolchain-12.3.rel1-x86_64-arm-none-eabi/bin/../lib/gcc/arm-none-eabi/12.3.1/../../../../arm-none-eabi/lib/thumb/v6-m/nofp/libc_nano.a(libc_a-lock.o)
                0x000016a6                __retarget_lock_init_recursive
 .text.__retarget_lock_close
                0x000016a8        0x2 /home/ismet/Documents/KON309/NXP/Compiler/arm-gnu-toolchain-12.3.rel1-x86_64-arm-none-eabi/bin/../lib/gcc/arm-none-eabi/12.3.1/../../../../arm-none-eabi/lib/thumb/v6-m/nofp/libc_nano.a(libc_a-lock.o)
                0x000016a8                __retarget_lock_close
 .text.__retarget_lock_close_recursive
                0x000016aa        0x2 /home/ismet/Documents/KON309/NXP/Compiler/arm-gnu-toolchain-12.3.rel1-x86_64-arm-none-eabi/bin/../lib/gcc/arm-none-eabi/12.3.1/../../../../arm-none-eabi/lib/thumb/v6-m/nofp/libc_nano.a(libc_a-lock.o)
                0x000016aa                __retarget_lock_close_recursive
 .text.__retarget_lock_acquire
                0x000016ac        0x2 /home/ismet/Documents/KON309/NXP/Compiler/arm-gnu-toolchain-12.3.rel1-x86_64-arm-none-eabi/bin/../lib/gcc/arm-none-eabi/12.3.1/../../../../arm-none-eabi/lib/thumb/v6-m/nofp/libc_nano.a(libc_a-lock.o)
                0x000016ac                __retarget_lock_acquire
 .text.__retarget_lock_acquire_recursive
                0x000016ae        0x2 /home/ismet/Documents/KON309/NXP/Compiler/arm-gnu-toolchain-12.3.rel1-x86_64-arm-none-eabi/bin/../lib/gcc/arm-none-eabi/12.3.1/../../../../arm-none-eabi/lib/thumb/v6-m/nofp/libc_nano.a(libc_a-lock.o)
                0x000016ae                __retarget_lock_acquire_recursive
 .text.__retarget_lock_try_acquire
                0x000016b0        0x4 /home/ismet/Documents/KON309/NXP/Compiler/arm-gnu-toolchain-12.3.rel1-x86_64-arm-none-eabi/bin/../lib/gcc/arm-none-eabi/12.3.1/../../../../arm-none-eabi/lib/thumb/v6-m/nofp/libc_nano.a(libc_a-lock.o)
                0x000016b0                __retarget_lock_try_acquire
 .text.__retarget_lock_try_acquire_recursive
                0x000016b4        0x4 /home/ismet/Documents/KON309/NXP/Compiler/arm-gnu-toolchain-12.3.rel1-x86_64-arm-none-eabi/bin/../lib/gcc/arm-none-eabi/12.3.1/../../../../arm-none-eabi/lib/thumb/v6-m/nofp/libc_nano.a(libc_a-lock.o)
                0x000016b4                __retarget_lock_try_acquire_recursive
 .text.__retarget_lock_release
                0x000016b8        0x2 /home/ismet/Documents/KON309/NXP/Compiler/arm-gnu-toolchain-12.3.rel1-x86_64-arm-none-eabi/bin/../lib/gcc/arm-none-eabi/12.3.1/../../../../arm-none-eabi/lib/thumb/v6-m/nofp/libc_nano.a(libc_a-lock.o)
                0x000016b8                __retarget_lock_release
 .text.__retarget_lock_release_recursive
                0x000016ba        0x2 /home/ismet/Documents/KON309/NXP/Compiler/arm-gnu-toolchain-12.3.rel1-x86_64-arm-none-eabi/bin/../lib/gcc/arm-none-eabi/12.3.1/../../../../arm-none-eabi/lib/thumb/v6-m/nofp/libc_nano.a(libc_a-lock.o)
                0x000016ba                __retarget_lock_release_recursive
 .text._close_r
                0x000016bc       0x24 /home/ismet/Documents/KON309/NXP/Compiler/arm-gnu-toolchain-12.3.rel1-x86_64-arm-none-eabi/bin/../lib/gcc/arm-none-eabi/12.3.1/../../../../arm-none-eabi/lib/thumb/v6-m/nofp/libc_nano.a(libc_a-closer.o)
                0x000016bc                _close_r
 .text._reclaim_reent
                0x000016e0       0xc0 /home/ismet/Documents/KON309/NXP/Compiler/arm-gnu-toolchain-12.3.rel1-x86_64-arm-none-eabi/bin/../lib/gcc/arm-none-eabi/12.3.1/../../../../arm-none-eabi/lib/thumb/v6-m/nofp/libc_nano.a(libc_a-reent.o)
                0x000016e0                _reclaim_reent
 .text.__sflush_r
                0x000017a0      0x11c /home/ismet/Documents/KON309/NXP/Compiler/arm-gnu-toolchain-12.3.rel1-x86_64-arm-none-eabi/bin/../lib/gcc/arm-none-eabi/12.3.1/../../../../arm-none-eabi/lib/thumb/v6-m/nofp/libc_nano.a(libc_a-fflush.o)
                0x000017a0                __sflush_r
 .text._fflush_r
                0x000018bc       0x56 /home/ismet/Documents/KON309/NXP/Compiler/arm-gnu-toolchain-12.3.rel1-x86_64-arm-none-eabi/bin/../lib/gcc/arm-none-eabi/12.3.1/../../../../arm-none-eabi/lib/thumb/v6-m/nofp/libc_nano.a(libc_a-fflush.o)
                0x000018bc                _fflush_r
 *fill*         0x00001912        0x2 
 .text.fflush   0x00001914       0x30 /home/ismet/Documents/KON309/NXP/Compiler/arm-gnu-toolchain-12.3.rel1-x86_64-arm-none-eabi/bin/../lib/gcc/arm-none-eabi/12.3.1/../../../../arm-none-eabi/lib/thumb/v6-m/nofp/libc_nano.a(libc_a-fflush.o)
                0x00001914                fflush
 .text._lseek_r
                0x00001944       0x28 /home/ismet/Documents/KON309/NXP/Compiler/arm-gnu-toolchain-12.3.rel1-x86_64-arm-none-eabi/bin/../lib/gcc/arm-none-eabi/12.3.1/../../../../arm-none-eabi/lib/thumb/v6-m/nofp/libc_nano.a(libc_a-lseekr.o)
                0x00001944                _lseek_r
 .text._read_r  0x0000196c       0x28 /home/ismet/Documents/KON309/NXP/Compiler/arm-gnu-toolchain-12.3.rel1-x86_64-arm-none-eabi/bin/../lib/gcc/arm-none-eabi/12.3.1/../../../../arm-none-eabi/lib/thumb/v6-m/nofp/libc_nano.a(libc_a-readr.o)
                0x0000196c                _read_r
 .text._close   0x00001994       0x10 /home/ismet/Documents/KON309/NXP/Compiler/arm-gnu-toolchain-12.3.rel1-x86_64-arm-none-eabi/bin/../lib/gcc/arm-none-eabi/12.3.1/../../../../arm-none-eabi/lib/thumb/v6-m/nofp/libnosys.a(close.o)
                0x00001994                _close
 .text._lseek   0x000019a4       0x10 /home/ismet/Documents/KON309/NXP/Compiler/arm-gnu-toolchain-12.3.rel1-x86_64-arm-none-eabi/bin/../lib/gcc/arm-none-eabi/12.3.1/../../../../arm-none-eabi/lib/thumb/v6-m/nofp/libnosys.a(lseek.o)
                0x000019a4                _lseek
 .text._read    0x000019b4       0x10 /home/ismet/Documents/KON309/NXP/Compiler/arm-gnu-toolchain-12.3.rel1-x86_64-arm-none-eabi/bin/../lib/gcc/arm-none-eabi/12.3.1/../../../../arm-none-eabi/lib/thumb/v6-m/nofp/libnosys.a(read.o)
                0x000019b4                _read
 .text._sbrk    0x000019c4       0x1c /home/ismet/Documents/KON309/NXP/Compiler/arm-gnu-toolchain-12.3.rel1-x86_64-arm-none-eabi/bin/../lib/gcc/arm-none-eabi/12.3.1/../../../../arm-none-eabi/lib/thumb/v6-m/nofp/libnosys.a(sbrk.o)
                0x000019c4                _sbrk
 .text._write   0x000019e0       0x10 /home/ismet/Documents/KON309/NXP/Compiler/arm-gnu-toolchain-12.3.rel1-x86_64-arm-none-eabi/bin/../lib/gcc/arm-none-eabi/12.3.1/../../../../arm-none-eabi/lib/thumb/v6-m/nofp/libnosys.a(write.o)
                0x000019e0                _write
 .text._exit    0x000019f0        0x4 /home/ismet/Documents/KON309/NXP/Compiler/arm-gnu-toolchain-12.3.rel1-x86_64-arm-none-eabi/bin/../lib/gcc/arm-none-eabi/12.3.1/../../../../arm-none-eabi/lib/thumb/v6-m/nofp/libnosys.a(_exit.o)
                0x000019f0                _exit
 *(.rodata)
 *(.rodata*)
 .rodata.all_implied_fbits
                0x000019f4       0x24 /home/ismet/Documents/KON309/NXP/Compiler/arm-gnu-toolchain-12.3.rel1-x86_64-arm-none-eabi/bin/../lib/gcc/arm-none-eabi/12.3.1/thumb/v6-m/nofp/crtbegin.o
 .rodata.CSWTCH.5
                0x00001a18       0x3c build/system_LPC824.o
 .rodata.all_implied_fbits
                0x00001a54       0x24 /home/ismet/Documents/KON309/NXP/Compiler/arm-gnu-toolchain-12.3.rel1-x86_64-arm-none-eabi/bin/../lib/gcc/arm-none-eabi/12.3.1/thumb/v6-m/nofp/crtend.o
 *(.glue_7)
 .glue_7        0x00001a78        0x0 linker stubs
 *(.glue_7t)
 .glue_7t       0x00001a78        0x0 linker stubs
 *(.eh_frame)
 .eh_frame      0x00001a78        0x0 /home/ismet/Documents/KON309/NXP/Compiler/arm-gnu-toolchain-12.3.rel1-x86_64-arm-none-eabi/bin/../lib/gcc/arm-none-eabi/12.3.1/thumb/v6-m/nofp/crtbegin.o
 .eh_frame      0x00001a78        0x4 /home/ismet/Documents/KON309/NXP/Compiler/arm-gnu-toolchain-12.3.rel1-x86_64-arm-none-eabi/bin/../lib/gcc/arm-none-eabi/12.3.1/thumb/v6-m/nofp/crtend.o
 *(.init)
 .init          0x00001a7c        0x4 /home/ismet/Documents/KON309/NXP/Compiler/arm-gnu-toolchain-12.3.rel1-x86_64-arm-none-eabi/bin/../lib/gcc/arm-none-eabi/12.3.1/thumb/v6-m/nofp/crti.o
                0x00001a7c                _init
 .init          0x00001a80        0x8 /home/ismet/Documents/KON309/NXP/Compiler/arm-gnu-toolchain-12.3.rel1-x86_64-arm-none-eabi/bin/../lib/gcc/arm-none-eabi/12.3.1/thumb/v6-m/nofp/crtn.o
 *(.fini)
 .fini          0x00001a88        0x4 /home/ismet/Documents/KON309/NXP/Compiler/arm-gnu-toolchain-12.3.rel1-x86_64-arm-none-eabi/bin/../lib/gcc/arm-none-eabi/12.3.1/thumb/v6-m/nofp/crti.o
                0x00001a88                _fini
 .fini          0x00001a8c        0x8 /home/ismet/Documents/KON309/NXP/Compiler/arm-gnu-toolchain-12.3.rel1-x86_64-arm-none-eabi/bin/../lib/gcc/arm-none-eabi/12.3.1/thumb/v6-m/nofp/crtn.o
                0x00001a94                        . = ALIGN (0x4)

.vfp11_veneer   0x00001a94        0x0
 .vfp11_veneer  0x00001a94        0x0 linker stubs

.v4_bx          0x00001a94        0x0
 .v4_bx         0x00001a94        0x0 linker stubs

.iplt           0x00001a94        0x0
 .iplt          0x00001a94        0x0 /home/ismet/Documents/KON309/NXP/Compiler/arm-gnu-toolchain-12.3.rel1-x86_64-arm-none-eabi/bin/../lib/gcc/arm-none-eabi/12.3.1/thumb/v6-m/nofp/crtbegin.o

.ARM.extab      0x00001a94        0x0
 *(.ARM.extab* .gnu.linkonce.armextab.*)
 .ARM.extab     0x00001a94        0x0 /home/ismet/Documents/KON309/NXP/Compiler/arm-gnu-toolchain-12.3.rel1-x86_64-arm-none-eabi/bin/../lib/gcc/arm-none-eabi/12.3.1/../../../../arm-none-eabi/lib/thumb/v6-m/nofp/crt0.o
 .ARM.extab.text.__udivmoddi4
                0x00001a94        0x0 /home/ismet/Documents/KON309/NXP/Compiler/arm-gnu-toolchain-12.3.rel1-x86_64-arm-none-eabi/bin/../lib/gcc/arm-none-eabi/12.3.1/thumb/v6-m/nofp/libgcc.a(_udivmoddi4.o)

.ARM            0x00001a94        0x8
                0x00001a94                        __exidx_start = .
 *(.ARM.exidx*)
 .ARM.exidx     0x00001a94        0x8 /home/ismet/Documents/KON309/NXP/Compiler/arm-gnu-toolchain-12.3.rel1-x86_64-arm-none-eabi/bin/../lib/gcc/arm-none-eabi/12.3.1/../../../../arm-none-eabi/lib/thumb/v6-m/nofp/crt0.o
                                 0x10 (size before relaxing)
 .ARM.exidx.text.__udivmoddi4
                0x00001a9c        0x0 /home/ismet/Documents/KON309/NXP/Compiler/arm-gnu-toolchain-12.3.rel1-x86_64-arm-none-eabi/bin/../lib/gcc/arm-none-eabi/12.3.1/thumb/v6-m/nofp/libgcc.a(_udivmoddi4.o)
                                  0x8 (size before relaxing)
                0x00001a9c                        __exidx_end = .

.rel.dyn        0x00001a9c        0x0
 .rel.iplt      0x00001a9c        0x0 /home/ismet/Documents/KON309/NXP/Compiler/arm-gnu-toolchain-12.3.rel1-x86_64-arm-none-eabi/bin/../lib/gcc/arm-none-eabi/12.3.1/thumb/v6-m/nofp/crtbegin.o

.ctors          0x00001a9c        0x0
                0x00001a9c                        __CTOR_LIST__ = .
 *crtbegin.o(.ctors)
 *crtbegin?.o(.ctors)
 *(EXCLUDE_FILE(*crtend.o *crtend?.o) .ctors)
 *(SORT_BY_NAME(.ctors.*))
 *(.ctors)
                0x00001a9c                        __CTOR_END__ = .

.dtors          0x00001a9c        0x0
                0x00001a9c                        __DTOR_LIST__ = .
 *crtbegin.o(.dtors)
 *crtbegin?.o(.dtors)
 *(EXCLUDE_FILE(*crtend.o *crtend?.o) .dtors)
 *(SORT_BY_NAME(.dtors.*))
 *(.dtors)
                0x00001a9c                        __DTOR_END__ = .

.preinit_array  0x00001a9c        0x0
                0x00001a9c                        PROVIDE (__preinit_array_start = .)
 *(.preinit_array*)
                0x00001a9c                        PROVIDE (__preinit_array_end = .)

.init_array     0x00001a9c        0x4
                0x00001a9c                        PROVIDE (__init_array_start = .)
 *(SORT_BY_NAME(.init_array.*))
 *(.init_array*)
 .init_array    0x00001a9c        0x4 /home/ismet/Documents/KON309/NXP/Compiler/arm-gnu-toolchain-12.3.rel1-x86_64-arm-none-eabi/bin/../lib/gcc/arm-none-eabi/12.3.1/thumb/v6-m/nofp/crtbegin.o
                0x00001aa0                        PROVIDE (__init_array_end = .)

.fini_array     0x00001aa0        0x4
                [!provide]                        PROVIDE (__fini_array_start = .)
 *(SORT_BY_NAME(.fini_array.*))
 *(.fini_array*)
 .fini_array    0x00001aa0        0x4 /home/ismet/Documents/KON309/NXP/Compiler/arm-gnu-toolchain-12.3.rel1-x86_64-arm-none-eabi/bin/../lib/gcc/arm-none-eabi/12.3.1/thumb/v6-m/nofp/crtbegin.o
                [!provide]                        PROVIDE (__fini_array_end = .)
                0x00001aa4                        __etext = .
                0x00001aa4                        __DATA_ROM = .

.data           0x10000000       0x64 load address 0x00001aa4
                0x10000000                        . = ALIGN (0x4)
                0x10000000                        __DATA_RAM = .
                0x10000000                        __data_start__ = .
 *(.ramfunc*)
 *(.data)
 .data          0x10000000        0x0 /home/ismet/Documents/KON309/NXP/Compiler/arm-gnu-toolchain-12.3.rel1-x86_64-arm-none-eabi/bin/../lib/gcc/arm-none-eabi/12.3.1/thumb/v6-m/nofp/crti.o
 .data          0x10000000        0x0 /home/ismet/Documents/KON309/NXP/Compiler/arm-gnu-toolchain-12.3.rel1-x86_64-arm-none-eabi/bin/../lib/gcc/arm-none-eabi/12.3.1/thumb/v6-m/nofp/crtbegin.o
 .data          0x10000000        0x0 /home/ismet/Documents/KON309/NXP/Compiler/arm-gnu-toolchain-12.3.rel1-x86_64-arm-none-eabi/bin/../lib/gcc/arm-none-eabi/12.3.1/../../../../arm-none-eabi/lib/thumb/v6-m/nofp/crt0.o
 .data          0x10000000        0x0 build/main.o
 .data          0x10000000        0x0 build/system_LPC824.o
 .data          0x10000000        0x0 build/fsl_common.o
 .data          0x10000000        0x0 build/fsl_common_arm.o
 .data          0x10000000        0x0 build/fsl_gpio.o
 .data          0x10000000        0x0 build/fsl_power.o
 .data          0x10000000        0x0 build/fsl_reset.o
 .data          0x10000000        0x0 build/fsl_swm.o
 .data          0x10000000        0x0 build/startup_LPC824.o
 .data          0x10000000        0x0 /home/ismet/Documents/KON309/NXP/Compiler/arm-gnu-toolchain-12.3.rel1-x86_64-arm-none-eabi/bin/../lib/gcc/arm-none-eabi/12.3.1/thumb/v6-m/nofp/libgcc.a(_udivsi3.o)
 .data          0x10000000        0x0 /home/ismet/Documents/KON309/NXP/Compiler/arm-gnu-toolchain-12.3.rel1-x86_64-arm-none-eabi/bin/../lib/gcc/arm-none-eabi/12.3.1/thumb/v6-m/nofp/libgcc.a(_divsi3.o)
 .data          0x10000000        0x0 /home/ismet/Documents/KON309/NXP/Compiler/arm-gnu-toolchain-12.3.rel1-x86_64-arm-none-eabi/bin/../lib/gcc/arm-none-eabi/12.3.1/thumb/v6-m/nofp/libgcc.a(_dvmd_tls.o)
 .data          0x10000000        0x0 /home/ismet/Documents/KON309/NXP/Compiler/arm-gnu-toolchain-12.3.rel1-x86_64-arm-none-eabi/bin/../lib/gcc/arm-none-eabi/12.3.1/thumb/v6-m/nofp/libgcc.a(_aeabi_uldivmod.o)
 .data          0x10000000        0x0 /home/ismet/Documents/KON309/NXP/Compiler/arm-gnu-toolchain-12.3.rel1-x86_64-arm-none-eabi/bin/../lib/gcc/arm-none-eabi/12.3.1/thumb/v6-m/nofp/libgcc.a(_muldi3.o)
 .data          0x10000000        0x0 /home/ismet/Documents/KON309/NXP/Compiler/arm-gnu-toolchain-12.3.rel1-x86_64-arm-none-eabi/bin/../lib/gcc/arm-none-eabi/12.3.1/thumb/v6-m/nofp/libgcc.a(_udivmoddi4.o)
 .data          0x10000000        0x0 /home/ismet/Documents/KON309/NXP/Compiler/arm-gnu-toolchain-12.3.rel1-x86_64-arm-none-eabi/bin/../lib/gcc/arm-none-eabi/12.3.1/thumb/v6-m/nofp/libgcc.a(_clzdi2.o)
 .data          0x10000000        0x0 /home/ismet/Documents/KON309/NXP/Compiler/arm-gnu-toolchain-12.3.rel1-x86_64-arm-none-eabi/bin/../lib/gcc/arm-none-eabi/12.3.1/thumb/v6-m/nofp/libgcc.a(_clzsi2.o)
 .data          0x10000000        0x0 /home/ismet/Documents/KON309/NXP/Compiler/arm-gnu-toolchain-12.3.rel1-x86_64-arm-none-eabi/bin/../lib/gcc/arm-none-eabi/12.3.1/../../../../arm-none-eabi/lib/thumb/v6-m/nofp/libc_nano.a(libc_a-exit.o)
 .data          0x10000000        0x0 /home/ismet/Documents/KON309/NXP/Compiler/arm-gnu-toolchain-12.3.rel1-x86_64-arm-none-eabi/bin/../lib/gcc/arm-none-eabi/12.3.1/../../../../arm-none-eabi/lib/thumb/v6-m/nofp/libc_nano.a(libc_a-init.o)
 .data          0x10000000        0x0 /home/ismet/Documents/KON309/NXP/Compiler/arm-gnu-toolchain-12.3.rel1-x86_64-arm-none-eabi/bin/../lib/gcc/arm-none-eabi/12.3.1/../../../../arm-none-eabi/lib/thumb/v6-m/nofp/libc_nano.a(libc_a-malloc.o)
 .data          0x10000000        0x0 /home/ismet/Documents/KON309/NXP/Compiler/arm-gnu-toolchain-12.3.rel1-x86_64-arm-none-eabi/bin/../lib/gcc/arm-none-eabi/12.3.1/../../../../arm-none-eabi/lib/thumb/v6-m/nofp/libc_nano.a(libc_a-mallocr.o)
 .data          0x10000000        0x0 /home/ismet/Documents/KON309/NXP/Compiler/arm-gnu-toolchain-12.3.rel1-x86_64-arm-none-eabi/bin/../lib/gcc/arm-none-eabi/12.3.1/../../../../arm-none-eabi/lib/thumb/v6-m/nofp/libc_nano.a(libc_a-findfp.o)
 .data          0x10000000        0x0 /home/ismet/Documents/KON309/NXP/Compiler/arm-gnu-toolchain-12.3.rel1-x86_64-arm-none-eabi/bin/../lib/gcc/arm-none-eabi/12.3.1/../../../../arm-none-eabi/lib/thumb/v6-m/nofp/libc_nano.a(libc_a-stdio.o)
 .data          0x10000000        0x0 /home/ismet/Documents/KON309/NXP/Compiler/arm-gnu-toolchain-12.3.rel1-x86_64-arm-none-eabi/bin/../lib/gcc/arm-none-eabi/12.3.1/../../../../arm-none-eabi/lib/thumb/v6-m/nofp/libc_nano.a(libc_a-mlock.o)
 .data          0x10000000        0x0 /home/ismet/Documents/KON309/NXP/Compiler/arm-gnu-toolchain-12.3.rel1-x86_64-arm-none-eabi/bin/../lib/gcc/arm-none-eabi/12.3.1/../../../../arm-none-eabi/lib/thumb/v6-m/nofp/libc_nano.a(libc_a-sbrkr.o)
 .data          0x10000000        0x0 /home/ismet/Documents/KON309/NXP/Compiler/arm-gnu-toolchain-12.3.rel1-x86_64-arm-none-eabi/bin/../lib/gcc/arm-none-eabi/12.3.1/../../../../arm-none-eabi/lib/thumb/v6-m/nofp/libc_nano.a(libc_a-writer.o)
 .data          0x10000000        0x0 /home/ismet/Documents/KON309/NXP/Compiler/arm-gnu-toolchain-12.3.rel1-x86_64-arm-none-eabi/bin/../lib/gcc/arm-none-eabi/12.3.1/../../../../arm-none-eabi/lib/thumb/v6-m/nofp/libc_nano.a(libc_a-fwalk.o)
 .data          0x10000000        0x0 /home/ismet/Documents/KON309/NXP/Compiler/arm-gnu-toolchain-12.3.rel1-x86_64-arm-none-eabi/bin/../lib/gcc/arm-none-eabi/12.3.1/../../../../arm-none-eabi/lib/thumb/v6-m/nofp/libc_nano.a(libc_a-memset.o)
 .data          0x10000000        0x0 /home/ismet/Documents/KON309/NXP/Compiler/arm-gnu-toolchain-12.3.rel1-x86_64-arm-none-eabi/bin/../lib/gcc/arm-none-eabi/12.3.1/../../../../arm-none-eabi/lib/thumb/v6-m/nofp/libc_nano.a(libc_a-freer.o)
 .data          0x10000000        0x0 /home/ismet/Documents/KON309/NXP/Compiler/arm-gnu-toolchain-12.3.rel1-x86_64-arm-none-eabi/bin/../lib/gcc/arm-none-eabi/12.3.1/../../../../arm-none-eabi/lib/thumb/v6-m/nofp/libc_nano.a(libc_a-lock.o)
 .data          0x10000000        0x0 /home/ismet/Documents/KON309/NXP/Compiler/arm-gnu-toolchain-12.3.rel1-x86_64-arm-none-eabi/bin/../lib/gcc/arm-none-eabi/12.3.1/../../../../arm-none-eabi/lib/thumb/v6-m/nofp/libc_nano.a(libc_a-closer.o)
 .data          0x10000000        0x0 /home/ismet/Documents/KON309/NXP/Compiler/arm-gnu-toolchain-12.3.rel1-x86_64-arm-none-eabi/bin/../lib/gcc/arm-none-eabi/12.3.1/../../../../arm-none-eabi/lib/thumb/v6-m/nofp/libc_nano.a(libc_a-reent.o)
 .data          0x10000000        0x0 /home/ismet/Documents/KON309/NXP/Compiler/arm-gnu-toolchain-12.3.rel1-x86_64-arm-none-eabi/bin/../lib/gcc/arm-none-eabi/12.3.1/../../../../arm-none-eabi/lib/thumb/v6-m/nofp/libc_nano.a(libc_a-impure.o)
 .data          0x10000000        0x0 /home/ismet/Documents/KON309/NXP/Compiler/arm-gnu-toolchain-12.3.rel1-x86_64-arm-none-eabi/bin/../lib/gcc/arm-none-eabi/12.3.1/../../../../arm-none-eabi/lib/thumb/v6-m/nofp/libc_nano.a(libc_a-fflush.o)
 .data          0x10000000        0x0 /home/ismet/Documents/KON309/NXP/Compiler/arm-gnu-toolchain-12.3.rel1-x86_64-arm-none-eabi/bin/../lib/gcc/arm-none-eabi/12.3.1/../../../../arm-none-eabi/lib/thumb/v6-m/nofp/libc_nano.a(libc_a-lseekr.o)
 .data          0x10000000        0x0 /home/ismet/Documents/KON309/NXP/Compiler/arm-gnu-toolchain-12.3.rel1-x86_64-arm-none-eabi/bin/../lib/gcc/arm-none-eabi/12.3.1/../../../../arm-none-eabi/lib/thumb/v6-m/nofp/libc_nano.a(libc_a-readr.o)
 .data          0x10000000        0x0 /home/ismet/Documents/KON309/NXP/Compiler/arm-gnu-toolchain-12.3.rel1-x86_64-arm-none-eabi/bin/../lib/gcc/arm-none-eabi/12.3.1/../../../../arm-none-eabi/lib/thumb/v6-m/nofp/libnosys.a(close.o)
 .data          0x10000000        0x0 /home/ismet/Documents/KON309/NXP/Compiler/arm-gnu-toolchain-12.3.rel1-x86_64-arm-none-eabi/bin/../lib/gcc/arm-none-eabi/12.3.1/../../../../arm-none-eabi/lib/thumb/v6-m/nofp/libnosys.a(lseek.o)
 .data          0x10000000        0x0 /home/ismet/Documents/KON309/NXP/Compiler/arm-gnu-toolchain-12.3.rel1-x86_64-arm-none-eabi/bin/../lib/gcc/arm-none-eabi/12.3.1/../../../../arm-none-eabi/lib/thumb/v6-m/nofp/libnosys.a(read.o)
 .data          0x10000000        0x0 /home/ismet/Documents/KON309/NXP/Compiler/arm-gnu-toolchain-12.3.rel1-x86_64-arm-none-eabi/bin/../lib/gcc/arm-none-eabi/12.3.1/../../../../arm-none-eabi/lib/thumb/v6-m/nofp/libnosys.a(sbrk.o)
 .data          0x10000000        0x0 /home/ismet/Documents/KON309/NXP/Compiler/arm-gnu-toolchain-12.3.rel1-x86_64-arm-none-eabi/bin/../lib/gcc/arm-none-eabi/12.3.1/../../../../arm-none-eabi/lib/thumb/v6-m/nofp/libnosys.a(write.o)
 .data          0x10000000        0x0 /home/ismet/Documents/KON309/NXP/Compiler/arm-gnu-toolchain-12.3.rel1-x86_64-arm-none-eabi/bin/../lib/gcc/arm-none-eabi/12.3.1/../../../../arm-none-eabi/lib/thumb/v6-m/nofp/libnosys.a(_exit.o)
 .data          0x10000000        0x0 /home/ismet/Documents/KON309/NXP/Compiler/arm-gnu-toolchain-12.3.rel1-x86_64-arm-none-eabi/bin/../lib/gcc/arm-none-eabi/12.3.1/thumb/v6-m/nofp/crtend.o
 .data          0x10000000        0x0 /home/ismet/Documents/KON309/NXP/Compiler/arm-gnu-toolchain-12.3.rel1-x86_64-arm-none-eabi/bin/../lib/gcc/arm-none-eabi/12.3.1/thumb/v6-m/nofp/crtn.o
 *(.data*)
 .data.__dso_handle
                0x10000000        0x4 /home/ismet/Documents/KON309/NXP/Compiler/arm-gnu-toolchain-12.3.rel1-x86_64-arm-none-eabi/bin/../lib/gcc/arm-none-eabi/12.3.1/thumb/v6-m/nofp/crtbegin.o
                0x10000000                __dso_handle
 .data.SystemCoreClock
                0x10000004        0x4 build/system_LPC824.o
                0x10000004                SystemCoreClock
 .data.__sglue  0x10000008        0xc /home/ismet/Documents/KON309/NXP/Compiler/arm-gnu-toolchain-12.3.rel1-x86_64-arm-none-eabi/bin/../lib/gcc/arm-none-eabi/12.3.1/../../../../arm-none-eabi/lib/thumb/v6-m/nofp/libc_nano.a(libc_a-findfp.o)
                0x10000008                __sglue
 .data._impure_ptr
                0x10000014        0x4 /home/ismet/Documents/KON309/NXP/Compiler/arm-gnu-toolchain-12.3.rel1-x86_64-arm-none-eabi/bin/../lib/gcc/arm-none-eabi/12.3.1/../../../../arm-none-eabi/lib/thumb/v6-m/nofp/libc_nano.a(libc_a-impure.o)
                0x10000014                _impure_ptr
 .data._impure_data
                0x10000018       0x4c /home/ismet/Documents/KON309/NXP/Compiler/arm-gnu-toolchain-12.3.rel1-x86_64-arm-none-eabi/bin/../lib/gcc/arm-none-eabi/12.3.1/../../../../arm-none-eabi/lib/thumb/v6-m/nofp/libc_nano.a(libc_a-impure.o)
                0x10000018                _impure_data
 *(.jcr*)
                0x10000064                        . = ALIGN (0x4)
                0x10000064                        __data_end__ = .
                0x00001b08                        __DATA_END = (__DATA_ROM + (__data_end__ - __data_start__))
                0x00008000                        text_end = (ORIGIN (m_text) + LENGTH (m_text))
                0x00000001                        ASSERT ((__DATA_END <= text_end), region m_text overflowed with text and data)

.tm_clone_table
                0x10000064        0x0 load address 0x00001b08
 .tm_clone_table
                0x10000064        0x0 /home/ismet/Documents/KON309/NXP/Compiler/arm-gnu-toolchain-12.3.rel1-x86_64-arm-none-eabi/bin/../lib/gcc/arm-none-eabi/12.3.1/thumb/v6-m/nofp/crtbegin.o
 .tm_clone_table
                0x10000064        0x0 /home/ismet/Documents/KON309/NXP/Compiler/arm-gnu-toolchain-12.3.rel1-x86_64-arm-none-eabi/bin/../lib/gcc/arm-none-eabi/12.3.1/thumb/v6-m/nofp/crtend.o

.igot.plt       0x10000064        0x0 load address 0x00001b08
 .igot.plt      0x10000064        0x0 /home/ismet/Documents/KON309/NXP/Compiler/arm-gnu-toolchain-12.3.rel1-x86_64-arm-none-eabi/bin/../lib/gcc/arm-none-eabi/12.3.1/thumb/v6-m/nofp/crtbegin.o

.bss            0x10000064      0x178 load address 0x00001b08
                0x10000064                        . = ALIGN (0x4)
                0x10000064                        __START_BSS = .
                0x10000064                        __bss_start__ = .
 *(.bss)
 .bss           0x10000064        0x0 /home/ismet/Documents/KON309/NXP/Compiler/arm-gnu-toolchain-12.3.rel1-x86_64-arm-none-eabi/bin/../lib/gcc/arm-none-eabi/12.3.1/thumb/v6-m/nofp/crti.o
 .bss           0x10000064        0x0 /home/ismet/Documents/KON309/NXP/Compiler/arm-gnu-toolchain-12.3.rel1-x86_64-arm-none-eabi/bin/../lib/gcc/arm-none-eabi/12.3.1/thumb/v6-m/nofp/crtbegin.o
 .bss           0x10000064        0x0 /home/ismet/Documents/KON309/NXP/Compiler/arm-gnu-toolchain-12.3.rel1-x86_64-arm-none-eabi/bin/../lib/gcc/arm-none-eabi/12.3.1/../../../../arm-none-eabi/lib/thumb/v6-m/nofp/crt0.o
 .bss           0x10000064        0x0 build/main.o
 .bss           0x10000064        0x0 build/system_LPC824.o
 .bss           0x10000064        0x0 build/fsl_common.o
 .bss           0x10000064        0x0 build/fsl_common_arm.o
 .bss           0x10000064        0x0 build/fsl_gpio.o
 .bss           0x10000064        0x0 build/fsl_power.o
 .bss           0x10000064        0x0 build/fsl_reset.o
 .bss           0x10000064        0x0 build/fsl_swm.o
 .bss           0x10000064        0x0 build/startup_LPC824.o
 .bss           0x10000064        0x0 /home/ismet/Documents/KON309/NXP/Compiler/arm-gnu-toolchain-12.3.rel1-x86_64-arm-none-eabi/bin/../lib/gcc/arm-none-eabi/12.3.1/thumb/v6-m/nofp/libgcc.a(_udivsi3.o)
 .bss           0x10000064        0x0 /home/ismet/Documents/KON309/NXP/Compiler/arm-gnu-toolchain-12.3.rel1-x86_64-arm-none-eabi/bin/../lib/gcc/arm-none-eabi/12.3.1/thumb/v6-m/nofp/libgcc.a(_divsi3.o)
 .bss           0x10000064        0x0 /home/ismet/Documents/KON309/NXP/Compiler/arm-gnu-toolchain-12.3.rel1-x86_64-arm-none-eabi/bin/../lib/gcc/arm-none-eabi/12.3.1/thumb/v6-m/nofp/libgcc.a(_dvmd_tls.o)
 .bss           0x10000064        0x0 /home/ismet/Documents/KON309/NXP/Compiler/arm-gnu-toolchain-12.3.rel1-x86_64-arm-none-eabi/bin/../lib/gcc/arm-none-eabi/12.3.1/thumb/v6-m/nofp/libgcc.a(_aeabi_uldivmod.o)
 .bss           0x10000064        0x0 /home/ismet/Documents/KON309/NXP/Compiler/arm-gnu-toolchain-12.3.rel1-x86_64-arm-none-eabi/bin/../lib/gcc/arm-none-eabi/12.3.1/thumb/v6-m/nofp/libgcc.a(_muldi3.o)
 .bss           0x10000064        0x0 /home/ismet/Documents/KON309/NXP/Compiler/arm-gnu-toolchain-12.3.rel1-x86_64-arm-none-eabi/bin/../lib/gcc/arm-none-eabi/12.3.1/thumb/v6-m/nofp/libgcc.a(_udivmoddi4.o)
 .bss           0x10000064        0x0 /home/ismet/Documents/KON309/NXP/Compiler/arm-gnu-toolchain-12.3.rel1-x86_64-arm-none-eabi/bin/../lib/gcc/arm-none-eabi/12.3.1/thumb/v6-m/nofp/libgcc.a(_clzdi2.o)
 .bss           0x10000064        0x0 /home/ismet/Documents/KON309/NXP/Compiler/arm-gnu-toolchain-12.3.rel1-x86_64-arm-none-eabi/bin/../lib/gcc/arm-none-eabi/12.3.1/thumb/v6-m/nofp/libgcc.a(_clzsi2.o)
 .bss           0x10000064        0x0 /home/ismet/Documents/KON309/NXP/Compiler/arm-gnu-toolchain-12.3.rel1-x86_64-arm-none-eabi/bin/../lib/gcc/arm-none-eabi/12.3.1/../../../../arm-none-eabi/lib/thumb/v6-m/nofp/libc_nano.a(libc_a-exit.o)
 .bss           0x10000064        0x0 /home/ismet/Documents/KON309/NXP/Compiler/arm-gnu-toolchain-12.3.rel1-x86_64-arm-none-eabi/bin/../lib/gcc/arm-none-eabi/12.3.1/../../../../arm-none-eabi/lib/thumb/v6-m/nofp/libc_nano.a(libc_a-init.o)
 .bss           0x10000064        0x0 /home/ismet/Documents/KON309/NXP/Compiler/arm-gnu-toolchain-12.3.rel1-x86_64-arm-none-eabi/bin/../lib/gcc/arm-none-eabi/12.3.1/../../../../arm-none-eabi/lib/thumb/v6-m/nofp/libc_nano.a(libc_a-malloc.o)
 .bss           0x10000064        0x0 /home/ismet/Documents/KON309/NXP/Compiler/arm-gnu-toolchain-12.3.rel1-x86_64-arm-none-eabi/bin/../lib/gcc/arm-none-eabi/12.3.1/../../../../arm-none-eabi/lib/thumb/v6-m/nofp/libc_nano.a(libc_a-mallocr.o)
 .bss           0x10000064        0x0 /home/ismet/Documents/KON309/NXP/Compiler/arm-gnu-toolchain-12.3.rel1-x86_64-arm-none-eabi/bin/../lib/gcc/arm-none-eabi/12.3.1/../../../../arm-none-eabi/lib/thumb/v6-m/nofp/libc_nano.a(libc_a-findfp.o)
 .bss           0x10000064        0x0 /home/ismet/Documents/KON309/NXP/Compiler/arm-gnu-toolchain-12.3.rel1-x86_64-arm-none-eabi/bin/../lib/gcc/arm-none-eabi/12.3.1/../../../../arm-none-eabi/lib/thumb/v6-m/nofp/libc_nano.a(libc_a-stdio.o)
 .bss           0x10000064        0x0 /home/ismet/Documents/KON309/NXP/Compiler/arm-gnu-toolchain-12.3.rel1-x86_64-arm-none-eabi/bin/../lib/gcc/arm-none-eabi/12.3.1/../../../../arm-none-eabi/lib/thumb/v6-m/nofp/libc_nano.a(libc_a-mlock.o)
 .bss           0x10000064        0x0 /home/ismet/Documents/KON309/NXP/Compiler/arm-gnu-toolchain-12.3.rel1-x86_64-arm-none-eabi/bin/../lib/gcc/arm-none-eabi/12.3.1/../../../../arm-none-eabi/lib/thumb/v6-m/nofp/libc_nano.a(libc_a-sbrkr.o)
 .bss           0x10000064        0x0 /home/ismet/Documents/KON309/NXP/Compiler/arm-gnu-toolchain-12.3.rel1-x86_64-arm-none-eabi/bin/../lib/gcc/arm-none-eabi/12.3.1/../../../../arm-none-eabi/lib/thumb/v6-m/nofp/libc_nano.a(libc_a-writer.o)
 .bss           0x10000064        0x0 /home/ismet/Documents/KON309/NXP/Compiler/arm-gnu-toolchain-12.3.rel1-x86_64-arm-none-eabi/bin/../lib/gcc/arm-none-eabi/12.3.1/../../../../arm-none-eabi/lib/thumb/v6-m/nofp/libc_nano.a(libc_a-fwalk.o)
 .bss           0x10000064        0x0 /home/ismet/Documents/KON309/NXP/Compiler/arm-gnu-toolchain-12.3.rel1-x86_64-arm-none-eabi/bin/../lib/gcc/arm-none-eabi/12.3.1/../../../../arm-none-eabi/lib/thumb/v6-m/nofp/libc_nano.a(libc_a-memset.o)
 .bss           0x10000064        0x0 /home/ismet/Documents/KON309/NXP/Compiler/arm-gnu-toolchain-12.3.rel1-x86_64-arm-none-eabi/bin/../lib/gcc/arm-none-eabi/12.3.1/../../../../arm-none-eabi/lib/thumb/v6-m/nofp/libc_nano.a(libc_a-freer.o)
 .bss           0x10000064        0x0 /home/ismet/Documents/KON309/NXP/Compiler/arm-gnu-toolchain-12.3.rel1-x86_64-arm-none-eabi/bin/../lib/gcc/arm-none-eabi/12.3.1/../../../../arm-none-eabi/lib/thumb/v6-m/nofp/libc_nano.a(libc_a-lock.o)
 .bss           0x10000064        0x0 /home/ismet/Documents/KON309/NXP/Compiler/arm-gnu-toolchain-12.3.rel1-x86_64-arm-none-eabi/bin/../lib/gcc/arm-none-eabi/12.3.1/../../../../arm-none-eabi/lib/thumb/v6-m/nofp/libc_nano.a(libc_a-closer.o)
 .bss           0x10000064        0x0 /home/ismet/Documents/KON309/NXP/Compiler/arm-gnu-toolchain-12.3.rel1-x86_64-arm-none-eabi/bin/../lib/gcc/arm-none-eabi/12.3.1/../../../../arm-none-eabi/lib/thumb/v6-m/nofp/libc_nano.a(libc_a-reent.o)
 .bss           0x10000064        0x0 /home/ismet/Documents/KON309/NXP/Compiler/arm-gnu-toolchain-12.3.rel1-x86_64-arm-none-eabi/bin/../lib/gcc/arm-none-eabi/12.3.1/../../../../arm-none-eabi/lib/thumb/v6-m/nofp/libc_nano.a(libc_a-impure.o)
 .bss           0x10000064        0x0 /home/ismet/Documents/KON309/NXP/Compiler/arm-gnu-toolchain-12.3.rel1-x86_64-arm-none-eabi/bin/../lib/gcc/arm-none-eabi/12.3.1/../../../../arm-none-eabi/lib/thumb/v6-m/nofp/libc_nano.a(libc_a-fflush.o)
 .bss           0x10000064        0x0 /home/ismet/Documents/KON309/NXP/Compiler/arm-gnu-toolchain-12.3.rel1-x86_64-arm-none-eabi/bin/../lib/gcc/arm-none-eabi/12.3.1/../../../../arm-none-eabi/lib/thumb/v6-m/nofp/libc_nano.a(libc_a-lseekr.o)
 .bss           0x10000064        0x0 /home/ismet/Documents/KON309/NXP/Compiler/arm-gnu-toolchain-12.3.rel1-x86_64-arm-none-eabi/bin/../lib/gcc/arm-none-eabi/12.3.1/../../../../arm-none-eabi/lib/thumb/v6-m/nofp/libc_nano.a(libc_a-readr.o)
 .bss           0x10000064        0x0 /home/ismet/Documents/KON309/NXP/Compiler/arm-gnu-toolchain-12.3.rel1-x86_64-arm-none-eabi/bin/../lib/gcc/arm-none-eabi/12.3.1/../../../../arm-none-eabi/lib/thumb/v6-m/nofp/libnosys.a(close.o)
 .bss           0x10000064        0x0 /home/ismet/Documents/KON309/NXP/Compiler/arm-gnu-toolchain-12.3.rel1-x86_64-arm-none-eabi/bin/../lib/gcc/arm-none-eabi/12.3.1/../../../../arm-none-eabi/lib/thumb/v6-m/nofp/libnosys.a(lseek.o)
 .bss           0x10000064        0x0 /home/ismet/Documents/KON309/NXP/Compiler/arm-gnu-toolchain-12.3.rel1-x86_64-arm-none-eabi/bin/../lib/gcc/arm-none-eabi/12.3.1/../../../../arm-none-eabi/lib/thumb/v6-m/nofp/libnosys.a(read.o)
 .bss           0x10000064        0x0 /home/ismet/Documents/KON309/NXP/Compiler/arm-gnu-toolchain-12.3.rel1-x86_64-arm-none-eabi/bin/../lib/gcc/arm-none-eabi/12.3.1/../../../../arm-none-eabi/lib/thumb/v6-m/nofp/libnosys.a(sbrk.o)
 .bss           0x10000064        0x0 /home/ismet/Documents/KON309/NXP/Compiler/arm-gnu-toolchain-12.3.rel1-x86_64-arm-none-eabi/bin/../lib/gcc/arm-none-eabi/12.3.1/../../../../arm-none-eabi/lib/thumb/v6-m/nofp/libnosys.a(write.o)
 .bss           0x10000064        0x0 /home/ismet/Documents/KON309/NXP/Compiler/arm-gnu-toolchain-12.3.rel1-x86_64-arm-none-eabi/bin/../lib/gcc/arm-none-eabi/12.3.1/../../../../arm-none-eabi/lib/thumb/v6-m/nofp/libnosys.a(_exit.o)
 .bss           0x10000064        0x0 /home/ismet/Documents/KON309/NXP/Compiler/arm-gnu-toolchain-12.3.rel1-x86_64-arm-none-eabi/bin/../lib/gcc/arm-none-eabi/12.3.1/thumb/v6-m/nofp/crtend.o
 .bss           0x10000064        0x0 /home/ismet/Documents/KON309/NXP/Compiler/arm-gnu-toolchain-12.3.rel1-x86_64-arm-none-eabi/bin/../lib/gcc/arm-none-eabi/12.3.1/thumb/v6-m/nofp/crtn.o
 *(.bss*)
 .bss.completed.1
                0x10000064        0x1 /home/ismet/Documents/KON309/NXP/Compiler/arm-gnu-toolchain-12.3.rel1-x86_64-arm-none-eabi/bin/../lib/gcc/arm-none-eabi/12.3.1/thumb/v6-m/nofp/crtbegin.o
 *fill*         0x10000065        0x3 
 .bss.object.0  0x10000068       0x18 /home/ismet/Documents/KON309/NXP/Compiler/arm-gnu-toolchain-12.3.rel1-x86_64-arm-none-eabi/bin/../lib/gcc/arm-none-eabi/12.3.1/thumb/v6-m/nofp/crtbegin.o
 .bss.state     0x10000080        0x1 build/main.o
                0x10000080                state
 .bss.button3Pressed
                0x10000081        0x1 build/main.o
                0x10000081                button3Pressed
 .bss.button2Pressed
                0x10000082        0x1 build/main.o
                0x10000082                button2Pressed
 .bss.button1Pressed
                0x10000083        0x1 build/main.o
                0x10000083                button1Pressed
 .bss.g_systickCounter
                0x10000084        0x4 build/main.o
                0x10000084                g_systickCounter
 .bss.__malloc_sbrk_start
                0x10000088        0x4 /home/ismet/Documents/KON309/NXP/Compiler/arm-gnu-toolchain-12.3.rel1-x86_64-arm-none-eabi/bin/../lib/gcc/arm-none-eabi/12.3.1/../../../../arm-none-eabi/lib/thumb/v6-m/nofp/libc_nano.a(libc_a-mallocr.o)
                0x10000088                __malloc_sbrk_start
 .bss.__malloc_free_list
                0x1000008c        0x4 /home/ismet/Documents/KON309/NXP/Compiler/arm-gnu-toolchain-12.3.rel1-x86_64-arm-none-eabi/bin/../lib/gcc/arm-none-eabi/12.3.1/../../../../arm-none-eabi/lib/thumb/v6-m/nofp/libc_nano.a(libc_a-mallocr.o)
                0x1000008c                __malloc_free_list
 .bss.__sf      0x10000090      0x138 /home/ismet/Documents/KON309/NXP/Compiler/arm-gnu-toolchain-12.3.rel1-x86_64-arm-none-eabi/bin/../lib/gcc/arm-none-eabi/12.3.1/../../../../arm-none-eabi/lib/thumb/v6-m/nofp/libc_nano.a(libc_a-findfp.o)
                0x10000090                __sf
 .bss.__stdio_exit_handler
                0x100001c8        0x4 /home/ismet/Documents/KON309/NXP/Compiler/arm-gnu-toolchain-12.3.rel1-x86_64-arm-none-eabi/bin/../lib/gcc/arm-none-eabi/12.3.1/../../../../arm-none-eabi/lib/thumb/v6-m/nofp/libc_nano.a(libc_a-findfp.o)
                0x100001c8                __stdio_exit_handler
 .bss.__lock___arc4random_mutex
                0x100001cc        0x1 /home/ismet/Documents/KON309/NXP/Compiler/arm-gnu-toolchain-12.3.rel1-x86_64-arm-none-eabi/bin/../lib/gcc/arm-none-eabi/12.3.1/../../../../arm-none-eabi/lib/thumb/v6-m/nofp/libc_nano.a(libc_a-lock.o)
                0x100001cc                __lock___arc4random_mutex
 .bss.__lock___dd_hash_mutex
                0x100001cd        0x1 /home/ismet/Documents/KON309/NXP/Compiler/arm-gnu-toolchain-12.3.rel1-x86_64-arm-none-eabi/bin/../lib/gcc/arm-none-eabi/12.3.1/../../../../arm-none-eabi/lib/thumb/v6-m/nofp/libc_nano.a(libc_a-lock.o)
                0x100001cd                __lock___dd_hash_mutex
 .bss.__lock___tz_mutex
                0x100001ce        0x1 /home/ismet/Documents/KON309/NXP/Compiler/arm-gnu-toolchain-12.3.rel1-x86_64-arm-none-eabi/bin/../lib/gcc/arm-none-eabi/12.3.1/../../../../arm-none-eabi/lib/thumb/v6-m/nofp/libc_nano.a(libc_a-lock.o)
                0x100001ce                __lock___tz_mutex
 .bss.__lock___env_recursive_mutex
                0x100001cf        0x1 /home/ismet/Documents/KON309/NXP/Compiler/arm-gnu-toolchain-12.3.rel1-x86_64-arm-none-eabi/bin/../lib/gcc/arm-none-eabi/12.3.1/../../../../arm-none-eabi/lib/thumb/v6-m/nofp/libc_nano.a(libc_a-lock.o)
                0x100001cf                __lock___env_recursive_mutex
 .bss.__lock___malloc_recursive_mutex
                0x100001d0        0x1 /home/ismet/Documents/KON309/NXP/Compiler/arm-gnu-toolchain-12.3.rel1-x86_64-arm-none-eabi/bin/../lib/gcc/arm-none-eabi/12.3.1/../../../../arm-none-eabi/lib/thumb/v6-m/nofp/libc_nano.a(libc_a-lock.o)
                0x100001d0                __lock___malloc_recursive_mutex
 .bss.__lock___at_quick_exit_mutex
                0x100001d1        0x1 /home/ismet/Documents/KON309/NXP/Compiler/arm-gnu-toolchain-12.3.rel1-x86_64-arm-none-eabi/bin/../lib/gcc/arm-none-eabi/12.3.1/../../../../arm-none-eabi/lib/thumb/v6-m/nofp/libc_nano.a(libc_a-lock.o)
                0x100001d1                __lock___at_quick_exit_mutex
 .bss.__lock___atexit_recursive_mutex
                0x100001d2        0x1 /home/ismet/Documents/KON309/NXP/Compiler/arm-gnu-toolchain-12.3.rel1-x86_64-arm-none-eabi/bin/../lib/gcc/arm-none-eabi/12.3.1/../../../../arm-none-eabi/lib/thumb/v6-m/nofp/libc_nano.a(libc_a-lock.o)
                0x100001d2                __lock___atexit_recursive_mutex
 .bss.__lock___sfp_recursive_mutex
                0x100001d3        0x1 /home/ismet/Documents/KON309/NXP/Compiler/arm-gnu-toolchain-12.3.rel1-x86_64-arm-none-eabi/bin/../lib/gcc/arm-none-eabi/12.3.1/../../../../arm-none-eabi/lib/thumb/v6-m/nofp/libc_nano.a(libc_a-lock.o)
                0x100001d3                __lock___sfp_recursive_mutex
 .bss.errno     0x100001d4        0x4 /home/ismet/Documents/KON309/NXP/Compiler/arm-gnu-toolchain-12.3.rel1-x86_64-arm-none-eabi/bin/../lib/gcc/arm-none-eabi/12.3.1/../../../../arm-none-eabi/lib/thumb/v6-m/nofp/libc_nano.a(libc_a-reent.o)
                0x100001d4                errno
 .bss.heap_end.0
                0x100001d8        0x4 /home/ismet/Documents/KON309/NXP/Compiler/arm-gnu-toolchain-12.3.rel1-x86_64-arm-none-eabi/bin/../lib/gcc/arm-none-eabi/12.3.1/../../../../arm-none-eabi/lib/thumb/v6-m/nofp/libnosys.a(sbrk.o)
 *(COMMON)
                0x100001dc                        . = ALIGN (0x4)
                0x100001dc                        __bss_end__ = .
                0x100001dc                        __END_BSS = .

.heap           0x100001dc      0x404 load address 0x00001c80
                0x100001e0                        . = ALIGN (0x8)
 *fill*         0x100001dc        0x4 
                0x100001e0                        __end__ = .
                0x100001e0                        PROVIDE (end = .)
                0x100001e0                        __HeapBase = .
                0x100005e0                        . = (. + HEAP_SIZE)
 *fill*         0x100001e0      0x400 
                0x100005e0                        __HeapLimit = .
                0x100005e0                        __heap_limit = .

.stack          0x100005e0      0x800 load address 0x00002084
                0x100005e0                        . = ALIGN (0x8)
                0x10000de0                        . = (. + STACK_SIZE)
 *fill*         0x100005e0      0x800 
                0x10001fe0                        __StackTop = (ORIGIN (m_data) + LENGTH (m_data))
                0x100017e0                        __StackLimit = (__StackTop - STACK_SIZE)
                0x10001fe0                        PROVIDE (__stack = __StackTop)

.ARM.attributes
                0x00000000       0x28
 *(.ARM.attributes)
 .ARM.attributes
                0x00000000       0x1e /home/ismet/Documents/KON309/NXP/Compiler/arm-gnu-toolchain-12.3.rel1-x86_64-arm-none-eabi/bin/../lib/gcc/arm-none-eabi/12.3.1/thumb/v6-m/nofp/crti.o
 .ARM.attributes
                0x0000001e       0x2c /home/ismet/Documents/KON309/NXP/Compiler/arm-gnu-toolchain-12.3.rel1-x86_64-arm-none-eabi/bin/../lib/gcc/arm-none-eabi/12.3.1/thumb/v6-m/nofp/crtbegin.o
 .ARM.attributes
                0x0000004a       0x1b /home/ismet/Documents/KON309/NXP/Compiler/arm-gnu-toolchain-12.3.rel1-x86_64-arm-none-eabi/bin/../lib/gcc/arm-none-eabi/12.3.1/../../../../arm-none-eabi/lib/thumb/v6-m/nofp/crt0.o
 .ARM.attributes
                0x00000065       0x2c build/main.o
 .ARM.attributes
                0x00000091       0x2c build/system_LPC824.o
 .ARM.attributes
                0x000000bd       0x2c build/fsl_common.o
 .ARM.attributes
                0x000000e9       0x2c build/fsl_common_arm.o
 .ARM.attributes
                0x00000115       0x2c build/fsl_gpio.o
 .ARM.attributes
                0x00000141       0x2c build/fsl_power.o
 .ARM.attributes
                0x0000016d       0x2c build/fsl_reset.o
 .ARM.attributes
                0x00000199       0x2c build/fsl_swm.o
 .ARM.attributes
                0x000001c5       0x1b build/startup_LPC824.o
 .ARM.attributes
                0x000001e0       0x1e /home/ismet/Documents/KON309/NXP/Compiler/arm-gnu-toolchain-12.3.rel1-x86_64-arm-none-eabi/bin/../lib/gcc/arm-none-eabi/12.3.1/thumb/v6-m/nofp/libgcc.a(_udivsi3.o)
 .ARM.attributes
                0x000001fe       0x1e /home/ismet/Documents/KON309/NXP/Compiler/arm-gnu-toolchain-12.3.rel1-x86_64-arm-none-eabi/bin/../lib/gcc/arm-none-eabi/12.3.1/thumb/v6-m/nofp/libgcc.a(_divsi3.o)
 .ARM.attributes
                0x0000021c       0x1e /home/ismet/Documents/KON309/NXP/Compiler/arm-gnu-toolchain-12.3.rel1-x86_64-arm-none-eabi/bin/../lib/gcc/arm-none-eabi/12.3.1/thumb/v6-m/nofp/libgcc.a(_dvmd_tls.o)
 .ARM.attributes
                0x0000023a       0x1e /home/ismet/Documents/KON309/NXP/Compiler/arm-gnu-toolchain-12.3.rel1-x86_64-arm-none-eabi/bin/../lib/gcc/arm-none-eabi/12.3.1/thumb/v6-m/nofp/libgcc.a(_aeabi_uldivmod.o)
 .ARM.attributes
                0x00000258       0x2c /home/ismet/Documents/KON309/NXP/Compiler/arm-gnu-toolchain-12.3.rel1-x86_64-arm-none-eabi/bin/../lib/gcc/arm-none-eabi/12.3.1/thumb/v6-m/nofp/libgcc.a(_muldi3.o)
 .ARM.attributes
                0x00000284       0x2c /home/ismet/Documents/KON309/NXP/Compiler/arm-gnu-toolchain-12.3.rel1-x86_64-arm-none-eabi/bin/../lib/gcc/arm-none-eabi/12.3.1/thumb/v6-m/nofp/libgcc.a(_udivmoddi4.o)
 .ARM.attributes
                0x000002b0       0x1e /home/ismet/Documents/KON309/NXP/Compiler/arm-gnu-toolchain-12.3.rel1-x86_64-arm-none-eabi/bin/../lib/gcc/arm-none-eabi/12.3.1/thumb/v6-m/nofp/libgcc.a(_clzdi2.o)
 .ARM.attributes
                0x000002ce       0x1e /home/ismet/Documents/KON309/NXP/Compiler/arm-gnu-toolchain-12.3.rel1-x86_64-arm-none-eabi/bin/../lib/gcc/arm-none-eabi/12.3.1/thumb/v6-m/nofp/libgcc.a(_clzsi2.o)
 .ARM.attributes
                0x000002ec       0x2c /home/ismet/Documents/KON309/NXP/Compiler/arm-gnu-toolchain-12.3.rel1-x86_64-arm-none-eabi/bin/../lib/gcc/arm-none-eabi/12.3.1/../../../../arm-none-eabi/lib/thumb/v6-m/nofp/libc_nano.a(libc_a-exit.o)
 .ARM.attributes
                0x00000318       0x2c /home/ismet/Documents/KON309/NXP/Compiler/arm-gnu-toolchain-12.3.rel1-x86_64-arm-none-eabi/bin/../lib/gcc/arm-none-eabi/12.3.1/../../../../arm-none-eabi/lib/thumb/v6-m/nofp/libc_nano.a(libc_a-init.o)
 .ARM.attributes
                0x00000344       0x2c /home/ismet/Documents/KON309/NXP/Compiler/arm-gnu-toolchain-12.3.rel1-x86_64-arm-none-eabi/bin/../lib/gcc/arm-none-eabi/12.3.1/../../../../arm-none-eabi/lib/thumb/v6-m/nofp/libc_nano.a(libc_a-malloc.o)
 .ARM.attributes
                0x00000370       0x2c /home/ismet/Documents/KON309/NXP/Compiler/arm-gnu-toolchain-12.3.rel1-x86_64-arm-none-eabi/bin/../lib/gcc/arm-none-eabi/12.3.1/../../../../arm-none-eabi/lib/thumb/v6-m/nofp/libc_nano.a(libc_a-mallocr.o)
 .ARM.attributes
                0x0000039c       0x2c /home/ismet/Documents/KON309/NXP/Compiler/arm-gnu-toolchain-12.3.rel1-x86_64-arm-none-eabi/bin/../lib/gcc/arm-none-eabi/12.3.1/../../../../arm-none-eabi/lib/thumb/v6-m/nofp/libc_nano.a(libc_a-findfp.o)
 .ARM.attributes
                0x000003c8       0x2c /home/ismet/Documents/KON309/NXP/Compiler/arm-gnu-toolchain-12.3.rel1-x86_64-arm-none-eabi/bin/../lib/gcc/arm-none-eabi/12.3.1/../../../../arm-none-eabi/lib/thumb/v6-m/nofp/libc_nano.a(libc_a-stdio.o)
 .ARM.attributes
                0x000003f4       0x2c /home/ismet/Documents/KON309/NXP/Compiler/arm-gnu-toolchain-12.3.rel1-x86_64-arm-none-eabi/bin/../lib/gcc/arm-none-eabi/12.3.1/../../../../arm-none-eabi/lib/thumb/v6-m/nofp/libc_nano.a(libc_a-mlock.o)
 .ARM.attributes
                0x00000420       0x2c /home/ismet/Documents/KON309/NXP/Compiler/arm-gnu-toolchain-12.3.rel1-x86_64-arm-none-eabi/bin/../lib/gcc/arm-none-eabi/12.3.1/../../../../arm-none-eabi/lib/thumb/v6-m/nofp/libc_nano.a(libc_a-sbrkr.o)
 .ARM.attributes
                0x0000044c       0x2c /home/ismet/Documents/KON309/NXP/Compiler/arm-gnu-toolchain-12.3.rel1-x86_64-arm-none-eabi/bin/../lib/gcc/arm-none-eabi/12.3.1/../../../../arm-none-eabi/lib/thumb/v6-m/nofp/libc_nano.a(libc_a-writer.o)
 .ARM.attributes
                0x00000478       0x2c /home/ismet/Documents/KON309/NXP/Compiler/arm-gnu-toolchain-12.3.rel1-x86_64-arm-none-eabi/bin/../lib/gcc/arm-none-eabi/12.3.1/../../../../arm-none-eabi/lib/thumb/v6-m/nofp/libc_nano.a(libc_a-fwalk.o)
 .ARM.attributes
                0x000004a4       0x2c /home/ismet/Documents/KON309/NXP/Compiler/arm-gnu-toolchain-12.3.rel1-x86_64-arm-none-eabi/bin/../lib/gcc/arm-none-eabi/12.3.1/../../../../arm-none-eabi/lib/thumb/v6-m/nofp/libc_nano.a(libc_a-memset.o)
 .ARM.attributes
                0x000004d0       0x2c /home/ismet/Documents/KON309/NXP/Compiler/arm-gnu-toolchain-12.3.rel1-x86_64-arm-none-eabi/bin/../lib/gcc/arm-none-eabi/12.3.1/../../../../arm-none-eabi/lib/thumb/v6-m/nofp/libc_nano.a(libc_a-freer.o)
 .ARM.attributes
                0x000004fc       0x2c /home/ismet/Documents/KON309/NXP/Compiler/arm-gnu-toolchain-12.3.rel1-x86_64-arm-none-eabi/bin/../lib/gcc/arm-none-eabi/12.3.1/../../../../arm-none-eabi/lib/thumb/v6-m/nofp/libc_nano.a(libc_a-lock.o)
 .ARM.attributes
                0x00000528       0x2c /home/ismet/Documents/KON309/NXP/Compiler/arm-gnu-toolchain-12.3.rel1-x86_64-arm-none-eabi/bin/../lib/gcc/arm-none-eabi/12.3.1/../../../../arm-none-eabi/lib/thumb/v6-m/nofp/libc_nano.a(libc_a-closer.o)
 .ARM.attributes
                0x00000554       0x2c /home/ismet/Documents/KON309/NXP/Compiler/arm-gnu-toolchain-12.3.rel1-x86_64-arm-none-eabi/bin/../lib/gcc/arm-none-eabi/12.3.1/../../../../arm-none-eabi/lib/thumb/v6-m/nofp/libc_nano.a(libc_a-reent.o)
 .ARM.attributes
                0x00000580       0x2c /home/ismet/Documents/KON309/NXP/Compiler/arm-gnu-toolchain-12.3.rel1-x86_64-arm-none-eabi/bin/../lib/gcc/arm-none-eabi/12.3.1/../../../../arm-none-eabi/lib/thumb/v6-m/nofp/libc_nano.a(libc_a-impure.o)
 .ARM.attributes
                0x000005ac       0x2c /home/ismet/Documents/KON309/NXP/Compiler/arm-gnu-toolchain-12.3.rel1-x86_64-arm-none-eabi/bin/../lib/gcc/arm-none-eabi/12.3.1/../../../../arm-none-eabi/lib/thumb/v6-m/nofp/libc_nano.a(libc_a-fflush.o)
 .ARM.attributes
                0x000005d8       0x2c /home/ismet/Documents/KON309/NXP/Compiler/arm-gnu-toolchain-12.3.rel1-x86_64-arm-none-eabi/bin/../lib/gcc/arm-none-eabi/12.3.1/../../../../arm-none-eabi/lib/thumb/v6-m/nofp/libc_nano.a(libc_a-lseekr.o)
 .ARM.attributes
                0x00000604       0x2c /home/ismet/Documents/KON309/NXP/Compiler/arm-gnu-toolchain-12.3.rel1-x86_64-arm-none-eabi/bin/../lib/gcc/arm-none-eabi/12.3.1/../../../../arm-none-eabi/lib/thumb/v6-m/nofp/libc_nano.a(libc_a-readr.o)
 .ARM.attributes
                0x00000630       0x2c /home/ismet/Documents/KON309/NXP/Compiler/arm-gnu-toolchain-12.3.rel1-x86_64-arm-none-eabi/bin/../lib/gcc/arm-none-eabi/12.3.1/../../../../arm-none-eabi/lib/thumb/v6-m/nofp/libnosys.a(close.o)
 .ARM.attributes
                0x0000065c       0x2c /home/ismet/Documents/KON309/NXP/Compiler/arm-gnu-toolchain-12.3.rel1-x86_64-arm-none-eabi/bin/../lib/gcc/arm-none-eabi/12.3.1/../../../../arm-none-eabi/lib/thumb/v6-m/nofp/libnosys.a(lseek.o)
 .ARM.attributes
                0x00000688       0x2c /home/ismet/Documents/KON309/NXP/Compiler/arm-gnu-toolchain-12.3.rel1-x86_64-arm-none-eabi/bin/../lib/gcc/arm-none-eabi/12.3.1/../../../../arm-none-eabi/lib/thumb/v6-m/nofp/libnosys.a(read.o)
 .ARM.attributes
                0x000006b4       0x2c /home/ismet/Documents/KON309/NXP/Compiler/arm-gnu-toolchain-12.3.rel1-x86_64-arm-none-eabi/bin/../lib/gcc/arm-none-eabi/12.3.1/../../../../arm-none-eabi/lib/thumb/v6-m/nofp/libnosys.a(sbrk.o)
 .ARM.attributes
                0x000006e0       0x2c /home/ismet/Documents/KON309/NXP/Compiler/arm-gnu-toolchain-12.3.rel1-x86_64-arm-none-eabi/bin/../lib/gcc/arm-none-eabi/12.3.1/../../../../arm-none-eabi/lib/thumb/v6-m/nofp/libnosys.a(write.o)
 .ARM.attributes
                0x0000070c       0x2c /home/ismet/Documents/KON309/NXP/Compiler/arm-gnu-toolchain-12.3.rel1-x86_64-arm-none-eabi/bin/../lib/gcc/arm-none-eabi/12.3.1/../../../../arm-none-eabi/lib/thumb/v6-m/nofp/libnosys.a(_exit.o)
 .ARM.attributes
                0x00000738       0x2c /home/ismet/Documents/KON309/NXP/Compiler/arm-gnu-toolchain-12.3.rel1-x86_64-arm-none-eabi/bin/../lib/gcc/arm-none-eabi/12.3.1/thumb/v6-m/nofp/crtend.o
 .ARM.attributes
                0x00000764       0x1e /home/ismet/Documents/KON309/NXP/Compiler/arm-gnu-toolchain-12.3.rel1-x86_64-arm-none-eabi/bin/../lib/gcc/arm-none-eabi/12.3.1/thumb/v6-m/nofp/crtn.o
                0x00000001                        ASSERT ((__StackLimit >= __HeapLimit), region m_data overflowed with stack and heap)
OUTPUT(build/16_bit_timer.elf elf32-littlearm)
LOAD linker stubs

.debug_line_str
                0x00000000      0x199
 .debug_line_str
                0x00000000       0xcb /home/ismet/Documents/KON309/NXP/Compiler/arm-gnu-toolchain-12.3.rel1-x86_64-arm-none-eabi/bin/../lib/gcc/arm-none-eabi/12.3.1/../../../../arm-none-eabi/lib/thumb/v6-m/nofp/crt0.o
 .debug_line_str
                0x000000cb       0xc2 /home/ismet/Documents/KON309/NXP/Compiler/arm-gnu-toolchain-12.3.rel1-x86_64-arm-none-eabi/bin/../lib/gcc/arm-none-eabi/12.3.1/thumb/v6-m/nofp/libgcc.a(_udivsi3.o)
 .debug_line_str
                0x0000018d       0xc2 /home/ismet/Documents/KON309/NXP/Compiler/arm-gnu-toolchain-12.3.rel1-x86_64-arm-none-eabi/bin/../lib/gcc/arm-none-eabi/12.3.1/thumb/v6-m/nofp/libgcc.a(_divsi3.o)
 .debug_line_str
                0x0000018d       0xc2 /home/ismet/Documents/KON309/NXP/Compiler/arm-gnu-toolchain-12.3.rel1-x86_64-arm-none-eabi/bin/../lib/gcc/arm-none-eabi/12.3.1/thumb/v6-m/nofp/libgcc.a(_dvmd_tls.o)
 .debug_line_str
                0x0000018d        0xc /home/ismet/Documents/KON309/NXP/Compiler/arm-gnu-toolchain-12.3.rel1-x86_64-arm-none-eabi/bin/../lib/gcc/arm-none-eabi/12.3.1/thumb/v6-m/nofp/libgcc.a(_aeabi_uldivmod.o)
                                 0xc2 (size before relaxing)
 .debug_line_str
                0x00000199       0xc2 /home/ismet/Documents/KON309/NXP/Compiler/arm-gnu-toolchain-12.3.rel1-x86_64-arm-none-eabi/bin/../lib/gcc/arm-none-eabi/12.3.1/thumb/v6-m/nofp/libgcc.a(_clzdi2.o)
 .debug_line_str
                0x00000199       0xc2 /home/ismet/Documents/KON309/NXP/Compiler/arm-gnu-toolchain-12.3.rel1-x86_64-arm-none-eabi/bin/../lib/gcc/arm-none-eabi/12.3.1/thumb/v6-m/nofp/libgcc.a(_clzsi2.o)

.comment        0x00000000       0x45
 .comment       0x00000000       0x45 build/main.o
                                 0x46 (size before relaxing)
 .comment       0x00000045       0x46 build/system_LPC824.o
 .comment       0x00000045       0x46 build/fsl_common.o
 .comment       0x00000045       0x46 build/fsl_common_arm.o
 .comment       0x00000045       0x46 build/fsl_gpio.o
 .comment       0x00000045       0x46 build/fsl_power.o
 .comment       0x00000045       0x46 build/fsl_reset.o
 .comment       0x00000045       0x46 build/fsl_swm.o

.debug_frame    0x00000000      0x6fc
 .debug_frame   0x00000000       0x20 /home/ismet/Documents/KON309/NXP/Compiler/arm-gnu-toolchain-12.3.rel1-x86_64-arm-none-eabi/bin/../lib/gcc/arm-none-eabi/12.3.1/thumb/v6-m/nofp/libgcc.a(_udivsi3.o)
 .debug_frame   0x00000020       0x20 /home/ismet/Documents/KON309/NXP/Compiler/arm-gnu-toolchain-12.3.rel1-x86_64-arm-none-eabi/bin/../lib/gcc/arm-none-eabi/12.3.1/thumb/v6-m/nofp/libgcc.a(_divsi3.o)
 .debug_frame   0x00000040       0x34 /home/ismet/Documents/KON309/NXP/Compiler/arm-gnu-toolchain-12.3.rel1-x86_64-arm-none-eabi/bin/../lib/gcc/arm-none-eabi/12.3.1/thumb/v6-m/nofp/libgcc.a(_muldi3.o)
 .debug_frame   0x00000074       0x3c /home/ismet/Documents/KON309/NXP/Compiler/arm-gnu-toolchain-12.3.rel1-x86_64-arm-none-eabi/bin/../lib/gcc/arm-none-eabi/12.3.1/thumb/v6-m/nofp/libgcc.a(_udivmoddi4.o)
 .debug_frame   0x000000b0       0x28 /home/ismet/Documents/KON309/NXP/Compiler/arm-gnu-toolchain-12.3.rel1-x86_64-arm-none-eabi/bin/../lib/gcc/arm-none-eabi/12.3.1/../../../../arm-none-eabi/lib/thumb/v6-m/nofp/libc_nano.a(libc_a-exit.o)
 .debug_frame   0x000000d8       0x2c /home/ismet/Documents/KON309/NXP/Compiler/arm-gnu-toolchain-12.3.rel1-x86_64-arm-none-eabi/bin/../lib/gcc/arm-none-eabi/12.3.1/../../../../arm-none-eabi/lib/thumb/v6-m/nofp/libc_nano.a(libc_a-init.o)
 .debug_frame   0x00000104       0x40 /home/ismet/Documents/KON309/NXP/Compiler/arm-gnu-toolchain-12.3.rel1-x86_64-arm-none-eabi/bin/../lib/gcc/arm-none-eabi/12.3.1/../../../../arm-none-eabi/lib/thumb/v6-m/nofp/libc_nano.a(libc_a-malloc.o)
 .debug_frame   0x00000144       0x50 /home/ismet/Documents/KON309/NXP/Compiler/arm-gnu-toolchain-12.3.rel1-x86_64-arm-none-eabi/bin/../lib/gcc/arm-none-eabi/12.3.1/../../../../arm-none-eabi/lib/thumb/v6-m/nofp/libc_nano.a(libc_a-mallocr.o)
 .debug_frame   0x00000194      0x138 /home/ismet/Documents/KON309/NXP/Compiler/arm-gnu-toolchain-12.3.rel1-x86_64-arm-none-eabi/bin/../lib/gcc/arm-none-eabi/12.3.1/../../../../arm-none-eabi/lib/thumb/v6-m/nofp/libc_nano.a(libc_a-findfp.o)
 .debug_frame   0x000002cc       0x90 /home/ismet/Documents/KON309/NXP/Compiler/arm-gnu-toolchain-12.3.rel1-x86_64-arm-none-eabi/bin/../lib/gcc/arm-none-eabi/12.3.1/../../../../arm-none-eabi/lib/thumb/v6-m/nofp/libc_nano.a(libc_a-stdio.o)
 .debug_frame   0x0000035c       0x40 /home/ismet/Documents/KON309/NXP/Compiler/arm-gnu-toolchain-12.3.rel1-x86_64-arm-none-eabi/bin/../lib/gcc/arm-none-eabi/12.3.1/../../../../arm-none-eabi/lib/thumb/v6-m/nofp/libc_nano.a(libc_a-mlock.o)
 .debug_frame   0x0000039c       0x2c /home/ismet/Documents/KON309/NXP/Compiler/arm-gnu-toolchain-12.3.rel1-x86_64-arm-none-eabi/bin/../lib/gcc/arm-none-eabi/12.3.1/../../../../arm-none-eabi/lib/thumb/v6-m/nofp/libc_nano.a(libc_a-sbrkr.o)
 .debug_frame   0x000003c8       0x2c /home/ismet/Documents/KON309/NXP/Compiler/arm-gnu-toolchain-12.3.rel1-x86_64-arm-none-eabi/bin/../lib/gcc/arm-none-eabi/12.3.1/../../../../arm-none-eabi/lib/thumb/v6-m/nofp/libc_nano.a(libc_a-writer.o)
 .debug_frame   0x000003f4       0x34 /home/ismet/Documents/KON309/NXP/Compiler/arm-gnu-toolchain-12.3.rel1-x86_64-arm-none-eabi/bin/../lib/gcc/arm-none-eabi/12.3.1/../../../../arm-none-eabi/lib/thumb/v6-m/nofp/libc_nano.a(libc_a-fwalk.o)
 .debug_frame   0x00000428       0x20 /home/ismet/Documents/KON309/NXP/Compiler/arm-gnu-toolchain-12.3.rel1-x86_64-arm-none-eabi/bin/../lib/gcc/arm-none-eabi/12.3.1/../../../../arm-none-eabi/lib/thumb/v6-m/nofp/libc_nano.a(libc_a-memset.o)
 .debug_frame   0x00000448       0x2c /home/ismet/Documents/KON309/NXP/Compiler/arm-gnu-toolchain-12.3.rel1-x86_64-arm-none-eabi/bin/../lib/gcc/arm-none-eabi/12.3.1/../../../../arm-none-eabi/lib/thumb/v6-m/nofp/libc_nano.a(libc_a-freer.o)
 .debug_frame   0x00000474       0xb0 /home/ismet/Documents/KON309/NXP/Compiler/arm-gnu-toolchain-12.3.rel1-x86_64-arm-none-eabi/bin/../lib/gcc/arm-none-eabi/12.3.1/../../../../arm-none-eabi/lib/thumb/v6-m/nofp/libc_nano.a(libc_a-lock.o)
 .debug_frame   0x00000524       0x2c /home/ismet/Documents/KON309/NXP/Compiler/arm-gnu-toolchain-12.3.rel1-x86_64-arm-none-eabi/bin/../lib/gcc/arm-none-eabi/12.3.1/../../../../arm-none-eabi/lib/thumb/v6-m/nofp/libc_nano.a(libc_a-closer.o)
 .debug_frame   0x00000550       0x2c /home/ismet/Documents/KON309/NXP/Compiler/arm-gnu-toolchain-12.3.rel1-x86_64-arm-none-eabi/bin/../lib/gcc/arm-none-eabi/12.3.1/../../../../arm-none-eabi/lib/thumb/v6-m/nofp/libc_nano.a(libc_a-reent.o)
 .debug_frame   0x0000057c       0x68 /home/ismet/Documents/KON309/NXP/Compiler/arm-gnu-toolchain-12.3.rel1-x86_64-arm-none-eabi/bin/../lib/gcc/arm-none-eabi/12.3.1/../../../../arm-none-eabi/lib/thumb/v6-m/nofp/libc_nano.a(libc_a-fflush.o)
 .debug_frame   0x000005e4       0x2c /home/ismet/Documents/KON309/NXP/Compiler/arm-gnu-toolchain-12.3.rel1-x86_64-arm-none-eabi/bin/../lib/gcc/arm-none-eabi/12.3.1/../../../../arm-none-eabi/lib/thumb/v6-m/nofp/libc_nano.a(libc_a-lseekr.o)
 .debug_frame   0x00000610       0x2c /home/ismet/Documents/KON309/NXP/Compiler/arm-gnu-toolchain-12.3.rel1-x86_64-arm-none-eabi/bin/../lib/gcc/arm-none-eabi/12.3.1/../../../../arm-none-eabi/lib/thumb/v6-m/nofp/libc_nano.a(libc_a-readr.o)
 .debug_frame   0x0000063c       0x20 /home/ismet/Documents/KON309/NXP/Compiler/arm-gnu-toolchain-12.3.rel1-x86_64-arm-none-eabi/bin/../lib/gcc/arm-none-eabi/12.3.1/../../../../arm-none-eabi/lib/thumb/v6-m/nofp/libnosys.a(close.o)
 .debug_frame   0x0000065c       0x20 /home/ismet/Documents/KON309/NXP/Compiler/arm-gnu-toolchain-12.3.rel1-x86_64-arm-none-eabi/bin/../lib/gcc/arm-none-eabi/12.3.1/../../../../arm-none-eabi/lib/thumb/v6-m/nofp/libnosys.a(lseek.o)
 .debug_frame   0x0000067c       0x20 /home/ismet/Documents/KON309/NXP/Compiler/arm-gnu-toolchain-12.3.rel1-x86_64-arm-none-eabi/bin/../lib/gcc/arm-none-eabi/12.3.1/../../../../arm-none-eabi/lib/thumb/v6-m/nofp/libnosys.a(read.o)
 .debug_frame   0x0000069c       0x20 /home/ismet/Documents/KON309/NXP/Compiler/arm-gnu-toolchain-12.3.rel1-x86_64-arm-none-eabi/bin/../lib/gcc/arm-none-eabi/12.3.1/../../../../arm-none-eabi/lib/thumb/v6-m/nofp/libnosys.a(sbrk.o)
 .debug_frame   0x000006bc       0x20 /home/ismet/Documents/KON309/NXP/Compiler/arm-gnu-toolchain-12.3.rel1-x86_64-arm-none-eabi/bin/../lib/gcc/arm-none-eabi/12.3.1/../../../../arm-none-eabi/lib/thumb/v6-m/nofp/libnosys.a(write.o)
 .debug_frame   0x000006dc       0x20 /home/ismet/Documents/KON309/NXP/Compiler/arm-gnu-toolchain-12.3.rel1-x86_64-arm-none-eabi/bin/../lib/gcc/arm-none-eabi/12.3.1/../../../../arm-none-eabi/lib/thumb/v6-m/nofp/libnosys.a(_exit.o)
