Archive member included to satisfy reference by file (symbol)

/home/ismet/Documents/KON309/NXP/Compiler/arm-gnu-toolchain-12.3.rel1-x86_64-arm-none-eabi/bin/../lib/gcc/arm-none-eabi/12.3.1/thumb/v6-m/nofp/libgcc.a(_thumb1_case_sqi.o)
                              build/fsl_str.o (__gnu_thumb1_case_sqi)
/home/ismet/Documents/KON309/NXP/Compiler/arm-gnu-toolchain-12.3.rel1-x86_64-arm-none-eabi/bin/../lib/gcc/arm-none-eabi/12.3.1/thumb/v6-m/nofp/libgcc.a(_thumb1_case_uqi.o)
                              build/fsl_clock.o (__gnu_thumb1_case_uqi)
/home/ismet/Documents/KON309/NXP/Compiler/arm-gnu-toolchain-12.3.rel1-x86_64-arm-none-eabi/bin/../lib/gcc/arm-none-eabi/12.3.1/thumb/v6-m/nofp/libgcc.a(_udivsi3.o)
                              build/experiment3_bonus.o (__aeabi_uidiv)
/home/ismet/Documents/KON309/NXP/Compiler/arm-gnu-toolchain-12.3.rel1-x86_64-arm-none-eabi/bin/../lib/gcc/arm-none-eabi/12.3.1/thumb/v6-m/nofp/libgcc.a(_divsi3.o)
                              build/system_LPC824.o (__aeabi_idiv)
/home/ismet/Documents/KON309/NXP/Compiler/arm-gnu-toolchain-12.3.rel1-x86_64-arm-none-eabi/bin/../lib/gcc/arm-none-eabi/12.3.1/thumb/v6-m/nofp/libgcc.a(_dvmd_tls.o)
                              /home/ismet/Documents/KON309/NXP/Compiler/arm-gnu-toolchain-12.3.rel1-x86_64-arm-none-eabi/bin/../lib/gcc/arm-none-eabi/12.3.1/thumb/v6-m/nofp/libgcc.a(_udivsi3.o) (__aeabi_idiv0)
/home/ismet/Documents/KON309/NXP/Compiler/arm-gnu-toolchain-12.3.rel1-x86_64-arm-none-eabi/bin/../lib/gcc/arm-none-eabi/12.3.1/thumb/v6-m/nofp/libgcc.a(_aeabi_ldivmod.o)
                              build/fsl_clock.o (__aeabi_ldivmod)
/home/ismet/Documents/KON309/NXP/Compiler/arm-gnu-toolchain-12.3.rel1-x86_64-arm-none-eabi/bin/../lib/gcc/arm-none-eabi/12.3.1/thumb/v6-m/nofp/libgcc.a(_aeabi_uldivmod.o)
                              build/fsl_common_arm.o (__aeabi_uldivmod)
/home/ismet/Documents/KON309/NXP/Compiler/arm-gnu-toolchain-12.3.rel1-x86_64-arm-none-eabi/bin/../lib/gcc/arm-none-eabi/12.3.1/thumb/v6-m/nofp/libgcc.a(_muldi3.o)
                              build/fsl_common_arm.o (__aeabi_lmul)
/home/ismet/Documents/KON309/NXP/Compiler/arm-gnu-toolchain-12.3.rel1-x86_64-arm-none-eabi/bin/../lib/gcc/arm-none-eabi/12.3.1/thumb/v6-m/nofp/libgcc.a(_udivmoddi4.o)
                              /home/ismet/Documents/KON309/NXP/Compiler/arm-gnu-toolchain-12.3.rel1-x86_64-arm-none-eabi/bin/../lib/gcc/arm-none-eabi/12.3.1/thumb/v6-m/nofp/libgcc.a(_aeabi_uldivmod.o) (__udivmoddi4)
/home/ismet/Documents/KON309/NXP/Compiler/arm-gnu-toolchain-12.3.rel1-x86_64-arm-none-eabi/bin/../lib/gcc/arm-none-eabi/12.3.1/thumb/v6-m/nofp/libgcc.a(bpabi.o)
                              /home/ismet/Documents/KON309/NXP/Compiler/arm-gnu-toolchain-12.3.rel1-x86_64-arm-none-eabi/bin/../lib/gcc/arm-none-eabi/12.3.1/thumb/v6-m/nofp/libgcc.a(_aeabi_ldivmod.o) (__gnu_ldivmod_helper)
/home/ismet/Documents/KON309/NXP/Compiler/arm-gnu-toolchain-12.3.rel1-x86_64-arm-none-eabi/bin/../lib/gcc/arm-none-eabi/12.3.1/thumb/v6-m/nofp/libgcc.a(_clzdi2.o)
                              /home/ismet/Documents/KON309/NXP/Compiler/arm-gnu-toolchain-12.3.rel1-x86_64-arm-none-eabi/bin/../lib/gcc/arm-none-eabi/12.3.1/thumb/v6-m/nofp/libgcc.a(_udivmoddi4.o) (__clzdi2)
/home/ismet/Documents/KON309/NXP/Compiler/arm-gnu-toolchain-12.3.rel1-x86_64-arm-none-eabi/bin/../lib/gcc/arm-none-eabi/12.3.1/thumb/v6-m/nofp/libgcc.a(_divdi3.o)
                              /home/ismet/Documents/KON309/NXP/Compiler/arm-gnu-toolchain-12.3.rel1-x86_64-arm-none-eabi/bin/../lib/gcc/arm-none-eabi/12.3.1/thumb/v6-m/nofp/libgcc.a(bpabi.o) (__divdi3)
/home/ismet/Documents/KON309/NXP/Compiler/arm-gnu-toolchain-12.3.rel1-x86_64-arm-none-eabi/bin/../lib/gcc/arm-none-eabi/12.3.1/thumb/v6-m/nofp/libgcc.a(_clzsi2.o)
                              /home/ismet/Documents/KON309/NXP/Compiler/arm-gnu-toolchain-12.3.rel1-x86_64-arm-none-eabi/bin/../lib/gcc/arm-none-eabi/12.3.1/thumb/v6-m/nofp/libgcc.a(_clzdi2.o) (__clzsi2)
/home/ismet/Documents/KON309/NXP/Compiler/arm-gnu-toolchain-12.3.rel1-x86_64-arm-none-eabi/bin/../lib/gcc/arm-none-eabi/12.3.1/../../../../arm-none-eabi/lib/thumb/v6-m/nofp/libc_nano.a(libc_a-exit.o)
                              /home/ismet/Documents/KON309/NXP/Compiler/arm-gnu-toolchain-12.3.rel1-x86_64-arm-none-eabi/bin/../lib/gcc/arm-none-eabi/12.3.1/../../../../arm-none-eabi/lib/thumb/v6-m/nofp/crt0.o (exit)
/home/ismet/Documents/KON309/NXP/Compiler/arm-gnu-toolchain-12.3.rel1-x86_64-arm-none-eabi/bin/../lib/gcc/arm-none-eabi/12.3.1/../../../../arm-none-eabi/lib/thumb/v6-m/nofp/libc_nano.a(libc_a-strtoul.o)
                              build/fsl_str.o (strtoul)
/home/ismet/Documents/KON309/NXP/Compiler/arm-gnu-toolchain-12.3.rel1-x86_64-arm-none-eabi/bin/../lib/gcc/arm-none-eabi/12.3.1/../../../../arm-none-eabi/lib/thumb/v6-m/nofp/libc_nano.a(libc_a-init.o)
[...]
Memory Configuration

Name             Origin             Length             Attributes
m_interrupts     0x00000000         0x00000200         xr
m_crp            0x000002fc         0x00000004         xr
m_text           0x00000300         0x00007d00         xr
m_data           0x10000000         0x00001fe0         rw
*default*        0x00000000         0xffffffff

Linker script and memory map

LOAD /home/ismet/Documents/KON309/NXP/Compiler/arm-gnu-toolchain-12.3.rel1-x86_64-arm-none-eabi/bin/../lib/gcc/arm-none-eabi/12.3.1/thumb/v6-m/nofp/crti.o
LOAD /home/ismet/Documents/KON309/NXP/Compiler/arm-gnu-toolchain-12.3.rel1-x86_64-arm-none-eabi/bin/../lib/gcc/arm-none-eabi/12.3.1/thumb/v6-m/nofp/crtbegin.o
LOAD /home/ismet/Documents/KON309/NXP/Compiler/arm-gnu-toolchain-12.3.rel1-x86_64-arm-none-eabi/bin/../lib/gcc/arm-none-eabi/12.3.1/../../../../arm-none-eabi/lib/thumb/v6-m/nofp/crt0.o
LOAD build/experiment3_bonus.o
LOAD build/pin_mux.o
LOAD build/system_LPC824.o
LOAD build/fsl_common.o
LOAD build/fsl_common_arm.o
LOAD build/fsl_power.o
LOAD build/fsl_clock.o
LOAD build/fsl_reset.o
LOAD build/fsl_swm.o
LOAD build/fsl_sctimer.o
LOAD build/fsl_pint.o
LOAD build/fsl_debug_console.o
LOAD build/fsl_usart.o
LOAD build/fsl_adapter_miniusart.o
LOAD build/fsl_syscon.o
LOAD build/fsl_str.o
LOAD build/fsl_mrt.o
LOAD build/startup_LPC824.o
START GROUP
LOAD /home/ismet/Documents/KON309/NXP/Compiler/arm-gnu-toolchain-12.3.rel1-x86_64-arm-none-eabi/bin/../lib/gcc/arm-none-eabi/12.3.1/thumb/v6-m/nofp/libgcc.a
LOAD /home/ismet/Documents/KON309/NXP/Compiler/arm-gnu-toolchain-12.3.rel1-x86_64-arm-none-eabi/bin/../lib/gcc/arm-none-eabi/12.3.1/../../../../arm-none-eabi/lib/thumb/v6-m/nofp/libc_nano.a
END GROUP
START GROUP
LOAD /home/ismet/Documents/KON309/NXP/Compiler/arm-gnu-toolchain-12.3.rel1-x86_64-arm-none-eabi/bin/../lib/gcc/arm-none-eabi/12.3.1/thumb/v6-m/nofp/libgcc.a
LOAD /home/ismet/Documents/KON309/NXP/Compiler/arm-gnu-toolchain-12.3.rel1-x86_64-arm-none-eabi/bin/../lib/gcc/arm-none-eabi/12.3.1/../../../../arm-none-eabi/lib/thumb/v6-m/nofp/libc_nano.a
LOAD /home/ismet/Documents/KON309/NXP/Compiler/arm-gnu-toolchain-12.3.rel1-x86_64-arm-none-eabi/bin/../lib/gcc/arm-none-eabi/12.3.1/../../../../arm-none-eabi/lib/thumb/v6-m/nofp/libnosys.a
END GROUP
START GROUP
LOAD /home/ismet/Documents/KON309/NXP/Compiler/arm-gnu-toolchain-12.3.rel1-x86_64-arm-none-eabi/bin/../lib/gcc/arm-none-eabi/12.3.1/thumb/v6-m/nofp/libgcc.a
LOAD /home/ismet/Documents/KON309/NXP/Compiler/arm-gnu-toolchain-12.3.rel1-x86_64-arm-none-eabi/bin/../lib/gcc/arm-none-eabi/12.3.1/../../../../arm-none-eabi/lib/thumb/v6-m/nofp/libc_nano.a
LOAD /home/ismet/Documents/KON309/NXP/Compiler/arm-gnu-toolchain-12.3.rel1-x86_64-arm-none-eabi/bin/../lib/gcc/arm-none-eabi/12.3.1/../../../../arm-none-eabi/lib/thumb/v6-m/nofp/libnosys.a
END GROUP
LOAD /home/ismet/Documents/KON309/NXP/Compiler/arm-gnu-toolchain-12.3.rel1-x86_64-arm-none-eabi/bin/../lib/gcc/arm-none-eabi/12.3.1/thumb/v6-m/nofp/crtend.o
LOAD /home/ismet/Documents/KON309/NXP/Compiler/arm-gnu-toolchain-12.3.rel1-x86_64-arm-none-eabi/bin/../lib/gcc/arm-none-eabi/12.3.1/thumb/v6-m/nofp/crtn.o
                0x00000400                        HEAP_SIZE = DEFINED (__heap_size__)?__heap_size__:0x400
                0x00000800                        STACK_SIZE = DEFINED (__stack_size__)?__stack_size__:0x800

.interrupts     0x00000000       0xc0
                0x00000000                        . = ALIGN (0x4)
 *(.isr_vector)
 .isr_vector    0x00000000       0xc0 build/startup_LPC824.o
                0x00000000                __Vectors
                0x000000c0                        . = ALIGN (0x4)

.crp            0x000002fc        0x4
                0x000002fc                        . = ALIGN (0x4)
 *(.crp)
 .crp           0x000002fc        0x4 build/startup_LPC824.o
                0x00000300                        . = ALIGN (0x4)

.text           0x00000300     0x403c
                0x00000300                        . = ALIGN (0x4)
 *(.text)
 .text          0x00000300        0x0 /home/ismet/Documents/KON309/NXP/Compiler/arm-gnu-toolchain-12.3.rel1-x86_64-arm-none-eabi/bin/../lib/gcc/arm-none-eabi/12.3.1/thumb/v6-m/nofp/crti.o
 .text          0x00000300        0x0 /home/ismet/Documents/KON309/NXP/Compiler/arm-gnu-toolchain-12.3.rel1-x86_64-arm-none-eabi/bin/../lib/gcc/arm-none-eabi/12.3.1/thumb/v6-m/nofp/crtbegin.o
 .text          0x00000300       0x80 /home/ismet/Documents/KON309/NXP/Compiler/arm-gnu-toolchain-12.3.rel1-x86_64-arm-none-eabi/bin/../lib/gcc/arm-none-eabi/12.3.1/../../../../arm-none-eabi/lib/thumb/v6-m/nofp/crt0.o
                0x00000300                _stack_init
                0x0000030c                _mainCRTStartup
                0x0000030c                _start
 .text          0x00000380        0x0 build/experiment3_bonus.o
 .text          0x00000380        0x0 build/pin_mux.o
 .text          0x00000380        0x0 build/system_LPC824.o
 .text          0x00000380        0x0 build/fsl_common.o
 .text          0x00000380        0x0 build/fsl_common_arm.o
 .text          0x00000380        0x0 build/fsl_power.o
 .text          0x00000380        0x0 build/fsl_clock.o
 .text          0x00000380        0x0 build/fsl_reset.o
 .text          0x00000380        0x0 build/fsl_swm.o
 .text          0x00000380        0x0 build/fsl_sctimer.o
 .text          0x00000380        0x0 build/fsl_pint.o
 .text          0x00000380        0x0 build/fsl_debug_console.o
 .text          0x00000380        0x0 build/fsl_usart.o
 .text          0x00000380        0x0 build/fsl_adapter_miniusart.o
 .text          0x00000380        0x0 build/fsl_syscon.o
 .text          0x00000380        0x0 build/fsl_str.o
 .text          0x00000380        0x0 build/fsl_mrt.o
 .text          0x00000380      0x164 build/startup_LPC824.o
                0x00000380                Reset_Handler
                0x000003b4                Reserved39_DriverIRQHandler
                0x000003b4                ADC0_OVR_DriverIRQHandler
                0x000003b4                DMA0_DriverIRQHandler
                0x000003b4                SPI1_DriverIRQHandler
                0x000003b4                I2C3_DriverIRQHandler
                0x000003b4                I2C2_DriverIRQHandler
                0x000003b4                DefaultISR
                0x000003b4                WKT_DriverIRQHandler
                0x000003b4                MRT0_DriverIRQHandler
                0x000003b4                PIN_INT5_DriverIRQHandler
                0x000003b4                ADC0_THCMP_DriverIRQHandler
                0x000003b4                PIN_INT7_DriverIRQHandler
                0x000003b4                Reserved22_DriverIRQHandler
                0x000003b4                FLASH_DriverIRQHandler
                0x000003b4                ADC0_SEQB_DriverIRQHandler
                0x000003b4                PIN_INT6_DriverIRQHandler
                0x000003b4                Reserved18_DriverIRQHandler
                0x000003b4                WDT_DriverIRQHandler
                0x000003b4                BOD_DriverIRQHandler
                0x000003b4                I2C1_DriverIRQHandler
                0x000003b4                CMP_DriverIRQHandler
                0x000003b4                ADC0_SEQA_DriverIRQHandler
                0x000003b4                SPI0_DriverIRQHandler
                0x000003b4                I2C0_DriverIRQHandler
                0x000003b8                NMI_Handler
                0x000003bc                HardFault_Handler
                0x000003c0                SVC_Handler
                0x000003c4                PendSV_Handler
                0x000003cc                SPI0_IRQHandler
                0x000003d0                SPI1_IRQHandler
                0x000003d4                Reserved18_IRQHandler
                0x000003d8                USART0_IRQHandler
                0x000003dc                USART1_IRQHandler
                0x000003e0                USART2_IRQHandler
                0x000003e4                Reserved22_IRQHandler
                0x000003e8                I2C1_IRQHandler
                0x000003ec                I2C0_IRQHandler
                0x000003f0                SCT0_IRQHandler
                0x000003f8                CMP_IRQHandler
                0x000003fc                WDT_IRQHandler
                0x00000400                BOD_IRQHandler
                0x00000404                FLASH_IRQHandler
                0x00000408                WKT_IRQHandler
                0x0000040c                ADC0_SEQA_IRQHandler
                0x00000410                ADC0_SEQB_IRQHandler
                0x00000414                ADC0_THCMP_IRQHandler
                0x00000418                ADC0_OVR_IRQHandler
                0x0000041c                DMA0_IRQHandler
                0x00000420                I2C2_IRQHandler
                0x00000424                I2C3_IRQHandler
                0x00000428                Reserved39_IRQHandler
                0x0000042c                PIN_INT0_IRQHandler
                0x00000430                PIN_INT1_IRQHandler
                0x00000434                PIN_INT2_IRQHandler
                0x00000438                PIN_INT3_IRQHandler
                0x0000043c                PIN_INT4_IRQHandler
                0x00000440                PIN_INT5_IRQHandler
                0x00000444                PIN_INT6_IRQHandler
                0x00000448                PIN_INT7_IRQHandler
 .text          0x000004e4       0x14 /home/ismet/Documents/KON309/NXP/Compiler/arm-gnu-toolchain-12.3.rel1-x86_64-arm-none-eabi/bin/../lib/gcc/arm-none-eabi/12.3.1/thumb/v6-m/nofp/libgcc.a(_thumb1_case_sqi.o)
                0x000004e4                __gnu_thumb1_case_sqi
 .text          0x000004f8       0x14 /home/ismet/Documents/KON309/NXP/Compiler/arm-gnu-toolchain-12.3.rel1-x86_64-arm-none-eabi/bin/../lib/gcc/arm-none-eabi/12.3.1/thumb/v6-m/nofp/libgcc.a(_thumb1_case_uqi.o)
                0x000004f8                __gnu_thumb1_case_uqi
 .text          0x0000050c      0x114 /home/ismet/Documents/KON309/NXP/Compiler/arm-gnu-toolchain-12.3.rel1-x86_64-arm-none-eabi/bin/../lib/gcc/arm-none-eabi/12.3.1/thumb/v6-m/nofp/libgcc.a(_udivsi3.o)
                0x0000050c                __udivsi3
                0x0000050c                __aeabi_uidiv
                0x00000618                __aeabi_uidivmod
 .text          0x00000620      0x1d4 /home/ismet/Documents/KON309/NXP/Compiler/arm-gnu-toolchain-12.3.rel1-x86_64-arm-none-eabi/bin/../lib/gcc/arm-none-eabi/12.3.1/thumb/v6-m/nofp/libgcc.a(_divsi3.o)
                0x00000620                __aeabi_idiv
                0x00000620                __divsi3
                0x000007ec                __aeabi_idivmod
 .text          0x000007f4        0x4 /home/ismet/Documents/KON309/NXP/Compiler/arm-gnu-toolchain-12.3.rel1-x86_64-arm-none-eabi/bin/../lib/gcc/arm-none-eabi/12.3.1/thumb/v6-m/nofp/libgcc.a(_dvmd_tls.o)
                0x000007f4                __aeabi_ldiv0
                0x000007f4                __aeabi_idiv0
 .text          0x000007f8       0x48 /home/ismet/Documents/KON309/NXP/Compiler/arm-gnu-toolchain-12.3.rel1-x86_64-arm-none-eabi/bin/../lib/gcc/arm-none-eabi/12.3.1/thumb/v6-m/nofp/libgcc.a(_aeabi_ldivmod.o)
                0x000007f8                __aeabi_ldivmod
 .text          0x00000840       0x40 /home/ismet/Documents/KON309/NXP/Compiler/arm-gnu-toolchain-12.3.rel1-x86_64-arm-none-eabi/bin/../lib/gcc/arm-none-eabi/12.3.1/thumb/v6-m/nofp/libgcc.a(_aeabi_uldivmod.o)
                0x00000840                __aeabi_uldivmod
 .text          0x00000880        0x0 /home/ismet/Documents/KON309/NXP/Compiler/arm-gnu-toolchain-12.3.rel1-x86_64-arm-none-eabi/bin/../lib/gcc/arm-none-eabi/12.3.1/thumb/v6-m/nofp/libgcc.a(_muldi3.o)
 .text          0x00000880        0x0 /home/ismet/Documents/KON309/NXP/Compiler/arm-gnu-toolchain-12.3.rel1-x86_64-arm-none-eabi/bin/../lib/gcc/arm-none-eabi/12.3.1/thumb/v6-m/nofp/libgcc.a(_udivmoddi4.o)
 .text          0x00000880        0x0 /home/ismet/Documents/KON309/NXP/Compiler/arm-gnu-toolchain-12.3.rel1-x86_64-arm-none-eabi/bin/../lib/gcc/arm-none-eabi/12.3.1/thumb/v6-m/nofp/libgcc.a(bpabi.o)
 .text          0x00000880       0x18 /home/ismet/Documents/KON309/NXP/Compiler/arm-gnu-toolchain-12.3.rel1-x86_64-arm-none-eabi/bin/../lib/gcc/arm-none-eabi/12.3.1/thumb/v6-m/nofp/libgcc.a(_clzdi2.o)
                0x00000880                __clzdi2
 .text          0x00000898        0x0 /home/ismet/Documents/KON309/NXP/Compiler/arm-gnu-toolchain-12.3.rel1-x86_64-arm-none-eabi/bin/../lib/gcc/arm-none-eabi/12.3.1/thumb/v6-m/nofp/libgcc.a(_divdi3.o)
 .text          0x00000898       0x3c /home/ismet/Documents/KON309/NXP/Compiler/arm-gnu-toolchain-12.3.rel1-x86_64-arm-none-eabi/bin/../lib/gcc/arm-none-eabi/12.3.1/thumb/v6-m/nofp/libgcc.a(_clzsi2.o)
                0x00000898                __clzsi2
 .text          0x000008d4        0x0 /home/ismet/Documents/KON309/NXP/Compiler/arm-gnu-toolchain-12.3.rel1-x86_64-arm-none-eabi/bin/../lib/gcc/arm-none-eabi/12.3.1/../../../../arm-none-eabi/lib/thumb/v6-m/nofp/libc_nano.a(libc_a-exit.o)
 .text          0x000008d4        0x0 /home/ismet/Documents/KON309/NXP/Compiler/arm-gnu-toolchain-12.3.rel1-x86_64-arm-none-eabi/bin/../lib/gcc/arm-none-eabi/12.3.1/../../../../arm-none-eabi/lib/thumb/v6-m/nofp/libc_nano.a(libc_a-strtoul.o)
 .text          0x000008d4        0x0 /home/ismet/Documents/KON309/NXP/Compiler/arm-gnu-toolchain-12.3.rel1-x86_64-arm-none-eabi/bin/../lib/gcc/arm-none-eabi/12.3.1/../../../../arm-none-eabi/lib/thumb/v6-m/nofp/libc_nano.a(libc_a-init.o)
 .text          0x000008d4        0x0 /home/ismet/Documents/KON309/NXP/Compiler/arm-gnu-toolchain-12.3.rel1-x86_64-arm-none-eabi/bin/../lib/gcc/arm-none-eabi/12.3.1/../../../../arm-none-eabi/lib/thumb/v6-m/nofp/libc_nano.a(libc_a-impure.o)
 .text          0x000008d4        0x0 /home/ismet/Documents/KON309/NXP/Compiler/arm-gnu-toolchain-12.3.rel1-x86_64-arm-none-eabi/bin/../lib/gcc/arm-none-eabi/12.3.1/../../../../arm-none-eabi/lib/thumb/v6-m/nofp/libc_nano.a(libc_a-memcpy-stub.o)
 .text          0x000008d4        0xe /home/ismet/Documents/KON309/NXP/Compiler/arm-gnu-toolchain-12.3.rel1-x86_64-arm-none-eabi/bin/../lib/gcc/arm-none-eabi/12.3.1/../../../../arm-none-eabi/lib/thumb/v6-m/nofp/libc_nano.a(libc_a-strlen.o)
                0x000008d4                strlen
 .text          0x000008e2        0x0 /home/ismet/Documents/KON309/NXP/Compiler/arm-gnu-toolchain-12.3.rel1-x86_64-arm-none-eabi/bin/../lib/gcc/arm-none-eabi/12.3.1/../../../../arm-none-eabi/lib/thumb/v6-m/nofp/libc_nano.a(libc_a-malloc.o)
 .text          0x000008e2        0x0 /home/ismet/Documents/KON309/NXP/Compiler/arm-gnu-toolchain-12.3.rel1-x86_64-arm-none-eabi/bin/../lib/gcc/arm-none-eabi/12.3.1/../../../../arm-none-eabi/lib/thumb/v6-m/nofp/libc_nano.a(libc_a-mallocr.o)
 .text          0x000008e2        0x0 /home/ismet/Documents/KON309/NXP/Compiler/arm-gnu-toolchain-12.3.rel1-x86_64-arm-none-eabi/bin/../lib/gcc/arm-none-eabi/12.3.1/../../../../arm-none-eabi/lib/thumb/v6-m/nofp/libc_nano.a(libc_a-findfp.o)
 .text          0x000008e2        0x0 /home/ismet/Documents/KON309/NXP/Compiler/arm-gnu-toolchain-12.3.rel1-x86_64-arm-none-eabi/bin/../lib/gcc/arm-none-eabi/12.3.1/../../../../arm-none-eabi/lib/thumb/v6-m/nofp/libc_nano.a(libc_a-stdio.o)
 .text          0x000008e2        0x0 /home/ismet/Documents/KON309/NXP/Compiler/arm-gnu-toolchain-12.3.rel1-x86_64-arm-none-eabi/bin/../lib/gcc/arm-none-eabi/12.3.1/../../../../arm-none-eabi/lib/thumb/v6-m/nofp/libc_nano.a(libc_a-mlock.o)
 .text          0x000008e2        0x0 /home/ismet/Documents/KON309/NXP/Compiler/arm-gnu-toolchain-12.3.rel1-x86_64-arm-none-eabi/bin/../lib/gcc/arm-none-eabi/12.3.1/../../../../arm-none-eabi/lib/thumb/v6-m/nofp/libc_nano.a(libc_a-ctype_.o)
 .text          0x000008e2        0x0 /home/ismet/Documents/KON309/NXP/Compiler/arm-gnu-toolchain-12.3.rel1-x86_64-arm-none-eabi/bin/../lib/gcc/arm-none-eabi/12.3.1/../../../../arm-none-eabi/lib/thumb/v6-m/nofp/libc_nano.a(libc_a-sbrkr.o)
 .text          0x000008e2        0x0 /home/ismet/Documents/KON309/NXP/Compiler/arm-gnu-toolchain-12.3.rel1-x86_64-arm-none-eabi/bin/../lib/gcc/arm-none-eabi/12.3.1/../../../../arm-none-eabi/lib/thumb/v6-m/nofp/libc_nano.a(libc_a-writer.o)
 .text          0x000008e2        0x0 /home/ismet/Documents/KON309/NXP/Compiler/arm-gnu-toolchain-12.3.rel1-x86_64-arm-none-eabi/bin/../lib/gcc/arm-none-eabi/12.3.1/../../../../arm-none-eabi/lib/thumb/v6-m/nofp/libc_nano.a(libc_a-errno.o)
 .text          0x000008e2        0x0 /home/ismet/Documents/KON309/NXP/Compiler/arm-gnu-toolchain-12.3.rel1-x86_64-arm-none-eabi/bin/../lib/gcc/arm-none-eabi/12.3.1/../../../../arm-none-eabi/lib/thumb/v6-m/nofp/libc_nano.a(libc_a-fwalk.o)
 .text          0x000008e2        0x0 /home/ismet/Documents/KON309/NXP/Compiler/arm-gnu-toolchain-12.3.rel1-x86_64-arm-none-eabi/bin/../lib/gcc/arm-none-eabi/12.3.1/../../../../arm-none-eabi/lib/thumb/v6-m/nofp/libc_nano.a(libc_a-memset.o)
 .text          0x000008e2        0x0 /home/ismet/Documents/KON309/NXP/Compiler/arm-gnu-toolchain-12.3.rel1-x86_64-arm-none-eabi/bin/../lib/gcc/arm-none-eabi/12.3.1/../../../../arm-none-eabi/lib/thumb/v6-m/nofp/libc_nano.a(libc_a-freer.o)
 .text          0x000008e2        0x0 /home/ismet/Documents/KON309/NXP/Compiler/arm-gnu-toolchain-12.3.rel1-x86_64-arm-none-eabi/bin/../lib/gcc/arm-none-eabi/12.3.1/../../../../arm-none-eabi/lib/thumb/v6-m/nofp/libc_nano.a(libc_a-lock.o)
 .text          0x000008e2        0x0 /home/ismet/Documents/KON309/NXP/Compiler/arm-gnu-toolchain-12.3.rel1-x86_64-arm-none-eabi/bin/../lib/gcc/arm-none-eabi/12.3.1/../../../../arm-none-eabi/lib/thumb/v6-m/nofp/libc_nano.a(libc_a-closer.o)
 .text          0x000008e2        0x0 /home/ismet/Documents/KON309/NXP/Compiler/arm-gnu-toolchain-12.3.rel1-x86_64-arm-none-eabi/bin/../lib/gcc/arm-none-eabi/12.3.1/../../../../arm-none-eabi/lib/thumb/v6-m/nofp/libc_nano.a(libc_a-reent.o)
 .text          0x000008e2        0x0 /home/ismet/Documents/KON309/NXP/Compiler/arm-gnu-toolchain-12.3.rel1-x86_64-arm-none-eabi/bin/../lib/gcc/arm-none-eabi/12.3.1/../../../../arm-none-eabi/lib/thumb/v6-m/nofp/libc_nano.a(libc_a-fflush.o)
 .text          0x000008e2        0x0 /home/ismet/Documents/KON309/NXP/Compiler/arm-gnu-toolchain-12.3.rel1-x86_64-arm-none-eabi/bin/../lib/gcc/arm-none-eabi/12.3.1/../../../../arm-none-eabi/lib/thumb/v6-m/nofp/libc_nano.a(libc_a-lseekr.o)
 .text          0x000008e2        0x0 /home/ismet/Documents/KON309/NXP/Compiler/arm-gnu-toolchain-12.3.rel1-x86_64-arm-none-eabi/bin/../lib/gcc/arm-none-eabi/12.3.1/../../../../arm-none-eabi/lib/thumb/v6-m/nofp/libc_nano.a(libc_a-readr.o)
 .text          0x000008e2        0x0 /home/ismet/Documents/KON309/NXP/Compiler/arm-gnu-toolchain-12.3.rel1-x86_64-arm-none-eabi/bin/../lib/gcc/arm-none-eabi/12.3.1/../../../../arm-none-eabi/lib/thumb/v6-m/nofp/libnosys.a(close.o)
 .text          0x000008e2        0x0 /home/ismet/Documents/KON309/NXP/Compiler/arm-gnu-toolchain-12.3.rel1-x86_64-arm-none-eabi/bin/../lib/gcc/arm-none-eabi/12.3.1/../../../../arm-none-eabi/lib/thumb/v6-m/nofp/libnosys.a(lseek.o)
 .text          0x000008e2        0x0 /home/ismet/Documents/KON309/NXP/Compiler/arm-gnu-toolchain-12.3.rel1-x86_64-arm-none-eabi/bin/../lib/gcc/arm-none-eabi/12.3.1/../../../../arm-none-eabi/lib/thumb/v6-m/nofp/libnosys.a(read.o)
 .text          0x000008e2        0x0 /home/ismet/Documents/KON309/NXP/Compiler/arm-gnu-toolchain-12.3.rel1-x86_64-arm-none-eabi/bin/../lib/gcc/arm-none-eabi/12.3.1/../../../../arm-none-eabi/lib/thumb/v6-m/nofp/libnosys.a(sbrk.o)
 .text          0x000008e2        0x0 /home/ismet/Documents/KON309/NXP/Compiler/arm-gnu-toolchain-12.3.rel1-x86_64-arm-none-eabi/bin/../lib/gcc/arm-none-eabi/12.3.1/../../../../arm-none-eabi/lib/thumb/v6-m/nofp/libnosys.a(write.o)
 .text          0x000008e2        0x0 /home/ismet/Documents/KON309/NXP/Compiler/arm-gnu-toolchain-12.3.rel1-x86_64-arm-none-eabi/bin/../lib/gcc/arm-none-eabi/12.3.1/../../../../arm-none-eabi/lib/thumb/v6-m/nofp/libnosys.a(_exit.o)
 .text          0x000008e2        0x0 /home/ismet/Documents/KON309/NXP/Compiler/arm-gnu-toolchain-12.3.rel1-x86_64-arm-none-eabi/bin/../lib/gcc/arm-none-eabi/12.3.1/thumb/v6-m/nofp/crtend.o
 .text          0x000008e2        0x0 /home/ismet/Documents/KON309/NXP/Compiler/arm-gnu-toolchain-12.3.rel1-x86_64-arm-none-eabi/bin/../lib/gcc/arm-none-eabi/12.3.1/thumb/v6-m/nofp/crtn.o
 *(.text*)
 *fill*         0x000008e2        0x2 
 .text.deregister_tm_clones
                0x000008e4       0x20 /home/ismet/Documents/KON309/NXP/Compiler/arm-gnu-toolchain-12.3.rel1-x86_64-arm-none-eabi/bin/../lib/gcc/arm-none-eabi/12.3.1/thumb/v6-m/nofp/crtbegin.o
 .text.register_tm_clones
                0x00000904       0x28 /home/ismet/Documents/KON309/NXP/Compiler/arm-gnu-toolchain-12.3.rel1-x86_64-arm-none-eabi/bin/../lib/gcc/arm-none-eabi/12.3.1/thumb/v6-m/nofp/crtbegin.o
 .text.__do_global_dtors_aux
                0x0000092c       0x2c /home/ismet/Documents/KON309/NXP/Compiler/arm-gnu-toolchain-12.3.rel1-x86_64-arm-none-eabi/bin/../lib/gcc/arm-none-eabi/12.3.1/thumb/v6-m/nofp/crtbegin.o
 .text.frame_dummy
                0x00000958       0x24 /home/ismet/Documents/KON309/NXP/Compiler/arm-gnu-toolchain-12.3.rel1-x86_64-arm-none-eabi/bin/../lib/gcc/arm-none-eabi/12.3.1/thumb/v6-m/nofp/crtbegin.o
 .text.pint_intr_callback
                0x0000097c       0x44 build/experiment3_bonus.o
                0x0000097c                pint_intr_callback
 .text.pint_intr2_callback
                0x000009c0       0x54 build/experiment3_bonus.o
                0x000009c0                pint_intr2_callback
 .text.pint_intr3_callback
                0x00000a14       0x4c build/experiment3_bonus.o
                0x00000a14                pint_intr3_callback
 .text.MRT0_IRQHandler
                0x00000a60      0x148 build/experiment3_bonus.o
                0x00000a60                MRT0_IRQHandler
 .text.uart_init
                0x00000ba8       0x38 build/experiment3_bonus.o
                0x00000ba8                uart_init
 .text.clock_init
                0x00000be0       0x58 build/experiment3_bonus.o
                0x00000be0                clock_init
 .text.startup.main
                0x00000c38      0x1f0 build/experiment3_bonus.o
                0x00000c38                main
 .text.SysTick_Handler
                0x00000e28       0x14 build/experiment3_bonus.o
                0x00000e28                SysTick_Handler
 .text.delay_ms
                0x00000e3c       0x10 build/experiment3_bonus.o
                0x00000e3c                delay_ms
 .text.InitPins
                0x00000e4c       0x70 build/pin_mux.o
                0x00000e4c                InitPins
 .text.SystemCoreClockUpdate
                0x00000ebc       0x90 build/system_LPC824.o
                0x00000ebc                SystemCoreClockUpdate
 .text.SystemInitHook
                0x00000f4c        0x2 build/system_LPC824.o
                0x00000f4c                SystemInitHook
 *fill*         0x00000f4e        0x2 
 .text.SystemInit
                0x00000f50       0x24 build/system_LPC824.o
                0x00000f50                SystemInit
 .text.SDK_Malloc
                0x00000f74       0x44 build/fsl_common.o
                0x00000f74                SDK_Malloc
 .text.SDK_Free
                0x00000fb8       0x1c build/fsl_common.o
                0x00000fb8                SDK_Free
 .text.SDK_DelayAtLeastUs
                0x00000fd4       0x28 build/fsl_common_arm.o
                0x00000fd4                SDK_DelayAtLeastUs
 .text.POWER_EnterSleep
                0x00000ffc       0x2c build/fsl_power.o
                0x00000ffc                POWER_EnterSleep
 .text.POWER_EnterDeepSleep
                0x00001028       0x48 build/fsl_power.o
                0x00001028                POWER_EnterDeepSleep
 .text.POWER_EnterPowerDown
                0x00001070       0x48 build/fsl_power.o
                0x00001070                POWER_EnterPowerDown
 .text.POWER_EnterDeepPowerDownMode
                0x000010b8       0x34 build/fsl_power.o
                0x000010b8                POWER_EnterDeepPowerDownMode
 .text.EnableDeepSleepIRQ
                0x000010ec       0x44 build/fsl_power.o
                0x000010ec                EnableDeepSleepIRQ
 .text.DisableDeepSleepIRQ
                0x00001130       0x44 build/fsl_power.o
                0x00001130                DisableDeepSleepIRQ
 .text.CLOCK_UpdateClkSrc
                0x00001174       0x14 build/fsl_clock.o
 .text.CLOCK_GetIrcFreq
                0x00001188        0x8 build/fsl_clock.o
                0x00001188                CLOCK_GetIrcFreq
 .text.CLOCK_GetSysOscFreq
                0x00001190       0x1c build/fsl_clock.o
                0x00001190                CLOCK_GetSysOscFreq
 .text.CLOCK_GetSystemPLLInClockRate
                0x000011ac       0x38 build/fsl_clock.o
                0x000011ac                CLOCK_GetSystemPLLInClockRate
 .text.CLOCK_GetMainClkFreq
                0x000011e4       0x44 build/fsl_clock.o
                0x000011e4                CLOCK_GetMainClkFreq
 .text.CLOCK_GetClockOutClkFreq
                0x00001228       0x50 build/fsl_clock.o
                0x00001228                CLOCK_GetClockOutClkFreq
 .text.CLOCK_GetUartClkFreq
                0x00001278       0x38 build/fsl_clock.o
                0x00001278                CLOCK_GetUartClkFreq
 .text.CLOCK_GetUart0ClkFreq
                0x000012b0        0x8 build/fsl_clock.o
                0x000012b0                CLOCK_GetUart0ClkFreq
 .text.CLOCK_GetUart2ClkFreq
                0x000012b8        0x8 build/fsl_clock.o
                0x000012b8                CLOCK_GetUart2ClkFreq
 .text.CLOCK_GetUart1ClkFreq
                0x000012c0        0x8 build/fsl_clock.o
                0x000012c0                CLOCK_GetUart1ClkFreq
 .text.CLOCK_GetFreq
                0x000012c8       0x5c build/fsl_clock.o
                0x000012c8                CLOCK_GetFreq
 .text.CLOCK_InitSystemPll
                0x00001324       0x9c build/fsl_clock.o
                0x00001324                CLOCK_InitSystemPll
 .text.CLOCK_InitExtClkin
                0x000013c0       0x30 build/fsl_clock.o
                0x000013c0                CLOCK_InitExtClkin
 .text.CLOCK_InitXtalin
                0x000013f0       0x58 build/fsl_clock.o
                0x000013f0                CLOCK_InitXtalin
 .text.CLOCK_InitSysOsc
                0x00001448       0x70 build/fsl_clock.o
                0x00001448                CLOCK_InitSysOsc
 .text.CLOCK_InitWdtOsc
                0x000014b8       0x44 build/fsl_clock.o
                0x000014b8                CLOCK_InitWdtOsc
 .text.CLOCK_SetMainClkSrc
                0x000014fc       0x34 build/fsl_clock.o
                0x000014fc                CLOCK_SetMainClkSrc
 .text.CLOCK_SetUARTFRGClkFreq
                0x00001530       0x5c build/fsl_clock.o
                0x00001530                CLOCK_SetUARTFRGClkFreq
 .text.CLOCK_UpdateClkOUTsrc
                0x0000158c       0x10 build/fsl_clock.o
                0x0000158c                CLOCK_UpdateClkOUTsrc
 .text.RESET_PeripheralReset
                0x0000159c       0x18 build/fsl_reset.o
                0x0000159c                RESET_PeripheralReset
 .text.SWM_SetMovablePinSelect
                0x000015b4       0x1e build/fsl_swm.o
                0x000015b4                SWM_SetMovablePinSelect
 .text.SWM_SetFixedPinSelect
                0x000015d2       0x24 build/fsl_swm.o
                0x000015d2                SWM_SetFixedPinSelect
 *fill*         0x000015f6        0x2 
 .text.SCTIMER_EventHandleIRQ
                0x000015f8       0x40 build/fsl_sctimer.o
                0x000015f8                SCTIMER_EventHandleIRQ
 .text.SCTIMER_Init
                0x00001638       0xc4 build/fsl_sctimer.o
                0x00001638                SCTIMER_Init
 .text.SCTIMER_Deinit
                0x000016fc       0x20 build/fsl_sctimer.o
                0x000016fc                SCTIMER_Deinit
 .text.SCTIMER_GetDefaultConfig
                0x0000171c       0x18 build/fsl_sctimer.o
                0x0000171c                SCTIMER_GetDefaultConfig
 .text.SCTIMER_UpdatePwmDutycycle
                0x00001734       0x80 build/fsl_sctimer.o
                0x00001734                SCTIMER_UpdatePwmDutycycle
 .text.SCTIMER_CreateAndScheduleEvent
                0x000017b4      0x118 build/fsl_sctimer.o
                0x000017b4                SCTIMER_CreateAndScheduleEvent
 .text.SCTIMER_SetupPwm
                0x000018cc      0x168 build/fsl_sctimer.o
                0x000018cc                SCTIMER_SetupPwm
 .text.SCTIMER_ScheduleEvent
                0x00001a34       0x20 build/fsl_sctimer.o
                0x00001a34                SCTIMER_ScheduleEvent
 .text.SCTIMER_IncreaseState
                0x00001a54       0x18 build/fsl_sctimer.o
                0x00001a54                SCTIMER_IncreaseState
 .text.SCTIMER_GetCurrentState
                0x00001a6c        0xc build/fsl_sctimer.o
                0x00001a6c                SCTIMER_GetCurrentState
 .text.SCTIMER_SetupOutputToggleAction
                0x00001a78       0x30 build/fsl_sctimer.o
                0x00001a78                SCTIMER_SetupOutputToggleAction
 .text.SCTIMER_SetupCaptureAction
                0x00001aa8       0x94 build/fsl_sctimer.o
                0x00001aa8                SCTIMER_SetupCaptureAction
 .text.SCTIMER_SetCallback
                0x00001b3c        0xc build/fsl_sctimer.o
                0x00001b3c                SCTIMER_SetCallback
 .text.SCT0_DriverIRQHandler
                0x00001b48       0x14 build/fsl_sctimer.o
                0x00001b48                SCT0_DriverIRQHandler
 .text.__NVIC_ClearPendingIRQ
                0x00001b5c       0x1c build/fsl_pint.o
 .text.PINT_Init
                0x00001b78       0x50 build/fsl_pint.o
                0x00001b78                PINT_Init
 .text.PINT_PinInterruptConfig
                0x00001bc8       0x44 build/fsl_pint.o
                0x00001bc8                PINT_PinInterruptConfig
 .text.PINT_PinInterruptGetConfig
                0x00001c0c       0x5c build/fsl_pint.o
                0x00001c0c                PINT_PinInterruptGetConfig
 .text.PINT_PatternMatchConfig
                0x00001c68       0x60 build/fsl_pint.o
                0x00001c68                PINT_PatternMatchConfig
 .text.PINT_PatternMatchGetConfig
                0x00001cc8       0x54 build/fsl_pint.o
                0x00001cc8                PINT_PatternMatchGetConfig
 .text.PINT_PatternMatchResetDetectLogic
                0x00001d1c        0xe build/fsl_pint.o
                0x00001d1c                PINT_PatternMatchResetDetectLogic
 .text.PINT_PinInterruptClrStatus
                0x00001d2a       0x16 build/fsl_pint.o
                0x00001d2a                PINT_PinInterruptClrStatus
 .text.PINT_PinInterruptClrStatusAll
                0x00001d40       0x34 build/fsl_pint.o
                0x00001d40                PINT_PinInterruptClrStatusAll
 .text.PINT_EnableCallback
                0x00001d74       0x40 build/fsl_pint.o
                0x00001d74                PINT_EnableCallback
 .text.PINT_EnableCallbackByIndex
                0x00001db4       0x2c build/fsl_pint.o
                0x00001db4                PINT_EnableCallbackByIndex
 .text.PINT_DisableCallback
                0x00001de0       0x4c build/fsl_pint.o
                0x00001de0                PINT_DisableCallback
 .text.PINT_DisableCallbackByIndex
                0x00001e2c       0x40 build/fsl_pint.o
                0x00001e2c                PINT_DisableCallbackByIndex
 .text.PINT_Deinit
                0x00001e6c       0x38 build/fsl_pint.o
                0x00001e6c                PINT_Deinit
 .text.PIN_INT0_DriverIRQHandler
                0x00001ea4       0x34 build/fsl_pint.o
                0x00001ea4                PIN_INT0_DriverIRQHandler
 .text.PIN_INT1_DriverIRQHandler
                0x00001ed8       0x30 build/fsl_pint.o
                0x00001ed8                PIN_INT1_DriverIRQHandler
 .text.PIN_INT2_DriverIRQHandler
                0x00001f08       0x30 build/fsl_pint.o
                0x00001f08                PIN_INT2_DriverIRQHandler
 .text.PIN_INT3_DriverIRQHandler
                0x00001f38       0x30 build/fsl_pint.o
                0x00001f38                PIN_INT3_DriverIRQHandler
 .text.PIN_INT4_DriverIRQHandler
                0x00001f68       0x30 build/fsl_pint.o
                0x00001f68                PIN_INT4_DriverIRQHandler
 .text.PIN_INT5_DAC1_IRQHandler
                0x00001f98       0x30 build/fsl_pint.o
                0x00001f98                PIN_INT5_DAC1_IRQHandler
 .text.PIN_INT6_USART3_IRQHandler
                0x00001fc8       0x30 build/fsl_pint.o
                0x00001fc8                PIN_INT6_USART3_IRQHandler
 .text.PIN_INT7_USART4_IRQHandler
                0x00001ff8       0x30 build/fsl_pint.o
                0x00001ff8                PIN_INT7_USART4_IRQHandler
 .text.DbgConsole_ConvertRadixNumToString.constprop.0
                0x00002028       0x4e build/fsl_debug_console.o
 *fill*         0x00002076        0x2 
 .text.DbgConsole_Init
                0x00002078       0x4c build/fsl_debug_console.o
                0x00002078                DbgConsole_Init
 .text.DbgConsole_Deinit
                0x000020c4       0x1c build/fsl_debug_console.o
                0x000020c4                DbgConsole_Deinit
 .text.DbgConsole_Putchar
                0x000020e0       0x24 build/fsl_debug_console.o
                0x000020e0                DbgConsole_Putchar
 .text.DbgConsole_Vprintf
                0x00002104      0x1e8 build/fsl_debug_console.o
                0x00002104                DbgConsole_Vprintf
 .text.DbgConsole_Printf
                0x000022ec       0x16 build/fsl_debug_console.o
                0x000022ec                DbgConsole_Printf
 *fill*         0x00002302        0x2 
 .text.DbgConsole_Getchar
                0x00002304       0x28 build/fsl_debug_console.o
                0x00002304                DbgConsole_Getchar
 .text.DbgConsole_Scanf
                0x0000232c       0x6c build/fsl_debug_console.o
                0x0000232c                DbgConsole_Scanf
 .text.USART_GetInstance
                0x00002398       0x2c build/fsl_usart.o
                0x00002398                USART_GetInstance
 .text.USART_TransferGetRxRingBufferLength
                0x000023c4       0x1a build/fsl_usart.o
                0x000023c4                USART_TransferGetRxRingBufferLength
 *fill*         0x000023de        0x2 
 .text.USART_TransferHandleIRQ
                0x000023e0      0x15c build/fsl_usart.o
                0x000023e0                USART_TransferHandleIRQ
 .text.USART_TransferStartRingBuffer
                0x0000253c       0x12 build/fsl_usart.o
                0x0000253c                USART_TransferStartRingBuffer
 .text.USART_TransferStopRingBuffer
                0x0000254e       0x1c build/fsl_usart.o
                0x0000254e                USART_TransferStopRingBuffer
 *fill*         0x0000256a        0x2 
 .text.USART_Deinit
                0x0000256c       0x30 build/fsl_usart.o
                0x0000256c                USART_Deinit
 .text.USART_GetDefaultConfig
                0x0000259c       0x1a build/fsl_usart.o
                0x0000259c                USART_GetDefaultConfig
 *fill*         0x000025b6        0x2 
 .text.USART_SetBaudRate
                0x000025b8       0x94 build/fsl_usart.o
                0x000025b8                USART_SetBaudRate
 .text.USART_Init
                0x0000264c       0xfc build/fsl_usart.o
                0x0000264c                USART_Init
 .text.USART_WriteBlocking
                0x00002748       0x24 build/fsl_usart.o
                0x00002748                USART_WriteBlocking
 .text.USART_ReadBlocking
                0x0000276c       0x78 build/fsl_usart.o
                0x0000276c                USART_ReadBlocking
 .text.USART_TransferCreateHandle
                0x000027e4       0x64 build/fsl_usart.o
                0x000027e4                USART_TransferCreateHandle
 .text.USART_TransferSendNonBlocking
                0x00002848       0x34 build/fsl_usart.o
                0x00002848                USART_TransferSendNonBlocking
 .text.USART_TransferAbortSend
                0x0000287c       0x16 build/fsl_usart.o
                0x0000287c                USART_TransferAbortSend
 .text.USART_TransferGetSendCount
                0x00002892       0x18 build/fsl_usart.o
                0x00002892                USART_TransferGetSendCount
 *fill*         0x000028aa        0x2 
 .text.USART_TransferReceiveNonBlocking
                0x000028ac       0xc8 build/fsl_usart.o
                0x000028ac                USART_TransferReceiveNonBlocking
 .text.USART_TransferAbortReceive
                0x00002974       0x18 build/fsl_usart.o
                0x00002974                USART_TransferAbortReceive
 .text.USART_TransferGetReceiveCount
                0x0000298c       0x18 build/fsl_usart.o
                0x0000298c                USART_TransferGetReceiveCount
 .text.USART0_DriverIRQHandler
                0x000029a4       0x1c build/fsl_usart.o
                0x000029a4                USART0_DriverIRQHandler
 .text.USART1_DriverIRQHandler
                0x000029c0       0x1c build/fsl_usart.o
                0x000029c0                USART1_DriverIRQHandler
 .text.USART2_DriverIRQHandler
                0x000029dc       0x1c build/fsl_usart.o
                0x000029dc                USART2_DriverIRQHandler
 .text.HAL_UartInit
                0x000029f8       0x6c build/fsl_adapter_miniusart.o
                0x000029f8                HAL_UartInit
 .text.HAL_UartDeinit
                0x00002a64       0x18 build/fsl_adapter_miniusart.o
                0x00002a64                HAL_UartDeinit
 .text.HAL_UartReceiveBlocking
                0x00002a7c       0x24 build/fsl_adapter_miniusart.o
                0x00002a7c                HAL_UartReceiveBlocking
 .text.HAL_UartSendBlocking
                0x00002aa0       0x18 build/fsl_adapter_miniusart.o
                0x00002aa0                HAL_UartSendBlocking
 .text.HAL_UartEnterLowpower
                0x00002ab8        0x4 build/fsl_adapter_miniusart.o
                0x00002ab8                HAL_UartEnterLowpower
 .text.HAL_UartExitLowpower
                0x00002abc        0x4 build/fsl_adapter_miniusart.o
                0x00002abc                HAL_UartExitLowpower
 .text.SYSCON_AttachSignal
                0x00002ac0        0xe build/fsl_syscon.o
                0x00002ac0                SYSCON_AttachSignal
 .text.ScanIsWhiteSpace
                0x00002ace       0x16 build/fsl_str.o
 .text.ScanIgnoreWhiteSpace
                0x00002ae4       0x22 build/fsl_str.o
 .text.ConvertRadixNumToString.constprop.0
                0x00002b06       0x4e build/fsl_str.o
 .text.StrFormatPrintf
                0x00002b54      0x184 build/fsl_str.o
                0x00002b54                StrFormatPrintf
 .text.StrFormatScanf
                0x00002cd8      0x290 build/fsl_str.o
                0x00002cd8                StrFormatScanf
 .text.MRT_Init
                0x00002f68       0x1c build/fsl_mrt.o
                0x00002f68                MRT_Init
 .text.MRT_Deinit
                0x00002f84       0x20 build/fsl_mrt.o
                0x00002f84                MRT_Deinit
 .text.MRT_UpdateTimerPeriod
                0x00002fa4       0x1e build/fsl_mrt.o
                0x00002fa4                MRT_UpdateTimerPeriod
 *fill*         0x00002fc2        0x2 
 .text.__muldi3
                0x00002fc4       0x5c /home/ismet/Documents/KON309/NXP/Compiler/arm-gnu-toolchain-12.3.rel1-x86_64-arm-none-eabi/bin/../lib/gcc/arm-none-eabi/12.3.1/thumb/v6-m/nofp/libgcc.a(_muldi3.o)
                0x00002fc4                __aeabi_lmul
                0x00002fc4                __muldi3
 .text.__udivmoddi4
                0x00003020      0x198 /home/ismet/Documents/KON309/NXP/Compiler/arm-gnu-toolchain-12.3.rel1-x86_64-arm-none-eabi/bin/../lib/gcc/arm-none-eabi/12.3.1/thumb/v6-m/nofp/libgcc.a(_udivmoddi4.o)
                0x00003020                __udivmoddi4
 .text.__gnu_ldivmod_helper
                0x000031b8       0x3c /home/ismet/Documents/KON309/NXP/Compiler/arm-gnu-toolchain-12.3.rel1-x86_64-arm-none-eabi/bin/../lib/gcc/arm-none-eabi/12.3.1/thumb/v6-m/nofp/libgcc.a(bpabi.o)
                0x000031b8                __gnu_ldivmod_helper
 .text.__divdi3
                0x000031f4      0x1e4 /home/ismet/Documents/KON309/NXP/Compiler/arm-gnu-toolchain-12.3.rel1-x86_64-arm-none-eabi/bin/../lib/gcc/arm-none-eabi/12.3.1/thumb/v6-m/nofp/libgcc.a(_divdi3.o)
                0x000031f4                __divdi3
 .text.exit     0x000033d8       0x28 /home/ismet/Documents/KON309/NXP/Compiler/arm-gnu-toolchain-12.3.rel1-x86_64-arm-none-eabi/bin/../lib/gcc/arm-none-eabi/12.3.1/../../../../arm-none-eabi/lib/thumb/v6-m/nofp/libc_nano.a(libc_a-exit.o)
                0x000033d8                exit
 .text._strtoul_l.constprop.0
                0x00003400      0x108 /home/ismet/Documents/KON309/NXP/Compiler/arm-gnu-toolchain-12.3.rel1-x86_64-arm-none-eabi/bin/../lib/gcc/arm-none-eabi/12.3.1/../../../../arm-none-eabi/lib/thumb/v6-m/nofp/libc_nano.a(libc_a-strtoul.o)
 .text._strtoul_r
                0x00003508        0x8 /home/ismet/Documents/KON309/NXP/Compiler/arm-gnu-toolchain-12.3.rel1-x86_64-arm-none-eabi/bin/../lib/gcc/arm-none-eabi/12.3.1/../../../../arm-none-eabi/lib/thumb/v6-m/nofp/libc_nano.a(libc_a-strtoul.o)
                0x00003508                _strtoul_r
 .text.strtoul_l
                0x00003510       0x18 /home/ismet/Documents/KON309/NXP/Compiler/arm-gnu-toolchain-12.3.rel1-x86_64-arm-none-eabi/bin/../lib/gcc/arm-none-eabi/12.3.1/../../../../arm-none-eabi/lib/thumb/v6-m/nofp/libc_nano.a(libc_a-strtoul.o)
                0x00003510                strtoul_l
 .text.strtoul  0x00003528       0x18 /home/ismet/Documents/KON309/NXP/Compiler/arm-gnu-toolchain-12.3.rel1-x86_64-arm-none-eabi/bin/../lib/gcc/arm-none-eabi/12.3.1/../../../../arm-none-eabi/lib/thumb/v6-m/nofp/libc_nano.a(libc_a-strtoul.o)
                0x00003528                strtoul
 .text.__libc_init_array
                0x00003540       0x48 /home/ismet/Documents/KON309/NXP/Compiler/arm-gnu-toolchain-12.3.rel1-x86_64-arm-none-eabi/bin/../lib/gcc/arm-none-eabi/12.3.1/../../../../arm-none-eabi/lib/thumb/v6-m/nofp/libc_nano.a(libc_a-init.o)
                0x00003540                __libc_init_array
 .text.memcpy   0x00003588       0x12 /home/ismet/Documents/KON309/NXP/Compiler/arm-gnu-toolchain-12.3.rel1-x86_64-arm-none-eabi/bin/../lib/gcc/arm-none-eabi/12.3.1/../../../../arm-none-eabi/lib/thumb/v6-m/nofp/libc_nano.a(libc_a-memcpy-stub.o)
                0x00003588                memcpy
 *fill*         0x0000359a        0x2 
 .text.malloc   0x0000359c       0x14 /home/ismet/Documents/KON309/NXP/Compiler/arm-gnu-toolchain-12.3.rel1-x86_64-arm-none-eabi/bin/../lib/gcc/arm-none-eabi/12.3.1/../../../../arm-none-eabi/lib/thumb/v6-m/nofp/libc_nano.a(libc_a-malloc.o)
                0x0000359c                malloc
 .text.free     0x000035b0       0x14 /home/ismet/Documents/KON309/NXP/Compiler/arm-gnu-toolchain-12.3.rel1-x86_64-arm-none-eabi/bin/../lib/gcc/arm-none-eabi/12.3.1/../../../../arm-none-eabi/lib/thumb/v6-m/nofp/libc_nano.a(libc_a-malloc.o)
                0x000035b0                free
 .text.sbrk_aligned
                0x000035c4       0x44 /home/ismet/Documents/KON309/NXP/Compiler/arm-gnu-toolchain-12.3.rel1-x86_64-arm-none-eabi/bin/../lib/gcc/arm-none-eabi/12.3.1/../../../../arm-none-eabi/lib/thumb/v6-m/nofp/libc_nano.a(libc_a-mallocr.o)
 .text._malloc_r
                0x00003608      0x100 /home/ismet/Documents/KON309/NXP/Compiler/arm-gnu-toolchain-12.3.rel1-x86_64-arm-none-eabi/bin/../lib/gcc/arm-none-eabi/12.3.1/../../../../arm-none-eabi/lib/thumb/v6-m/nofp/libc_nano.a(libc_a-mallocr.o)
                0x00003608                _malloc_r
 .text.std      0x00003708       0x6c /home/ismet/Documents/KON309/NXP/Compiler/arm-gnu-toolchain-12.3.rel1-x86_64-arm-none-eabi/bin/../lib/gcc/arm-none-eabi/12.3.1/../../../../arm-none-eabi/lib/thumb/v6-m/nofp/libc_nano.a(libc_a-findfp.o)
 .text.stdio_exit_handler
                0x00003774       0x1c /home/ismet/Documents/KON309/NXP/Compiler/arm-gnu-toolchain-12.3.rel1-x86_64-arm-none-eabi/bin/../lib/gcc/arm-none-eabi/12.3.1/../../../../arm-none-eabi/lib/thumb/v6-m/nofp/libc_nano.a(libc_a-findfp.o)
 .text.cleanup_stdio
                0x00003790       0x3c /home/ismet/Documents/KON309/NXP/Compiler/arm-gnu-toolchain-12.3.rel1-x86_64-arm-none-eabi/bin/../lib/gcc/arm-none-eabi/12.3.1/../../../../arm-none-eabi/lib/thumb/v6-m/nofp/libc_nano.a(libc_a-findfp.o)
 .text.__fp_lock
                0x000037cc       0x18 /home/ismet/Documents/KON309/NXP/Compiler/arm-gnu-toolchain-12.3.rel1-x86_64-arm-none-eabi/bin/../lib/gcc/arm-none-eabi/12.3.1/../../../../arm-none-eabi/lib/thumb/v6-m/nofp/libc_nano.a(libc_a-findfp.o)
 .text.__fp_unlock
                0x000037e4       0x18 /home/ismet/Documents/KON309/NXP/Compiler/arm-gnu-toolchain-12.3.rel1-x86_64-arm-none-eabi/bin/../lib/gcc/arm-none-eabi/12.3.1/../../../../arm-none-eabi/lib/thumb/v6-m/nofp/libc_nano.a(libc_a-findfp.o)
 .text.global_stdio_init.part.0
                0x000037fc       0x3c /home/ismet/Documents/KON309/NXP/Compiler/arm-gnu-toolchain-12.3.rel1-x86_64-arm-none-eabi/bin/../lib/gcc/arm-none-eabi/12.3.1/../../../../arm-none-eabi/lib/thumb/v6-m/nofp/libc_nano.a(libc_a-findfp.o)
 .text.__sfp_lock_acquire
                0x00003838       0x10 /home/ismet/Documents/KON309/NXP/Compiler/arm-gnu-toolchain-12.3.rel1-x86_64-arm-none-eabi/bin/../lib/gcc/arm-none-eabi/12.3.1/../../../../arm-none-eabi/lib/thumb/v6-m/nofp/libc_nano.a(libc_a-findfp.o)
                0x00003838                __sfp_lock_acquire
 .text.__sfp_lock_release
                0x00003848       0x10 /home/ismet/Documents/KON309/NXP/Compiler/arm-gnu-toolchain-12.3.rel1-x86_64-arm-none-eabi/bin/../lib/gcc/arm-none-eabi/12.3.1/../../../../arm-none-eabi/lib/thumb/v6-m/nofp/libc_nano.a(libc_a-findfp.o)
                0x00003848                __sfp_lock_release
 .text.__sfp    0x00003858       0xa8 /home/ismet/Documents/KON309/NXP/Compiler/arm-gnu-toolchain-12.3.rel1-x86_64-arm-none-eabi/bin/../lib/gcc/arm-none-eabi/12.3.1/../../../../arm-none-eabi/lib/thumb/v6-m/nofp/libc_nano.a(libc_a-findfp.o)
                0x00003858                __sfp
 .text.__sinit  0x00003900       0x30 /home/ismet/Documents/KON309/NXP/Compiler/arm-gnu-toolchain-12.3.rel1-x86_64-arm-none-eabi/bin/../lib/gcc/arm-none-eabi/12.3.1/../../../../arm-none-eabi/lib/thumb/v6-m/nofp/libc_nano.a(libc_a-findfp.o)
                0x00003900                __sinit
 .text.__fp_lock_all
                0x00003930       0x1c /home/ismet/Documents/KON309/NXP/Compiler/arm-gnu-toolchain-12.3.rel1-x86_64-arm-none-eabi/bin/../lib/gcc/arm-none-eabi/12.3.1/../../../../arm-none-eabi/lib/thumb/v6-m/nofp/libc_nano.a(libc_a-findfp.o)
                0x00003930                __fp_lock_all
 .text.__fp_unlock_all
                0x0000394c       0x1c /home/ismet/Documents/KON309/NXP/Compiler/arm-gnu-toolchain-12.3.rel1-x86_64-arm-none-eabi/bin/../lib/gcc/arm-none-eabi/12.3.1/../../../../arm-none-eabi/lib/thumb/v6-m/nofp/libc_nano.a(libc_a-findfp.o)
                0x0000394c                __fp_unlock_all
 .text.__sread  0x00003968       0x28 /home/ismet/Documents/KON309/NXP/Compiler/arm-gnu-toolchain-12.3.rel1-x86_64-arm-none-eabi/bin/../lib/gcc/arm-none-eabi/12.3.1/../../../../arm-none-eabi/lib/thumb/v6-m/nofp/libc_nano.a(libc_a-stdio.o)
                0x00003968                __sread
 .text.__seofread
                0x00003990        0x4 /home/ismet/Documents/KON309/NXP/Compiler/arm-gnu-toolchain-12.3.rel1-x86_64-arm-none-eabi/bin/../lib/gcc/arm-none-eabi/12.3.1/../../../../arm-none-eabi/lib/thumb/v6-m/nofp/libc_nano.a(libc_a-stdio.o)
                0x00003990                __seofread
 .text.__swrite
                0x00003994       0x38 /home/ismet/Documents/KON309/NXP/Compiler/arm-gnu-toolchain-12.3.rel1-x86_64-arm-none-eabi/bin/../lib/gcc/arm-none-eabi/12.3.1/../../../../arm-none-eabi/lib/thumb/v6-m/nofp/libc_nano.a(libc_a-stdio.o)
                0x00003994                __swrite
 .text.__sseek  0x000039cc       0x2c /home/ismet/Documents/KON309/NXP/Compiler/arm-gnu-toolchain-12.3.rel1-x86_64-arm-none-eabi/bin/../lib/gcc/arm-none-eabi/12.3.1/../../../../arm-none-eabi/lib/thumb/v6-m/nofp/libc_nano.a(libc_a-stdio.o)
                0x000039cc                __sseek
 .text.__sclose
                0x000039f8        0xc /home/ismet/Documents/KON309/NXP/Compiler/arm-gnu-toolchain-12.3.rel1-x86_64-arm-none-eabi/bin/../lib/gcc/arm-none-eabi/12.3.1/../../../../arm-none-eabi/lib/thumb/v6-m/nofp/libc_nano.a(libc_a-stdio.o)
                0x000039f8                __sclose
 .text.__malloc_lock
                0x00003a04       0x10 /home/ismet/Documents/KON309/NXP/Compiler/arm-gnu-toolchain-12.3.rel1-x86_64-arm-none-eabi/bin/../lib/gcc/arm-none-eabi/12.3.1/../../../../arm-none-eabi/lib/thumb/v6-m/nofp/libc_nano.a(libc_a-mlock.o)
                0x00003a04                __malloc_lock
 .text.__malloc_unlock
                0x00003a14       0x10 /home/ismet/Documents/KON309/NXP/Compiler/arm-gnu-toolchain-12.3.rel1-x86_64-arm-none-eabi/bin/../lib/gcc/arm-none-eabi/12.3.1/../../../../arm-none-eabi/lib/thumb/v6-m/nofp/libc_nano.a(libc_a-mlock.o)
                0x00003a14                __malloc_unlock
 .text._sbrk_r  0x00003a24       0x24 /home/ismet/Documents/KON309/NXP/Compiler/arm-gnu-toolchain-12.3.rel1-x86_64-arm-none-eabi/bin/../lib/gcc/arm-none-eabi/12.3.1/../../../../arm-none-eabi/lib/thumb/v6-m/nofp/libc_nano.a(libc_a-sbrkr.o)
                0x00003a24                _sbrk_r
 .text._write_r
                0x00003a48       0x28 /home/ismet/Documents/KON309/NXP/Compiler/arm-gnu-toolchain-12.3.rel1-x86_64-arm-none-eabi/bin/../lib/gcc/arm-none-eabi/12.3.1/../../../../arm-none-eabi/lib/thumb/v6-m/nofp/libc_nano.a(libc_a-writer.o)
                0x00003a48                _write_r
 .text.__errno  0x00003a70        0xc /home/ismet/Documents/KON309/NXP/Compiler/arm-gnu-toolchain-12.3.rel1-x86_64-arm-none-eabi/bin/../lib/gcc/arm-none-eabi/12.3.1/../../../../arm-none-eabi/lib/thumb/v6-m/nofp/libc_nano.a(libc_a-errno.o)
                0x00003a70                __errno
 .text._fwalk_sglue
                0x00003a7c       0x38 /home/ismet/Documents/KON309/NXP/Compiler/arm-gnu-toolchain-12.3.rel1-x86_64-arm-none-eabi/bin/../lib/gcc/arm-none-eabi/12.3.1/../../../../arm-none-eabi/lib/thumb/v6-m/nofp/libc_nano.a(libc_a-fwalk.o)
                0x00003a7c                _fwalk_sglue
 .text.memset   0x00003ab4       0x10 /home/ismet/Documents/KON309/NXP/Compiler/arm-gnu-toolchain-12.3.rel1-x86_64-arm-none-eabi/bin/../lib/gcc/arm-none-eabi/12.3.1/../../../../arm-none-eabi/lib/thumb/v6-m/nofp/libc_nano.a(libc_a-memset.o)
                0x00003ab4                memset
 .text._free_r  0x00003ac4       0x94 /home/ismet/Documents/KON309/NXP/Compiler/arm-gnu-toolchain-12.3.rel1-x86_64-arm-none-eabi/bin/../lib/gcc/arm-none-eabi/12.3.1/../../../../arm-none-eabi/lib/thumb/v6-m/nofp/libc_nano.a(libc_a-freer.o)
                0x00003ac4                _free_r
 .text.__retarget_lock_init
                0x00003b58        0x2 /home/ismet/Documents/KON309/NXP/Compiler/arm-gnu-toolchain-12.3.rel1-x86_64-arm-none-eabi/bin/../lib/gcc/arm-none-eabi/12.3.1/../../../../arm-none-eabi/lib/thumb/v6-m/nofp/libc_nano.a(libc_a-lock.o)
                0x00003b58                __retarget_lock_init
 .text.__retarget_lock_init_recursive
                0x00003b5a        0x2 /home/ismet/Documents/KON309/NXP/Compiler/arm-gnu-toolchain-12.3.rel1-x86_64-arm-none-eabi/bin/../lib/gcc/arm-none-eabi/12.3.1/../../../../arm-none-eabi/lib/thumb/v6-m/nofp/libc_nano.a(libc_a-lock.o)
                0x00003b5a                __retarget_lock_init_recursive
 .text.__retarget_lock_close
                0x00003b5c        0x2 /home/ismet/Documents/KON309/NXP/Compiler/arm-gnu-toolchain-12.3.rel1-x86_64-arm-none-eabi/bin/../lib/gcc/arm-none-eabi/12.3.1/../../../../arm-none-eabi/lib/thumb/v6-m/nofp/libc_nano.a(libc_a-lock.o)
                0x00003b5c                __retarget_lock_close
 .text.__retarget_lock_close_recursive
                0x00003b5e        0x2 /home/ismet/Documents/KON309/NXP/Compiler/arm-gnu-toolchain-12.3.rel1-x86_64-arm-none-eabi/bin/../lib/gcc/arm-none-eabi/12.3.1/../../../../arm-none-eabi/lib/thumb/v6-m/nofp/libc_nano.a(libc_a-lock.o)
                0x00003b5e                __retarget_lock_close_recursive
 .text.__retarget_lock_acquire
                0x00003b60        0x2 /home/ismet/Documents/KON309/NXP/Compiler/arm-gnu-toolchain-12.3.rel1-x86_64-arm-none-eabi/bin/../lib/gcc/arm-none-eabi/12.3.1/../../../../arm-none-eabi/lib/thumb/v6-m/nofp/libc_nano.a(libc_a-lock.o)
                0x00003b60                __retarget_lock_acquire
 .text.__retarget_lock_acquire_recursive
                0x00003b62        0x2 /home/ismet/Documents/KON309/NXP/Compiler/arm-gnu-toolchain-12.3.rel1-x86_64-arm-none-eabi/bin/../lib/gcc/arm-none-eabi/12.3.1/../../../../arm-none-eabi/lib/thumb/v6-m/nofp/libc_nano.a(libc_a-lock.o)
                0x00003b62                __retarget_lock_acquire_recursive
 .text.__retarget_lock_try_acquire
                0x00003b64        0x4 /home/ismet/Documents/KON309/NXP/Compiler/arm-gnu-toolchain-12.3.rel1-x86_64-arm-none-eabi/bin/../lib/gcc/arm-none-eabi/12.3.1/../../../../arm-none-eabi/lib/thumb/v6-m/nofp/libc_nano.a(libc_a-lock.o)
                0x00003b64                __retarget_lock_try_acquire
 .text.__retarget_lock_try_acquire_recursive
                0x00003b68        0x4 /home/ismet/Documents/KON309/NXP/Compiler/arm-gnu-toolchain-12.3.rel1-x86_64-arm-none-eabi/bin/../lib/gcc/arm-none-eabi/12.3.1/../../../../arm-none-eabi/lib/thumb/v6-m/nofp/libc_nano.a(libc_a-lock.o)
                0x00003b68                __retarget_lock_try_acquire_recursive
 .text.__retarget_lock_release
                0x00003b6c        0x2 /home/ismet/Documents/KON309/NXP/Compiler/arm-gnu-toolchain-12.3.rel1-x86_64-arm-none-eabi/bin/../lib/gcc/arm-none-eabi/12.3.1/../../../../arm-none-eabi/lib/thumb/v6-m/nofp/libc_nano.a(libc_a-lock.o)
                0x00003b6c                __retarget_lock_release
 .text.__retarget_lock_release_recursive
                0x00003b6e        0x2 /home/ismet/Documents/KON309/NXP/Compiler/arm-gnu-toolchain-12.3.rel1-x86_64-arm-none-eabi/bin/../lib/gcc/arm-none-eabi/12.3.1/../../../../arm-none-eabi/lib/thumb/v6-m/nofp/libc_nano.a(libc_a-lock.o)
                0x00003b6e                __retarget_lock_release_recursive
 .text._close_r
                0x00003b70       0x24 /home/ismet/Documents/KON309/NXP/Compiler/arm-gnu-toolchain-12.3.rel1-x86_64-arm-none-eabi/bin/../lib/gcc/arm-none-eabi/12.3.1/../../../../arm-none-eabi/lib/thumb/v6-m/nofp/libc_nano.a(libc_a-closer.o)
                0x00003b70                _close_r
 .text._reclaim_reent
                0x00003b94       0xc0 /home/ismet/Documents/KON309/NXP/Compiler/arm-gnu-toolchain-12.3.rel1-x86_64-arm-none-eabi/bin/../lib/gcc/arm-none-eabi/12.3.1/../../../../arm-none-eabi/lib/thumb/v6-m/nofp/libc_nano.a(libc_a-reent.o)
                0x00003b94                _reclaim_reent
 .text.__sflush_r
                0x00003c54      0x11c /home/ismet/Documents/KON309/NXP/Compiler/arm-gnu-toolchain-12.3.rel1-x86_64-arm-none-eabi/bin/../lib/gcc/arm-none-eabi/12.3.1/../../../../arm-none-eabi/lib/thumb/v6-m/nofp/libc_nano.a(libc_a-fflush.o)
                0x00003c54                __sflush_r
 .text._fflush_r
                0x00003d70       0x56 /home/ismet/Documents/KON309/NXP/Compiler/arm-gnu-toolchain-12.3.rel1-x86_64-arm-none-eabi/bin/../lib/gcc/arm-none-eabi/12.3.1/../../../../arm-none-eabi/lib/thumb/v6-m/nofp/libc_nano.a(libc_a-fflush.o)
                0x00003d70                _fflush_r
 *fill*         0x00003dc6        0x2 
 .text.fflush   0x00003dc8       0x30 /home/ismet/Documents/KON309/NXP/Compiler/arm-gnu-toolchain-12.3.rel1-x86_64-arm-none-eabi/bin/../lib/gcc/arm-none-eabi/12.3.1/../../../../arm-none-eabi/lib/thumb/v6-m/nofp/libc_nano.a(libc_a-fflush.o)
                0x00003dc8                fflush
 .text._lseek_r
                0x00003df8       0x28 /home/ismet/Documents/KON309/NXP/Compiler/arm-gnu-toolchain-12.3.rel1-x86_64-arm-none-eabi/bin/../lib/gcc/arm-none-eabi/12.3.1/../../../../arm-none-eabi/lib/thumb/v6-m/nofp/libc_nano.a(libc_a-lseekr.o)
                0x00003df8                _lseek_r
 .text._read_r  0x00003e20       0x28 /home/ismet/Documents/KON309/NXP/Compiler/arm-gnu-toolchain-12.3.rel1-x86_64-arm-none-eabi/bin/../lib/gcc/arm-none-eabi/12.3.1/../../../../arm-none-eabi/lib/thumb/v6-m/nofp/libc_nano.a(libc_a-readr.o)
                0x00003e20                _read_r
 .text._close   0x00003e48       0x10 /home/ismet/Documents/KON309/NXP/Compiler/arm-gnu-toolchain-12.3.rel1-x86_64-arm-none-eabi/bin/../lib/gcc/arm-none-eabi/12.3.1/../../../../arm-none-eabi/lib/thumb/v6-m/nofp/libnosys.a(close.o)
                0x00003e48                _close
 .text._lseek   0x00003e58       0x10 /home/ismet/Documents/KON309/NXP/Compiler/arm-gnu-toolchain-12.3.rel1-x86_64-arm-none-eabi/bin/../lib/gcc/arm-none-eabi/12.3.1/../../../../arm-none-eabi/lib/thumb/v6-m/nofp/libnosys.a(lseek.o)
                0x00003e58                _lseek
 .text._read    0x00003e68       0x10 /home/ismet/Documents/KON309/NXP/Compiler/arm-gnu-toolchain-12.3.rel1-x86_64-arm-none-eabi/bin/../lib/gcc/arm-none-eabi/12.3.1/../../../../arm-none-eabi/lib/thumb/v6-m/nofp/libnosys.a(read.o)
                0x00003e68                _read
 .text._sbrk    0x00003e78       0x1c /home/ismet/Documents/KON309/NXP/Compiler/arm-gnu-toolchain-12.3.rel1-x86_64-arm-none-eabi/bin/../lib/gcc/arm-none-eabi/12.3.1/../../../../arm-none-eabi/lib/thumb/v6-m/nofp/libnosys.a(sbrk.o)
                0x00003e78                _sbrk
 .text._write   0x00003e94       0x10 /home/ismet/Documents/KON309/NXP/Compiler/arm-gnu-toolchain-12.3.rel1-x86_64-arm-none-eabi/bin/../lib/gcc/arm-none-eabi/12.3.1/../../../../arm-none-eabi/lib/thumb/v6-m/nofp/libnosys.a(write.o)
                0x00003e94                _write
 .text._exit    0x00003ea4        0x4 /home/ismet/Documents/KON309/NXP/Compiler/arm-gnu-toolchain-12.3.rel1-x86_64-arm-none-eabi/bin/../lib/gcc/arm-none-eabi/12.3.1/../../../../arm-none-eabi/lib/thumb/v6-m/nofp/libnosys.a(_exit.o)
                0x00003ea4                _exit
 *(.rodata)
 *(.rodata*)
 .rodata.all_implied_fbits
                0x00003ea8       0x24 /home/ismet/Documents/KON309/NXP/Compiler/arm-gnu-toolchain-12.3.rel1-x86_64-arm-none-eabi/bin/../lib/gcc/arm-none-eabi/12.3.1/thumb/v6-m/nofp/crtbegin.o
 .rodata.pint_intr_callback.str1.1
                0x00003ecc       0x80 build/experiment3_bonus.o
 .rodata.pint_intr2_callback.str1.1
                0x00003f4c       0xab build/experiment3_bonus.o
 .rodata.pint_intr3_callback.str1.1
                0x00003ff7       0x39 build/experiment3_bonus.o
 .rodata.MRT0_IRQHandler.str1.1
                0x00004030       0xe6 build/experiment3_bonus.o
 .rodata.main.str1.1
                0x00004116       0x7a build/experiment3_bonus.o
 .rodata.CSWTCH.5
                0x00004190       0x3c build/system_LPC824.o
 .rodata.s_pintIRQ
                0x000041cc        0x8 build/fsl_pint.o
 .rodata.s_usartRest
                0x000041d4        0x3 build/fsl_usart.o
 .rodata.s_usartClock
                0x000041d7        0x3 build/fsl_usart.o
 .rodata.s_usartIRQ
                0x000041da        0x3 build/fsl_usart.o
 *fill*         0x000041dd        0x3 
 .rodata.s_UsartAdapterBase
                0x000041e0        0xc build/fsl_adapter_miniusart.o
 .rodata.CSWTCH.75
                0x000041ec        0xf build/fsl_str.o
 .rodata._ctype_
                0x000041fb      0x101 /home/ismet/Documents/KON309/NXP/Compiler/arm-gnu-toolchain-12.3.rel1-x86_64-arm-none-eabi/bin/../lib/gcc/arm-none-eabi/12.3.1/../../../../arm-none-eabi/lib/thumb/v6-m/nofp/libc_nano.a(libc_a-ctype_.o)
                0x000041fb                _ctype_
 .rodata.all_implied_fbits
                0x000042fc       0x24 /home/ismet/Documents/KON309/NXP/Compiler/arm-gnu-toolchain-12.3.rel1-x86_64-arm-none-eabi/bin/../lib/gcc/arm-none-eabi/12.3.1/thumb/v6-m/nofp/crtend.o
 *(.glue_7)
 .glue_7        0x00004320        0x0 linker stubs
 *(.glue_7t)
 .glue_7t       0x00004320        0x0 linker stubs
 *(.eh_frame)
 .eh_frame      0x00004320        0x0 /home/ismet/Documents/KON309/NXP/Compiler/arm-gnu-toolchain-12.3.rel1-x86_64-arm-none-eabi/bin/../lib/gcc/arm-none-eabi/12.3.1/thumb/v6-m/nofp/crtbegin.o
 .eh_frame      0x00004320        0x4 /home/ismet/Documents/KON309/NXP/Compiler/arm-gnu-toolchain-12.3.rel1-x86_64-arm-none-eabi/bin/../lib/gcc/arm-none-eabi/12.3.1/thumb/v6-m/nofp/crtend.o
 *(.init)
 .init          0x00004324        0x4 /home/ismet/Documents/KON309/NXP/Compiler/arm-gnu-toolchain-12.3.rel1-x86_64-arm-none-eabi/bin/../lib/gcc/arm-none-eabi/12.3.1/thumb/v6-m/nofp/crti.o
                0x00004324                _init
 .init          0x00004328        0x8 /home/ismet/Documents/KON309/NXP/Compiler/arm-gnu-toolchain-12.3.rel1-x86_64-arm-none-eabi/bin/../lib/gcc/arm-none-eabi/12.3.1/thumb/v6-m/nofp/crtn.o
 *(.fini)
 .fini          0x00004330        0x4 /home/ismet/Documents/KON309/NXP/Compiler/arm-gnu-toolchain-12.3.rel1-x86_64-arm-none-eabi/bin/../lib/gcc/arm-none-eabi/12.3.1/thumb/v6-m/nofp/crti.o
                0x00004330                _fini
 .fini          0x00004334        0x8 /home/ismet/Documents/KON309/NXP/Compiler/arm-gnu-toolchain-12.3.rel1-x86_64-arm-none-eabi/bin/../lib/gcc/arm-none-eabi/12.3.1/thumb/v6-m/nofp/crtn.o
                0x0000433c                        . = ALIGN (0x4)

.vfp11_veneer   0x0000433c        0x0
 .vfp11_veneer  0x0000433c        0x0 linker stubs

.v4_bx          0x0000433c        0x0
 .v4_bx         0x0000433c        0x0 linker stubs

.iplt           0x0000433c        0x0
 .iplt          0x0000433c        0x0 /home/ismet/Documents/KON309/NXP/Compiler/arm-gnu-toolchain-12.3.rel1-x86_64-arm-none-eabi/bin/../lib/gcc/arm-none-eabi/12.3.1/thumb/v6-m/nofp/crtbegin.o

.ARM.extab      0x0000433c        0x0
 *(.ARM.extab* .gnu.linkonce.armextab.*)
 .ARM.extab     0x0000433c        0x0 /home/ismet/Documents/KON309/NXP/Compiler/arm-gnu-toolchain-12.3.rel1-x86_64-arm-none-eabi/bin/../lib/gcc/arm-none-eabi/12.3.1/../../../../arm-none-eabi/lib/thumb/v6-m/nofp/crt0.o
 .ARM.extab.text.__udivmoddi4
                0x0000433c        0x0 /home/ismet/Documents/KON309/NXP/Compiler/arm-gnu-toolchain-12.3.rel1-x86_64-arm-none-eabi/bin/../lib/gcc/arm-none-eabi/12.3.1/thumb/v6-m/nofp/libgcc.a(_udivmoddi4.o)
 .ARM.extab.text.__divdi3
                0x0000433c        0x0 /home/ismet/Documents/KON309/NXP/Compiler/arm-gnu-toolchain-12.3.rel1-x86_64-arm-none-eabi/bin/../lib/gcc/arm-none-eabi/12.3.1/thumb/v6-m/nofp/libgcc.a(_divdi3.o)

.ARM            0x0000433c        0x8
                0x0000433c                        __exidx_start = .
 *(.ARM.exidx*)
 .ARM.exidx     0x0000433c        0x8 /home/ismet/Documents/KON309/NXP/Compiler/arm-gnu-toolchain-12.3.rel1-x86_64-arm-none-eabi/bin/../lib/gcc/arm-none-eabi/12.3.1/../../../../arm-none-eabi/lib/thumb/v6-m/nofp/crt0.o
                                 0x10 (size before relaxing)
 .ARM.exidx.text.__udivmoddi4
                0x00004344        0x0 /home/ismet/Documents/KON309/NXP/Compiler/arm-gnu-toolchain-12.3.rel1-x86_64-arm-none-eabi/bin/../lib/gcc/arm-none-eabi/12.3.1/thumb/v6-m/nofp/libgcc.a(_udivmoddi4.o)
                                  0x8 (size before relaxing)
 .ARM.exidx.text.__divdi3
                0x00004344        0x0 /home/ismet/Documents/KON309/NXP/Compiler/arm-gnu-toolchain-12.3.rel1-x86_64-arm-none-eabi/bin/../lib/gcc/arm-none-eabi/12.3.1/thumb/v6-m/nofp/libgcc.a(_divdi3.o)
                                  0x8 (size before relaxing)
                0x00004344                        __exidx_end = .

.rel.dyn        0x00004344        0x0
 .rel.iplt      0x00004344        0x0 /home/ismet/Documents/KON309/NXP/Compiler/arm-gnu-toolchain-12.3.rel1-x86_64-arm-none-eabi/bin/../lib/gcc/arm-none-eabi/12.3.1/thumb/v6-m/nofp/crtbegin.o

.ctors          0x00004344        0x0
                0x00004344                        __CTOR_LIST__ = .
 *crtbegin.o(.ctors)
 *crtbegin?.o(.ctors)
 *(EXCLUDE_FILE(*crtend.o *crtend?.o) .ctors)
 *(SORT_BY_NAME(.ctors.*))
 *(.ctors)
                0x00004344                        __CTOR_END__ = .

.dtors          0x00004344        0x0
                0x00004344                        __DTOR_LIST__ = .
 *crtbegin.o(.dtors)
 *crtbegin?.o(.dtors)
 *(EXCLUDE_FILE(*crtend.o *crtend?.o) .dtors)
 *(SORT_BY_NAME(.dtors.*))
 *(.dtors)
                0x00004344                        __DTOR_END__ = .

.preinit_array  0x00004344        0x0
                0x00004344                        PROVIDE (__preinit_array_start = .)
 *(.preinit_array*)
                0x00004344                        PROVIDE (__preinit_array_end = .)

.init_array     0x00004344        0x4
                0x00004344                        PROVIDE (__init_array_start = .)
 *(SORT_BY_NAME(.init_array.*))
 *(.init_array*)
 .init_array    0x00004344        0x4 /home/ismet/Documents/KON309/NXP/Compiler/arm-gnu-toolchain-12.3.rel1-x86_64-arm-none-eabi/bin/../lib/gcc/arm-none-eabi/12.3.1/thumb/v6-m/nofp/crtbegin.o
                0x00004348                        PROVIDE (__init_array_end = .)

.fini_array     0x00004348        0x4
                [!provide]                        PROVIDE (__fini_array_start = .)
 *(SORT_BY_NAME(.fini_array.*))
 *(.fini_array*)
 .fini_array    0x00004348        0x4 /home/ismet/Documents/KON309/NXP/Compiler/arm-gnu-toolchain-12.3.rel1-x86_64-arm-none-eabi/bin/../lib/gcc/arm-none-eabi/12.3.1/thumb/v6-m/nofp/crtbegin.o
                [!provide]                        PROVIDE (__fini_array_end = .)
                0x0000434c                        __etext = .
                0x0000434c                        __DATA_ROM = .

.data           0x10000000       0xa8 load address 0x0000434c
                0x10000000                        . = ALIGN (0x4)
                0x10000000                        __DATA_RAM = .
                0x10000000                        __data_start__ = .
 *(.ramfunc*)
 *(.data)
 .data          0x10000000        0x0 /home/ismet/Documents/KON309/NXP/Compiler/arm-gnu-toolchain-12.3.rel1-x86_64-arm-none-eabi/bin/../lib/gcc/arm-none-eabi/12.3.1/thumb/v6-m/nofp/crti.o
 .data          0x10000000        0x0 /home/ismet/Documents/KON309/NXP/Compiler/arm-gnu-toolchain-12.3.rel1-x86_64-arm-none-eabi/bin/../lib/gcc/arm-none-eabi/12.3.1/thumb/v6-m/nofp/crtbegin.o
 .data          0x10000000        0x0 /home/ismet/Documents/KON309/NXP/Compiler/arm-gnu-toolchain-12.3.rel1-x86_64-arm-none-eabi/bin/../lib/gcc/arm-none-eabi/12.3.1/../../../../arm-none-eabi/lib/thumb/v6-m/nofp/crt0.o
 .data          0x10000000        0x0 build/experiment3_bonus.o
 .data          0x10000000        0x0 build/pin_mux.o
 .data          0x10000000        0x0 build/system_LPC824.o
 .data          0x10000000        0x0 build/fsl_common.o
 .data          0x10000000        0x0 build/fsl_common_arm.o
 .data          0x10000000        0x0 build/fsl_power.o
 .data          0x10000000        0x0 build/fsl_clock.o
 .data          0x10000000        0x0 build/fsl_reset.o
 .data          0x10000000        0x0 build/fsl_swm.o
 .data          0x10000000        0x0 build/fsl_sctimer.o
 .data          0x10000000        0x0 build/fsl_pint.o
 .data          0x10000000        0x0 build/fsl_debug_console.o
 .data          0x10000000        0x0 build/fsl_usart.o
 .data          0x10000000        0x0 build/fsl_adapter_miniusart.o
 .data          0x10000000        0x0 build/fsl_syscon.o
 .data          0x10000000        0x0 build/fsl_str.o
 .data          0x10000000        0x0 build/fsl_mrt.o
 .data          0x10000000        0x0 build/startup_LPC824.o
 .data          0x10000000        0x0 /home/ismet/Documents/KON309/NXP/Compiler/arm-gnu-toolchain-12.3.rel1-x86_64-arm-none-eabi/bin/../lib/gcc/arm-none-eabi/12.3.1/thumb/v6-m/nofp/libgcc.a(_thumb1_case_sqi.o)
 .data          0x10000000        0x0 /home/ismet/Documents/KON309/NXP/Compiler/arm-gnu-toolchain-12.3.rel1-x86_64-arm-none-eabi/bin/../lib/gcc/arm-none-eabi/12.3.1/thumb/v6-m/nofp/libgcc.a(_thumb1_case_uqi.o)
 .data          0x10000000        0x0 /home/ismet/Documents/KON309/NXP/Compiler/arm-gnu-toolchain-12.3.rel1-x86_64-arm-none-eabi/bin/../lib/gcc/arm-none-eabi/12.3.1/thumb/v6-m/nofp/libgcc.a(_udivsi3.o)
 .data          0x10000000        0x0 /home/ismet/Documents/KON309/NXP/Compiler/arm-gnu-toolchain-12.3.rel1-x86_64-arm-none-eabi/bin/../lib/gcc/arm-none-eabi/12.3.1/thumb/v6-m/nofp/libgcc.a(_divsi3.o)
 .data          0x10000000        0x0 /home/ismet/Documents/KON309/NXP/Compiler/arm-gnu-toolchain-12.3.rel1-x86_64-arm-none-eabi/bin/../lib/gcc/arm-none-eabi/12.3.1/thumb/v6-m/nofp/libgcc.a(_dvmd_tls.o)
 .data          0x10000000        0x0 /home/ismet/Documents/KON309/NXP/Compiler/arm-gnu-toolchain-12.3.rel1-x86_64-arm-none-eabi/bin/../lib/gcc/arm-none-eabi/12.3.1/thumb/v6-m/nofp/libgcc.a(_aeabi_ldivmod.o)
 .data          0x10000000        0x0 /home/ismet/Documents/KON309/NXP/Compiler/arm-gnu-toolchain-12.3.rel1-x86_64-arm-none-eabi/bin/../lib/gcc/arm-none-eabi/12.3.1/thumb/v6-m/nofp/libgcc.a(_aeabi_uldivmod.o)
 .data          0x10000000        0x0 /home/ismet/Documents/KON309/NXP/Compiler/arm-gnu-toolchain-12.3.rel1-x86_64-arm-none-eabi/bin/../lib/gcc/arm-none-eabi/12.3.1/thumb/v6-m/nofp/libgcc.a(_muldi3.o)
 .data          0x10000000        0x0 /home/ismet/Documents/KON309/NXP/Compiler/arm-gnu-toolchain-12.3.rel1-x86_64-arm-none-eabi/bin/../lib/gcc/arm-none-eabi/12.3.1/thumb/v6-m/nofp/libgcc.a(_udivmoddi4.o)
 .data          0x10000000        0x0 /home/ismet/Documents/KON309/NXP/Compiler/arm-gnu-toolchain-12.3.rel1-x86_64-arm-none-eabi/bin/../lib/gcc/arm-none-eabi/12.3.1/thumb/v6-m/nofp/libgcc.a(bpabi.o)
 .data          0x10000000        0x0 /home/ismet/Documents/KON309/NXP/Compiler/arm-gnu-toolchain-12.3.rel1-x86_64-arm-none-eabi/bin/../lib/gcc/arm-none-eabi/12.3.1/thumb/v6-m/nofp/libgcc.a(_clzdi2.o)
 .data          0x10000000        0x0 /home/ismet/Documents/KON309/NXP/Compiler/arm-gnu-toolchain-12.3.rel1-x86_64-arm-none-eabi/bin/../lib/gcc/arm-none-eabi/12.3.1/thumb/v6-m/nofp/libgcc.a(_divdi3.o)
 .data          0x10000000        0x0 /home/ismet/Documents/KON309/NXP/Compiler/arm-gnu-toolchain-12.3.rel1-x86_64-arm-none-eabi/bin/../lib/gcc/arm-none-eabi/12.3.1/thumb/v6-m/nofp/libgcc.a(_clzsi2.o)
 .data          0x10000000        0x0 /home/ismet/Documents/KON309/NXP/Compiler/arm-gnu-toolchain-12.3.rel1-x86_64-arm-none-eabi/bin/../lib/gcc/arm-none-eabi/12.3.1/../../../../arm-none-eabi/lib/thumb/v6-m/nofp/libc_nano.a(libc_a-exit.o)
 .data          0x10000000        0x0 /home/ismet/Documents/KON309/NXP/Compiler/arm-gnu-toolchain-12.3.rel1-x86_64-arm-none-eabi/bin/../lib/gcc/arm-none-eabi/12.3.1/../../../../arm-none-eabi/lib/thumb/v6-m/nofp/libc_nano.a(libc_a-strtoul.o)
 .data          0x10000000        0x0 /home/ismet/Documents/KON309/NXP/Compiler/arm-gnu-toolchain-12.3.rel1-x86_64-arm-none-eabi/bin/../lib/gcc/arm-none-eabi/12.3.1/../../../../arm-none-eabi/lib/thumb/v6-m/nofp/libc_nano.a(libc_a-init.o)
 .data          0x10000000        0x0 /home/ismet/Documents/KON309/NXP/Compiler/arm-gnu-toolchain-12.3.rel1-x86_64-arm-none-eabi/bin/../lib/gcc/arm-none-eabi/12.3.1/../../../../arm-none-eabi/lib/thumb/v6-m/nofp/libc_nano.a(libc_a-impure.o)
 .data          0x10000000        0x0 /home/ismet/Documents/KON309/NXP/Compiler/arm-gnu-toolchain-12.3.rel1-x86_64-arm-none-eabi/bin/../lib/gcc/arm-none-eabi/12.3.1/../../../../arm-none-eabi/lib/thumb/v6-m/nofp/libc_nano.a(libc_a-memcpy-stub.o)
 .data          0x10000000        0x0 /home/ismet/Documents/KON309/NXP/Compiler/arm-gnu-toolchain-12.3.rel1-x86_64-arm-none-eabi/bin/../lib/gcc/arm-none-eabi/12.3.1/../../../../arm-none-eabi/lib/thumb/v6-m/nofp/libc_nano.a(libc_a-strlen.o)
 .data          0x10000000        0x0 /home/ismet/Documents/KON309/NXP/Compiler/arm-gnu-toolchain-12.3.rel1-x86_64-arm-none-eabi/bin/../lib/gcc/arm-none-eabi/12.3.1/../../../../arm-none-eabi/lib/thumb/v6-m/nofp/libc_nano.a(libc_a-malloc.o)
 .data          0x10000000        0x0 /home/ismet/Documents/KON309/NXP/Compiler/arm-gnu-toolchain-12.3.rel1-x86_64-arm-none-eabi/bin/../lib/gcc/arm-none-eabi/12.3.1/../../../../arm-none-eabi/lib/thumb/v6-m/nofp/libc_nano.a(libc_a-mallocr.o)
 .data          0x10000000        0x0 /home/ismet/Documents/KON309/NXP/Compiler/arm-gnu-toolchain-12.3.rel1-x86_64-arm-none-eabi/bin/../lib/gcc/arm-none-eabi/12.3.1/../../../../arm-none-eabi/lib/thumb/v6-m/nofp/libc_nano.a(libc_a-findfp.o)
 .data          0x10000000        0x0 /home/ismet/Documents/KON309/NXP/Compiler/arm-gnu-toolchain-12.3.rel1-x86_64-arm-none-eabi/bin/../lib/gcc/arm-none-eabi/12.3.1/../../../../arm-none-eabi/lib/thumb/v6-m/nofp/libc_nano.a(libc_a-stdio.o)
 .data          0x10000000        0x0 /home/ismet/Documents/KON309/NXP/Compiler/arm-gnu-toolchain-12.3.rel1-x86_64-arm-none-eabi/bin/../lib/gcc/arm-none-eabi/12.3.1/../../../../arm-none-eabi/lib/thumb/v6-m/nofp/libc_nano.a(libc_a-mlock.o)
 .data          0x10000000        0x0 /home/ismet/Documents/KON309/NXP/Compiler/arm-gnu-toolchain-12.3.rel1-x86_64-arm-none-eabi/bin/../lib/gcc/arm-none-eabi/12.3.1/../../../../arm-none-eabi/lib/thumb/v6-m/nofp/libc_nano.a(libc_a-ctype_.o)
 .data          0x10000000        0x0 /home/ismet/Documents/KON309/NXP/Compiler/arm-gnu-toolchain-12.3.rel1-x86_64-arm-none-eabi/bin/../lib/gcc/arm-none-eabi/12.3.1/../../../../arm-none-eabi/lib/thumb/v6-m/nofp/libc_nano.a(libc_a-sbrkr.o)
 .data          0x10000000        0x0 /home/ismet/Documents/KON309/NXP/Compiler/arm-gnu-toolchain-12.3.rel1-x86_64-arm-none-eabi/bin/../lib/gcc/arm-none-eabi/12.3.1/../../../../arm-none-eabi/lib/thumb/v6-m/nofp/libc_nano.a(libc_a-writer.o)
 .data          0x10000000        0x0 /home/ismet/Documents/KON309/NXP/Compiler/arm-gnu-toolchain-12.3.rel1-x86_64-arm-none-eabi/bin/../lib/gcc/arm-none-eabi/12.3.1/../../../../arm-none-eabi/lib/thumb/v6-m/nofp/libc_nano.a(libc_a-errno.o)
 .data          0x10000000        0x0 /home/ismet/Documents/KON309/NXP/Compiler/arm-gnu-toolchain-12.3.rel1-x86_64-arm-none-eabi/bin/../lib/gcc/arm-none-eabi/12.3.1/../../../../arm-none-eabi/lib/thumb/v6-m/nofp/libc_nano.a(libc_a-fwalk.o)
 .data          0x10000000        0x0 /home/ismet/Documents/KON309/NXP/Compiler/arm-gnu-toolchain-12.3.rel1-x86_64-arm-none-eabi/bin/../lib/gcc/arm-none-eabi/12.3.1/../../../../arm-none-eabi/lib/thumb/v6-m/nofp/libc_nano.a(libc_a-memset.o)
 .data          0x10000000        0x0 /home/ismet/Documents/KON309/NXP/Compiler/arm-gnu-toolchain-12.3.rel1-x86_64-arm-none-eabi/bin/../lib/gcc/arm-none-eabi/12.3.1/../../../../arm-none-eabi/lib/thumb/v6-m/nofp/libc_nano.a(libc_a-freer.o)
 .data          0x10000000        0x0 /home/ismet/Documents/KON309/NXP/Compiler/arm-gnu-toolchain-12.3.rel1-x86_64-arm-none-eabi/bin/../lib/gcc/arm-none-eabi/12.3.1/../../../../arm-none-eabi/lib/thumb/v6-m/nofp/libc_nano.a(libc_a-lock.o)
 .data          0x10000000        0x0 /home/ismet/Documents/KON309/NXP/Compiler/arm-gnu-toolchain-12.3.rel1-x86_64-arm-none-eabi/bin/../lib/gcc/arm-none-eabi/12.3.1/../../../../arm-none-eabi/lib/thumb/v6-m/nofp/libc_nano.a(libc_a-closer.o)
 .data          0x10000000        0x0 /home/ismet/Documents/KON309/NXP/Compiler/arm-gnu-toolchain-12.3.rel1-x86_64-arm-none-eabi/bin/../lib/gcc/arm-none-eabi/12.3.1/../../../../arm-none-eabi/lib/thumb/v6-m/nofp/libc_nano.a(libc_a-reent.o)
 .data          0x10000000        0x0 /home/ismet/Documents/KON309/NXP/Compiler/arm-gnu-toolchain-12.3.rel1-x86_64-arm-none-eabi/bin/../lib/gcc/arm-none-eabi/12.3.1/../../../../arm-none-eabi/lib/thumb/v6-m/nofp/libc_nano.a(libc_a-fflush.o)
 .data          0x10000000        0x0 /home/ismet/Documents/KON309/NXP/Compiler/arm-gnu-toolchain-12.3.rel1-x86_64-arm-none-eabi/bin/../lib/gcc/arm-none-eabi/12.3.1/../../../../arm-none-eabi/lib/thumb/v6-m/nofp/libc_nano.a(libc_a-lseekr.o)
 .data          0x10000000        0x0 /home/ismet/Documents/KON309/NXP/Compiler/arm-gnu-toolchain-12.3.rel1-x86_64-arm-none-eabi/bin/../lib/gcc/arm-none-eabi/12.3.1/../../../../arm-none-eabi/lib/thumb/v6-m/nofp/libc_nano.a(libc_a-readr.o)
 .data          0x10000000        0x0 /home/ismet/Documents/KON309/NXP/Compiler/arm-gnu-toolchain-12.3.rel1-x86_64-arm-none-eabi/bin/../lib/gcc/arm-none-eabi/12.3.1/../../../../arm-none-eabi/lib/thumb/v6-m/nofp/libnosys.a(close.o)
 .data          0x10000000        0x0 /home/ismet/Documents/KON309/NXP/Compiler/arm-gnu-toolchain-12.3.rel1-x86_64-arm-none-eabi/bin/../lib/gcc/arm-none-eabi/12.3.1/../../../../arm-none-eabi/lib/thumb/v6-m/nofp/libnosys.a(lseek.o)
 .data          0x10000000        0x0 /home/ismet/Documents/KON309/NXP/Compiler/arm-gnu-toolchain-12.3.rel1-x86_64-arm-none-eabi/bin/../lib/gcc/arm-none-eabi/12.3.1/../../../../arm-none-eabi/lib/thumb/v6-m/nofp/libnosys.a(read.o)
 .data          0x10000000        0x0 /home/ismet/Documents/KON309/NXP/Compiler/arm-gnu-toolchain-12.3.rel1-x86_64-arm-none-eabi/bin/../lib/gcc/arm-none-eabi/12.3.1/../../../../arm-none-eabi/lib/thumb/v6-m/nofp/libnosys.a(sbrk.o)
 .data          0x10000000        0x0 /home/ismet/Documents/KON309/NXP/Compiler/arm-gnu-toolchain-12.3.rel1-x86_64-arm-none-eabi/bin/../lib/gcc/arm-none-eabi/12.3.1/../../../../arm-none-eabi/lib/thumb/v6-m/nofp/libnosys.a(write.o)
 .data          0x10000000        0x0 /home/ismet/Documents/KON309/NXP/Compiler/arm-gnu-toolchain-12.3.rel1-x86_64-arm-none-eabi/bin/../lib/gcc/arm-none-eabi/12.3.1/../../../../arm-none-eabi/lib/thumb/v6-m/nofp/libnosys.a(_exit.o)
 .data          0x10000000        0x0 /home/ismet/Documents/KON309/NXP/Compiler/arm-gnu-toolchain-12.3.rel1-x86_64-arm-none-eabi/bin/../lib/gcc/arm-none-eabi/12.3.1/thumb/v6-m/nofp/crtend.o
 .data          0x10000000        0x0 /home/ismet/Documents/KON309/NXP/Compiler/arm-gnu-toolchain-12.3.rel1-x86_64-arm-none-eabi/bin/../lib/gcc/arm-none-eabi/12.3.1/thumb/v6-m/nofp/crtn.o
 *(.data*)
 .data.__dso_handle
                0x10000000        0x4 /home/ismet/Documents/KON309/NXP/Compiler/arm-gnu-toolchain-12.3.rel1-x86_64-arm-none-eabi/bin/../lib/gcc/arm-none-eabi/12.3.1/thumb/v6-m/nofp/crtbegin.o
                0x10000000                __dso_handle
 .data.timer    0x10000004       0x24 build/experiment3_bonus.o
                0x10000004                timer
 .data.timerCounter
                0x10000028        0x4 build/experiment3_bonus.o
                0x10000028                timerCounter
 .data.brightness
                0x1000002c       0x10 build/experiment3_bonus.o
                0x1000002c                brightness
 .data.redDutyCyclePercent
                0x1000003c        0x4 build/experiment3_bonus.o
                0x1000003c                redDutyCyclePercent
 .data.event2   0x10000040        0x4 build/experiment3_bonus.o
                0x10000040                event2
 .data.event1   0x10000044        0x4 build/experiment3_bonus.o
                0x10000044                event1
 .data.SystemCoreClock
                0x10000048        0x4 build/system_LPC824.o
                0x10000048                SystemCoreClock
 .data._impure_ptr
                0x1000004c        0x4 /home/ismet/Documents/KON309/NXP/Compiler/arm-gnu-toolchain-12.3.rel1-x86_64-arm-none-eabi/bin/../lib/gcc/arm-none-eabi/12.3.1/../../../../arm-none-eabi/lib/thumb/v6-m/nofp/libc_nano.a(libc_a-impure.o)
                0x1000004c                _impure_ptr
 .data._impure_data
                0x10000050       0x4c /home/ismet/Documents/KON309/NXP/Compiler/arm-gnu-toolchain-12.3.rel1-x86_64-arm-none-eabi/bin/../lib/gcc/arm-none-eabi/12.3.1/../../../../arm-none-eabi/lib/thumb/v6-m/nofp/libc_nano.a(libc_a-impure.o)
                0x10000050                _impure_data
 .data.__sglue  0x1000009c        0xc /home/ismet/Documents/KON309/NXP/Compiler/arm-gnu-toolchain-12.3.rel1-x86_64-arm-none-eabi/bin/../lib/gcc/arm-none-eabi/12.3.1/../../../../arm-none-eabi/lib/thumb/v6-m/nofp/libc_nano.a(libc_a-findfp.o)
                0x1000009c                __sglue
 *(.jcr*)
                0x100000a8                        . = ALIGN (0x4)
                0x100000a8                        __data_end__ = .
                0x000043f4                        __DATA_END = (__DATA_ROM + (__data_end__ - __data_start__))
                0x00008000                        text_end = (ORIGIN (m_text) + LENGTH (m_text))
                0x00000001                        ASSERT ((__DATA_END <= text_end), region m_text overflowed with text and data)

.tm_clone_table
                0x100000a8        0x0 load address 0x000043f4
 .tm_clone_table
                0x100000a8        0x0 /home/ismet/Documents/KON309/NXP/Compiler/arm-gnu-toolchain-12.3.rel1-x86_64-arm-none-eabi/bin/../lib/gcc/arm-none-eabi/12.3.1/thumb/v6-m/nofp/crtbegin.o
 .tm_clone_table
                0x100000a8        0x0 /home/ismet/Documents/KON309/NXP/Compiler/arm-gnu-toolchain-12.3.rel1-x86_64-arm-none-eabi/bin/../lib/gcc/arm-none-eabi/12.3.1/thumb/v6-m/nofp/crtend.o

.igot.plt       0x100000a8        0x0 load address 0x000043f4
 .igot.plt      0x100000a8        0x0 /home/ismet/Documents/KON309/NXP/Compiler/arm-gnu-toolchain-12.3.rel1-x86_64-arm-none-eabi/bin/../lib/gcc/arm-none-eabi/12.3.1/thumb/v6-m/nofp/crtbegin.o

.bss            0x100000a8      0x218 load address 0x000043f4
                0x100000a8                        . = ALIGN (0x4)
                0x100000a8                        __START_BSS = .
                0x100000a8                        __bss_start__ = .
 *(.bss)
 .bss           0x100000a8        0x0 /home/ismet/Documents/KON309/NXP/Compiler/arm-gnu-toolchain-12.3.rel1-x86_64-arm-none-eabi/bin/../lib/gcc/arm-none-eabi/12.3.1/thumb/v6-m/nofp/crti.o
 .bss           0x100000a8        0x0 /home/ismet/Documents/KON309/NXP/Compiler/arm-gnu-toolchain-12.3.rel1-x86_64-arm-none-eabi/bin/../lib/gcc/arm-none-eabi/12.3.1/thumb/v6-m/nofp/crtbegin.o
 .bss           0x100000a8        0x0 /home/ismet/Documents/KON309/NXP/Compiler/arm-gnu-toolchain-12.3.rel1-x86_64-arm-none-eabi/bin/../lib/gcc/arm-none-eabi/12.3.1/../../../../arm-none-eabi/lib/thumb/v6-m/nofp/crt0.o
 .bss           0x100000a8        0x0 build/experiment3_bonus.o
 .bss           0x100000a8        0x0 build/pin_mux.o
 .bss           0x100000a8        0x0 build/system_LPC824.o
 .bss           0x100000a8        0x0 build/fsl_common.o
 .bss           0x100000a8        0x0 build/fsl_common_arm.o
 .bss           0x100000a8        0x0 build/fsl_power.o
 .bss           0x100000a8        0x0 build/fsl_clock.o
 .bss           0x100000a8        0x0 build/fsl_reset.o
 .bss           0x100000a8        0x0 build/fsl_swm.o
 .bss           0x100000a8        0x0 build/fsl_sctimer.o
 .bss           0x100000a8        0x0 build/fsl_pint.o
 .bss           0x100000a8        0x0 build/fsl_debug_console.o
 .bss           0x100000a8        0x0 build/fsl_usart.o
 .bss           0x100000a8        0x0 build/fsl_adapter_miniusart.o
 .bss           0x100000a8        0x0 build/fsl_syscon.o
 .bss           0x100000a8        0x0 build/fsl_str.o
 .bss           0x100000a8        0x0 build/fsl_mrt.o
 .bss           0x100000a8        0x0 build/startup_LPC824.o
 .bss           0x100000a8        0x0 /home/ismet/Documents/KON309/NXP/Compiler/arm-gnu-toolchain-12.3.rel1-x86_64-arm-none-eabi/bin/../lib/gcc/arm-none-eabi/12.3.1/thumb/v6-m/nofp/libgcc.a(_thumb1_case_sqi.o)
 .bss           0x100000a8        0x0 /home/ismet/Documents/KON309/NXP/Compiler/arm-gnu-toolchain-12.3.rel1-x86_64-arm-none-eabi/bin/../lib/gcc/arm-none-eabi/12.3.1/thumb/v6-m/nofp/libgcc.a(_thumb1_case_uqi.o)
 .bss           0x100000a8        0x0 /home/ismet/Documents/KON309/NXP/Compiler/arm-gnu-toolchain-12.3.rel1-x86_64-arm-none-eabi/bin/../lib/gcc/arm-none-eabi/12.3.1/thumb/v6-m/nofp/libgcc.a(_udivsi3.o)
 .bss           0x100000a8        0x0 /home/ismet/Documents/KON309/NXP/Compiler/arm-gnu-toolchain-12.3.rel1-x86_64-arm-none-eabi/bin/../lib/gcc/arm-none-eabi/12.3.1/thumb/v6-m/nofp/libgcc.a(_divsi3.o)
 .bss           0x100000a8        0x0 /home/ismet/Documents/KON309/NXP/Compiler/arm-gnu-toolchain-12.3.rel1-x86_64-arm-none-eabi/bin/../lib/gcc/arm-none-eabi/12.3.1/thumb/v6-m/nofp/libgcc.a(_dvmd_tls.o)
 .bss           0x100000a8        0x0 /home/ismet/Documents/KON309/NXP/Compiler/arm-gnu-toolchain-12.3.rel1-x86_64-arm-none-eabi/bin/../lib/gcc/arm-none-eabi/12.3.1/thumb/v6-m/nofp/libgcc.a(_aeabi_ldivmod.o)
 .bss           0x100000a8        0x0 /home/ismet/Documents/KON309/NXP/Compiler/arm-gnu-toolchain-12.3.rel1-x86_64-arm-none-eabi/bin/../lib/gcc/arm-none-eabi/12.3.1/thumb/v6-m/nofp/libgcc.a(_aeabi_uldivmod.o)
 .bss           0x100000a8        0x0 /home/ismet/Documents/KON309/NXP/Compiler/arm-gnu-toolchain-12.3.rel1-x86_64-arm-none-eabi/bin/../lib/gcc/arm-none-eabi/12.3.1/thumb/v6-m/nofp/libgcc.a(_muldi3.o)
 .bss           0x100000a8        0x0 /home/ismet/Documents/KON309/NXP/Compiler/arm-gnu-toolchain-12.3.rel1-x86_64-arm-none-eabi/bin/../lib/gcc/arm-none-eabi/12.3.1/thumb/v6-m/nofp/libgcc.a(_udivmoddi4.o)
 .bss           0x100000a8        0x0 /home/ismet/Documents/KON309/NXP/Compiler/arm-gnu-toolchain-12.3.rel1-x86_64-arm-none-eabi/bin/../lib/gcc/arm-none-eabi/12.3.1/thumb/v6-m/nofp/libgcc.a(bpabi.o)
 .bss           0x100000a8        0x0 /home/ismet/Documents/KON309/NXP/Compiler/arm-gnu-toolchain-12.3.rel1-x86_64-arm-none-eabi/bin/../lib/gcc/arm-none-eabi/12.3.1/thumb/v6-m/nofp/libgcc.a(_clzdi2.o)
 .bss           0x100000a8        0x0 /home/ismet/Documents/KON309/NXP/Compiler/arm-gnu-toolchain-12.3.rel1-x86_64-arm-none-eabi/bin/../lib/gcc/arm-none-eabi/12.3.1/thumb/v6-m/nofp/libgcc.a(_divdi3.o)
 .bss           0x100000a8        0x0 /home/ismet/Documents/KON309/NXP/Compiler/arm-gnu-toolchain-12.3.rel1-x86_64-arm-none-eabi/bin/../lib/gcc/arm-none-eabi/12.3.1/thumb/v6-m/nofp/libgcc.a(_clzsi2.o)
 .bss           0x100000a8        0x0 /home/ismet/Documents/KON309/NXP/Compiler/arm-gnu-toolchain-12.3.rel1-x86_64-arm-none-eabi/bin/../lib/gcc/arm-none-eabi/12.3.1/../../../../arm-none-eabi/lib/thumb/v6-m/nofp/libc_nano.a(libc_a-exit.o)
 .bss           0x100000a8        0x0 /home/ismet/Documents/KON309/NXP/Compiler/arm-gnu-toolchain-12.3.rel1-x86_64-arm-none-eabi/bin/../lib/gcc/arm-none-eabi/12.3.1/../../../../arm-none-eabi/lib/thumb/v6-m/nofp/libc_nano.a(libc_a-strtoul.o)
 .bss           0x100000a8        0x0 /home/ismet/Documents/KON309/NXP/Compiler/arm-gnu-toolchain-12.3.rel1-x86_64-arm-none-eabi/bin/../lib/gcc/arm-none-eabi/12.3.1/../../../../arm-none-eabi/lib/thumb/v6-m/nofp/libc_nano.a(libc_a-init.o)
 .bss           0x100000a8        0x0 /home/ismet/Documents/KON309/NXP/Compiler/arm-gnu-toolchain-12.3.rel1-x86_64-arm-none-eabi/bin/../lib/gcc/arm-none-eabi/12.3.1/../../../../arm-none-eabi/lib/thumb/v6-m/nofp/libc_nano.a(libc_a-impure.o)
 .bss           0x100000a8        0x0 /home/ismet/Documents/KON309/NXP/Compiler/arm-gnu-toolchain-12.3.rel1-x86_64-arm-none-eabi/bin/../lib/gcc/arm-none-eabi/12.3.1/../../../../arm-none-eabi/lib/thumb/v6-m/nofp/libc_nano.a(libc_a-memcpy-stub.o)
 .bss           0x100000a8        0x0 /home/ismet/Documents/KON309/NXP/Compiler/arm-gnu-toolchain-12.3.rel1-x86_64-arm-none-eabi/bin/../lib/gcc/arm-none-eabi/12.3.1/../../../../arm-none-eabi/lib/thumb/v6-m/nofp/libc_nano.a(libc_a-strlen.o)
 .bss           0x100000a8        0x0 /home/ismet/Documents/KON309/NXP/Compiler/arm-gnu-toolchain-12.3.rel1-x86_64-arm-none-eabi/bin/../lib/gcc/arm-none-eabi/12.3.1/../../../../arm-none-eabi/lib/thumb/v6-m/nofp/libc_nano.a(libc_a-malloc.o)
 .bss           0x100000a8        0x0 /home/ismet/Documents/KON309/NXP/Compiler/arm-gnu-toolchain-12.3.rel1-x86_64-arm-none-eabi/bin/../lib/gcc/arm-none-eabi/12.3.1/../../../../arm-none-eabi/lib/thumb/v6-m/nofp/libc_nano.a(libc_a-mallocr.o)
 .bss           0x100000a8        0x0 /home/ismet/Documents/KON309/NXP/Compiler/arm-gnu-toolchain-12.3.rel1-x86_64-arm-none-eabi/bin/../lib/gcc/arm-none-eabi/12.3.1/../../../../arm-none-eabi/lib/thumb/v6-m/nofp/libc_nano.a(libc_a-findfp.o)
 .bss           0x100000a8        0x0 /home/ismet/Documents/KON309/NXP/Compiler/arm-gnu-toolchain-12.3.rel1-x86_64-arm-none-eabi/bin/../lib/gcc/arm-none-eabi/12.3.1/../../../../arm-none-eabi/lib/thumb/v6-m/nofp/libc_nano.a(libc_a-stdio.o)
 .bss           0x100000a8        0x0 /home/ismet/Documents/KON309/NXP/Compiler/arm-gnu-toolchain-12.3.rel1-x86_64-arm-none-eabi/bin/../lib/gcc/arm-none-eabi/12.3.1/../../../../arm-none-eabi/lib/thumb/v6-m/nofp/libc_nano.a(libc_a-mlock.o)
 .bss           0x100000a8        0x0 /home/ismet/Documents/KON309/NXP/Compiler/arm-gnu-toolchain-12.3.rel1-x86_64-arm-none-eabi/bin/../lib/gcc/arm-none-eabi/12.3.1/../../../../arm-none-eabi/lib/thumb/v6-m/nofp/libc_nano.a(libc_a-ctype_.o)
 .bss           0x100000a8        0x0 /home/ismet/Documents/KON309/NXP/Compiler/arm-gnu-toolchain-12.3.rel1-x86_64-arm-none-eabi/bin/../lib/gcc/arm-none-eabi/12.3.1/../../../../arm-none-eabi/lib/thumb/v6-m/nofp/libc_nano.a(libc_a-sbrkr.o)
 .bss           0x100000a8        0x0 /home/ismet/Documents/KON309/NXP/Compiler/arm-gnu-toolchain-12.3.rel1-x86_64-arm-none-eabi/bin/../lib/gcc/arm-none-eabi/12.3.1/../../../../arm-none-eabi/lib/thumb/v6-m/nofp/libc_nano.a(libc_a-writer.o)
 .bss           0x100000a8        0x0 /home/ismet/Documents/KON309/NXP/Compiler/arm-gnu-toolchain-12.3.rel1-x86_64-arm-none-eabi/bin/../lib/gcc/arm-none-eabi/12.3.1/../../../../arm-none-eabi/lib/thumb/v6-m/nofp/libc_nano.a(libc_a-errno.o)
 .bss           0x100000a8        0x0 /home/ismet/Documents/KON309/NXP/Compiler/arm-gnu-toolchain-12.3.rel1-x86_64-arm-none-eabi/bin/../lib/gcc/arm-none-eabi/12.3.1/../../../../arm-none-eabi/lib/thumb/v6-m/nofp/libc_nano.a(libc_a-fwalk.o)
 .bss           0x100000a8        0x0 /home/ismet/Documents/KON309/NXP/Compiler/arm-gnu-toolchain-12.3.rel1-x86_64-arm-none-eabi/bin/../lib/gcc/arm-none-eabi/12.3.1/../../../../arm-none-eabi/lib/thumb/v6-m/nofp/libc_nano.a(libc_a-memset.o)
 .bss           0x100000a8        0x0 /home/ismet/Documents/KON309/NXP/Compiler/arm-gnu-toolchain-12.3.rel1-x86_64-arm-none-eabi/bin/../lib/gcc/arm-none-eabi/12.3.1/../../../../arm-none-eabi/lib/thumb/v6-m/nofp/libc_nano.a(libc_a-freer.o)
 .bss           0x100000a8        0x0 /home/ismet/Documents/KON309/NXP/Compiler/arm-gnu-toolchain-12.3.rel1-x86_64-arm-none-eabi/bin/../lib/gcc/arm-none-eabi/12.3.1/../../../../arm-none-eabi/lib/thumb/v6-m/nofp/libc_nano.a(libc_a-lock.o)
 .bss           0x100000a8        0x0 /home/ismet/Documents/KON309/NXP/Compiler/arm-gnu-toolchain-12.3.rel1-x86_64-arm-none-eabi/bin/../lib/gcc/arm-none-eabi/12.3.1/../../../../arm-none-eabi/lib/thumb/v6-m/nofp/libc_nano.a(libc_a-closer.o)
 .bss           0x100000a8        0x0 /home/ismet/Documents/KON309/NXP/Compiler/arm-gnu-toolchain-12.3.rel1-x86_64-arm-none-eabi/bin/../lib/gcc/arm-none-eabi/12.3.1/../../../../arm-none-eabi/lib/thumb/v6-m/nofp/libc_nano.a(libc_a-reent.o)
 .bss           0x100000a8        0x0 /home/ismet/Documents/KON309/NXP/Compiler/arm-gnu-toolchain-12.3.rel1-x86_64-arm-none-eabi/bin/../lib/gcc/arm-none-eabi/12.3.1/../../../../arm-none-eabi/lib/thumb/v6-m/nofp/libc_nano.a(libc_a-fflush.o)
 .bss           0x100000a8        0x0 /home/ismet/Documents/KON309/NXP/Compiler/arm-gnu-toolchain-12.3.rel1-x86_64-arm-none-eabi/bin/../lib/gcc/arm-none-eabi/12.3.1/../../../../arm-none-eabi/lib/thumb/v6-m/nofp/libc_nano.a(libc_a-lseekr.o)
 .bss           0x100000a8        0x0 /home/ismet/Documents/KON309/NXP/Compiler/arm-gnu-toolchain-12.3.rel1-x86_64-arm-none-eabi/bin/../lib/gcc/arm-none-eabi/12.3.1/../../../../arm-none-eabi/lib/thumb/v6-m/nofp/libc_nano.a(libc_a-readr.o)
 .bss           0x100000a8        0x0 /home/ismet/Documents/KON309/NXP/Compiler/arm-gnu-toolchain-12.3.rel1-x86_64-arm-none-eabi/bin/../lib/gcc/arm-none-eabi/12.3.1/../../../../arm-none-eabi/lib/thumb/v6-m/nofp/libnosys.a(close.o)
 .bss           0x100000a8        0x0 /home/ismet/Documents/KON309/NXP/Compiler/arm-gnu-toolchain-12.3.rel1-x86_64-arm-none-eabi/bin/../lib/gcc/arm-none-eabi/12.3.1/../../../../arm-none-eabi/lib/thumb/v6-m/nofp/libnosys.a(lseek.o)
 .bss           0x100000a8        0x0 /home/ismet/Documents/KON309/NXP/Compiler/arm-gnu-toolchain-12.3.rel1-x86_64-arm-none-eabi/bin/../lib/gcc/arm-none-eabi/12.3.1/../../../../arm-none-eabi/lib/thumb/v6-m/nofp/libnosys.a(read.o)
 .bss           0x100000a8        0x0 /home/ismet/Documents/KON309/NXP/Compiler/arm-gnu-toolchain-12.3.rel1-x86_64-arm-none-eabi/bin/../lib/gcc/arm-none-eabi/12.3.1/../../../../arm-none-eabi/lib/thumb/v6-m/nofp/libnosys.a(sbrk.o)
 .bss           0x100000a8        0x0 /home/ismet/Documents/KON309/NXP/Compiler/arm-gnu-toolchain-12.3.rel1-x86_64-arm-none-eabi/bin/../lib/gcc/arm-none-eabi/12.3.1/../../../../arm-none-eabi/lib/thumb/v6-m/nofp/libnosys.a(write.o)
 .bss           0x100000a8        0x0 /home/ismet/Documents/KON309/NXP/Compiler/arm-gnu-toolchain-12.3.rel1-x86_64-arm-none-eabi/bin/../lib/gcc/arm-none-eabi/12.3.1/../../../../arm-none-eabi/lib/thumb/v6-m/nofp/libnosys.a(_exit.o)
 .bss           0x100000a8        0x0 /home/ismet/Documents/KON309/NXP/Compiler/arm-gnu-toolchain-12.3.rel1-x86_64-arm-none-eabi/bin/../lib/gcc/arm-none-eabi/12.3.1/thumb/v6-m/nofp/crtend.o
 .bss           0x100000a8        0x0 /home/ismet/Documents/KON309/NXP/Compiler/arm-gnu-toolchain-12.3.rel1-x86_64-arm-none-eabi/bin/../lib/gcc/arm-none-eabi/12.3.1/thumb/v6-m/nofp/crtn.o
 *(.bss*)
 .bss.completed.1
                0x100000a8        0x1 /home/ismet/Documents/KON309/NXP/Compiler/arm-gnu-toolchain-12.3.rel1-x86_64-arm-none-eabi/bin/../lib/gcc/arm-none-eabi/12.3.1/thumb/v6-m/nofp/crtbegin.o
 *fill*         0x100000a9        0x3 
 .bss.object.0  0x100000ac       0x18 /home/ismet/Documents/KON309/NXP/Compiler/arm-gnu-toolchain-12.3.rel1-x86_64-arm-none-eabi/bin/../lib/gcc/arm-none-eabi/12.3.1/thumb/v6-m/nofp/crtbegin.o
 .bss.state     0x100000c4        0x1 build/experiment3_bonus.o
                0x100000c4                state
 *fill*         0x100000c5        0x3 
 .bss.counter   0x100000c8        0x4 build/experiment3_bonus.o
                0x100000c8                counter
 .bss.brightnessCounter
                0x100000cc        0x4 build/experiment3_bonus.o
                0x100000cc                brightnessCounter
 .bss.mrtIsrFlag