Archive member included to satisfy reference by file (symbol)

/home/ismet/Documents/KON309/NXP/Compiler/arm-gnu-toolchain-12.3.rel1-x86_64-arm-none-eabi/bin/../lib/gcc/arm-none-eabi/12.3.1/thumb/v6-m/nofp/libgcc.a(_thumb1_case_sqi.o)
                              build/fsl_str.o (__gnu_thumb1_case_sqi)
/home/ismet/Documents/KON309/NXP/Compiler/arm-gnu-toolchain-12.3.rel1-x86_64-arm-none-eabi/bin/../lib/gcc/arm-none-eabi/12.3.1/thumb/v6-m/nofp/libgcc.a(_thumb1_case_uqi.o)
                              build/fsl_clock.o (__gnu_thumb1_case_uqi)
/home/ismet/Documents/KON309/NXP/Compiler/arm-gnu-toolchain-12.3.rel1-x86_64-arm-none-eabi/bin/../lib/gcc/arm-none-eabi/12.3.1/thumb/v6-m/nofp/libgcc.a(_udivsi3.o)
                              build/experiment3_p3.o (__aeabi_uidiv)
/home/ismet/Documents/KON309/NXP/Compiler/arm-gnu-toolchain-12.3.rel1-x86_64-arm-none-eabi/bin/../lib/gcc/arm-none-eabi/12.3.1/thumb/v6-m/nofp/libgcc.a(_divsi3.o)
                              build/system_LPC824.o (__aeabi_idiv)
/home/ismet/Documents/KON309/NXP/Compiler/arm-gnu-toolchain-12.3.rel1-x86_64-arm-none-eabi/bin/../lib/gcc/arm-none-eabi/12.3.1/thumb/v6-m/nofp/libgcc.a(_dvmd_tls.o)
                              /home/ismet/Documents/KON309/NXP/Compiler/arm-gnu-toolchain-12.3.rel1-x86_64-arm-none-eabi/bin/../lib/gcc/arm-none-eabi/12.3.1/thumb/v6-m/nofp/libgcc.a(_udivsi3.o) (__aeabi_idiv0)
/home/ismet/Documents/KON309/NXP/Compiler/arm-gnu-toolchain-12.3.rel1-x86_64-arm-none-eabi/bin/../lib/gcc/arm-none-eabi/12.3.1/thumb/v6-m/nofp/libgcc.a(_aeabi_ldivmod.o)
                              build/fsl_clock.o (__aeabi_ldivmod)
/home/ismet/Documents/KON309/NXP/Compiler/arm-gnu-toolchain-12.3.rel1-x86_64-arm-none-eabi/bin/../lib/gcc/arm-none-eabi/12.3.1/thumb/v6-m/nofp/libgcc.a(_aeabi_uldivmod.o)
                              build/fsl_common_arm.o (__aeabi_uldivmod)
/home/ismet/Documents/KON309/NXP/Compiler/arm-gnu-toolchain-12.3.rel1-x86_64-arm-none-eabi/bin/../lib/gcc/arm-none-eabi/12.3.1/thumb/v6-m/nofp/libgcc.a(_muldi3.o)
                              build/fsl_common_arm.o (__aeabi_lmul)
/home/ismet/Documents/KON309/NXP/Compiler/arm-gnu-toolchain-12.3.rel1-x86_64-arm-none-eabi/bin/../lib/gcc/arm-none-eabi/12.3.1/thumb/v6-m/nofp/libgcc.a(_udivmoddi4.o)
                              /home/ismet/Documents/KON309/NXP/Compiler/arm-gnu-toolchain-12.3.rel1-x86_64-arm-none-eabi/bin/../lib/gcc/arm-none-eabi/12.3.1/thumb/v6-m/nofp/libgcc.a(_aeabi_uldivmod.o) (__udivmoddi4)
/home/ismet/Documents/KON309/NXP/Compiler/arm-gnu-toolchain-12.3.rel1-x86_64-arm-none-eabi/bin/../lib/gcc/arm-none-eabi/12.3.1/thumb/v6-m/nofp/libgcc.a(bpabi.o)
                              /home/ismet/Documents/KON309/NXP/Compiler/arm-gnu-toolchain-12.3.rel1-x86_64-arm-none-eabi/bin/../lib/gcc/arm-none-eabi/12.3.1/thumb/v6-m/nofp/libgcc.a(_aeabi_ldivmod.o) (__gnu_ldivmod_helper)
/home/ismet/Documents/KON309/NXP/Compiler/arm-gnu-toolchain-12.3.rel1-x86_64-arm-none-eabi/bin/../lib/gcc/arm-none-eabi/12.3.1/thumb/v6-m/nofp/libgcc.a(_clzdi2.o)
                              /home/ismet/Documents/KON309/NXP/Compiler/arm-gnu-toolchain-12.3.rel1-x86_64-arm-none-eabi/bin/../lib/gcc/arm-none-eabi/12.3.1/thumb/v6-m/nofp/libgcc.a(_udivmoddi4.o) (__clzdi2)
/home/ismet/Documents/KON309/NXP/Compiler/arm-gnu-toolchain-12.3.rel1-x86_64-arm-none-eabi/bin/../lib/gcc/arm-none-eabi/12.3.1/thumb/v6-m/nofp/libgcc.a(_divdi3.o)
                              /home/ismet/Documents/KON309/NXP/Compiler/arm-gnu-toolchain-12.3.rel1-x86_64-arm-none-eabi/bin/../lib/gcc/arm-none-eabi/12.3.1/thumb/v6-m/nofp/libgcc.a(bpabi.o) (__divdi3)
/home/ismet/Documents/KON309/NXP/Compiler/arm-gnu-toolchain-12.3.rel1-x86_64-arm-none-eabi/bin/../lib/gcc/arm-none-eabi/12.3.1/thumb/v6-m/nofp/libgcc.a(_clzsi2.o)
                              /home/ismet/Documents/KON309/NXP/Compiler/arm-gnu-toolchain-12.3.rel1-x86_64-arm-none-eabi/bin/../lib/gcc/arm-none-eabi/12.3.1/thumb/v6-m/nofp/libgcc.a(_clzdi2.o) (__clzsi2)
/home/ismet/Documents/KON309/NXP/Compiler/arm-gnu-toolchain-12.3.rel1-x86_64-arm-none-eabi/bin/../lib/gcc/arm-none-eabi/12.3.1/../../../../arm-none-eabi/lib/thumb/v6-m/nofp/libc_nano.a(libc_a-exit.o)
                              /home/ismet/Documents/KON309/NXP/Compiler/arm-gnu-toolchain-12.3.rel1-x86_64-arm-none-eabi/bin/../lib/gcc/arm-none-eabi/12.3.1/../../../../arm-none-eabi/lib/thumb/v6-m/nofp/crt0.o (exit)
/home/ismet/Documents/KON309/NXP/Compiler/arm-gnu-toolchain-12.3.rel1-x86_64-arm-none-eabi/bin/../lib/gcc/arm-none-eabi/12.3.1/../../../../arm-none-eabi/lib/thumb/v6-m/nofp/libc_nano.a(libc_a-strtoul.o)
                              build/fsl_str.o (strtoul)
/home/ismet/Documents/KON309/NXP/Compiler/arm-gnu-toolchain-12.3.rel1-x86_64-arm-none-eabi/bin/../lib/gcc/arm-none-eabi/12.3.1/../../../../arm-none-eabi/lib/thumb/v6-m/nofp/libc_nano.a(libc_a-init.o)
[...]
Memory Configuration

Name             Origin             Length             Attributes
m_interrupts     0x00000000         0x00000200         xr
m_crp            0x000002fc         0x00000004         xr
m_text           0x00000300         0x00007d00         xr
m_data           0x10000000         0x00001fe0         rw
*default*        0x00000000         0xffffffff

Linker script and memory map

LOAD /home/ismet/Documents/KON309/NXP/Compiler/arm-gnu-toolchain-12.3.rel1-x86_64-arm-none-eabi/bin/../lib/gcc/arm-none-eabi/12.3.1/thumb/v6-m/nofp/crti.o
LOAD /home/ismet/Documents/KON309/NXP/Compiler/arm-gnu-toolchain-12.3.rel1-x86_64-arm-none-eabi/bin/../lib/gcc/arm-none-eabi/12.3.1/thumb/v6-m/nofp/crtbegin.o
LOAD /home/ismet/Documents/KON309/NXP/Compiler/arm-gnu-toolchain-12.3.rel1-x86_64-arm-none-eabi/bin/../lib/gcc/arm-none-eabi/12.3.1/../../../../arm-none-eabi/lib/thumb/v6-m/nofp/crt0.o
LOAD build/experiment3_p3.o
LOAD build/pin_mux.o
LOAD build/system_LPC824.o
LOAD build/fsl_common.o
LOAD build/fsl_common_arm.o
LOAD build/fsl_power.o
LOAD build/fsl_clock.o
LOAD build/fsl_reset.o
LOAD build/fsl_swm.o
LOAD build/fsl_sctimer.o
LOAD build/fsl_pint.o
LOAD build/fsl_debug_console.o
LOAD build/fsl_usart.o
LOAD build/fsl_adapter_miniusart.o
LOAD build/fsl_syscon.o
LOAD build/fsl_str.o
LOAD build/fsl_mrt.o
LOAD build/startup_LPC824.o
START GROUP
LOAD /home/ismet/Documents/KON309/NXP/Compiler/arm-gnu-toolchain-12.3.rel1-x86_64-arm-none-eabi/bin/../lib/gcc/arm-none-eabi/12.3.1/thumb/v6-m/nofp/libgcc.a
LOAD /home/ismet/Documents/KON309/NXP/Compiler/arm-gnu-toolchain-12.3.rel1-x86_64-arm-none-eabi/bin/../lib/gcc/arm-none-eabi/12.3.1/../../../../arm-none-eabi/lib/thumb/v6-m/nofp/libc_nano.a
END GROUP
START GROUP
LOAD /home/ismet/Documents/KON309/NXP/Compiler/arm-gnu-toolchain-12.3.rel1-x86_64-arm-none-eabi/bin/../lib/gcc/arm-none-eabi/12.3.1/thumb/v6-m/nofp/libgcc.a
LOAD /home/ismet/Documents/KON309/NXP/Compiler/arm-gnu-toolchain-12.3.rel1-x86_64-arm-none-eabi/bin/../lib/gcc/arm-none-eabi/12.3.1/../../../../arm-none-eabi/lib/thumb/v6-m/nofp/libc_nano.a
LOAD /home/ismet/Documents/KON309/NXP/Compiler/arm-gnu-toolchain-12.3.rel1-x86_64-arm-none-eabi/bin/../lib/gcc/arm-none-eabi/12.3.1/../../../../arm-none-eabi/lib/thumb/v6-m/nofp/libnosys.a
END GROUP
START GROUP
LOAD /home/ismet/Documents/KON309/NXP/Compiler/arm-gnu-toolchain-12.3.rel1-x86_64-arm-none-eabi/bin/../lib/gcc/arm-none-eabi/12.3.1/thumb/v6-m/nofp/libgcc.a
LOAD /home/ismet/Documents/KON309/NXP/Compiler/arm-gnu-toolchain-12.3.rel1-x86_64-arm-none-eabi/bin/../lib/gcc/arm-none-eabi/12.3.1/../../../../arm-none-eabi/lib/thumb/v6-m/nofp/libc_nano.a
LOAD /home/ismet/Documents/KON309/NXP/Compiler/arm-gnu-toolchain-12.3.rel1-x86_64-arm-none-eabi/bin/../lib/gcc/arm-none-eabi/12.3.1/../../../../arm-none-eabi/lib/thumb/v6-m/nofp/libnosys.a
END GROUP
LOAD /home/ismet/Documents/KON309/NXP/Compiler/arm-gnu-toolchain-12.3.rel1-x86_64-arm-none-eabi/bin/../lib/gcc/arm-none-eabi/12.3.1/thumb/v6-m/nofp/crtend.o
LOAD /home/ismet/Documents/KON309/NXP/Compiler/arm-gnu-toolchain-12.3.rel1-x86_64-arm-none-eabi/bin/../lib/gcc/arm-none-eabi/12.3.1/thumb/v6-m/nofp/crtn.o
                0x00000400                        HEAP_SIZE = DEFINED (__heap_size__)?__heap_size__:0x400
                0x00000800                        STACK_SIZE = DEFINED (__stack_size__)?__stack_size__:0x800

.interrupts     0x00000000       0xc0
                0x00000000                        . = ALIGN (0x4)
 *(.isr_vector)
 .isr_vector    0x00000000       0xc0 build/startup_LPC824.o
                0x00000000                __Vectors
                0x000000c0                        . = ALIGN (0x4)

.crp            0x000002fc        0x4
                0x000002fc                        . = ALIGN (0x4)
 *(.crp)
 .crp           0x000002fc        0x4 build/startup_LPC824.o
                0x00000300                        . = ALIGN (0x4)

.text           0x00000300     0x3e4c
                0x00000300                        . = ALIGN (0x4)
 *(.text)
 .text          0x00000300        0x0 /home/ismet/Documents/KON309/NXP/Compiler/arm-gnu-toolchain-12.3.rel1-x86_64-arm-none-eabi/bin/../lib/gcc/arm-none-eabi/12.3.1/thumb/v6-m/nofp/crti.o
 .text          0x00000300        0x0 /home/ismet/Documents/KON309/NXP/Compiler/arm-gnu-toolchain-12.3.rel1-x86_64-arm-none-eabi/bin/../lib/gcc/arm-none-eabi/12.3.1/thumb/v6-m/nofp/crtbegin.o
 .text          0x00000300       0x80 /home/ismet/Documents/KON309/NXP/Compiler/arm-gnu-toolchain-12.3.rel1-x86_64-arm-none-eabi/bin/../lib/gcc/arm-none-eabi/12.3.1/../../../../arm-none-eabi/lib/thumb/v6-m/nofp/crt0.o
                0x00000300                _stack_init
                0x0000030c                _mainCRTStartup
                0x0000030c                _start
 .text          0x00000380        0x0 build/experiment3_p3.o
 .text          0x00000380        0x0 build/pin_mux.o
 .text          0x00000380        0x0 build/system_LPC824.o
 .text          0x00000380        0x0 build/fsl_common.o
 .text          0x00000380        0x0 build/fsl_common_arm.o
 .text          0x00000380        0x0 build/fsl_power.o
 .text          0x00000380        0x0 build/fsl_clock.o
 .text          0x00000380        0x0 build/fsl_reset.o
 .text          0x00000380        0x0 build/fsl_swm.o
 .text          0x00000380        0x0 build/fsl_sctimer.o
 .text          0x00000380        0x0 build/fsl_pint.o
 .text          0x00000380        0x0 build/fsl_debug_console.o
 .text          0x00000380        0x0 build/fsl_usart.o
 .text          0x00000380        0x0 build/fsl_adapter_miniusart.o
 .text          0x00000380        0x0 build/fsl_syscon.o
 .text          0x00000380        0x0 build/fsl_str.o
 .text          0x00000380        0x0 build/fsl_mrt.o
 .text          0x00000380      0x164 build/startup_LPC824.o
                0x00000380                Reset_Handler
                0x000003b4                Reserved39_DriverIRQHandler
                0x000003b4                ADC0_OVR_DriverIRQHandler
                0x000003b4                DMA0_DriverIRQHandler
                0x000003b4                SPI1_DriverIRQHandler
                0x000003b4                I2C3_DriverIRQHandler
                0x000003b4                I2C2_DriverIRQHandler
                0x000003b4                DefaultISR
                0x000003b4                WKT_DriverIRQHandler
                0x000003b4                MRT0_DriverIRQHandler
                0x000003b4                PIN_INT5_DriverIRQHandler
                0x000003b4                ADC0_THCMP_DriverIRQHandler
                0x000003b4                PIN_INT7_DriverIRQHandler
                0x000003b4                Reserved22_DriverIRQHandler
                0x000003b4                FLASH_DriverIRQHandler
                0x000003b4                ADC0_SEQB_DriverIRQHandler
                0x000003b4                PIN_INT6_DriverIRQHandler
                0x000003b4                Reserved18_DriverIRQHandler
                0x000003b4                WDT_DriverIRQHandler
                0x000003b4                BOD_DriverIRQHandler
                0x000003b4                I2C1_DriverIRQHandler
                0x000003b4                CMP_DriverIRQHandler
                0x000003b4                ADC0_SEQA_DriverIRQHandler
                0x000003b4                SPI0_DriverIRQHandler
                0x000003b4                I2C0_DriverIRQHandler
                0x000003b8                NMI_Handler
                0x000003bc                HardFault_Handler
                0x000003c0                SVC_Handler
                0x000003c4                PendSV_Handler
                0x000003cc                SPI0_IRQHandler
                0x000003d0                SPI1_IRQHandler
                0x000003d4                Reserved18_IRQHandler
                0x000003d8                USART0_IRQHandler
                0x000003dc                USART1_IRQHandler
                0x000003e0                USART2_IRQHandler
                0x000003e4                Reserved22_IRQHandler
                0x000003e8                I2C1_IRQHandler
                0x000003ec                I2C0_IRQHandler
                0x000003f0                SCT0_IRQHandler
                0x000003f8                CMP_IRQHandler
                0x000003fc                WDT_IRQHandler
                0x00000400                BOD_IRQHandler
                0x00000404                FLASH_IRQHandler
                0x00000408                WKT_IRQHandler
                0x0000040c                ADC0_SEQA_IRQHandler
                0x00000410                ADC0_SEQB_IRQHandler
                0x00000414                ADC0_THCMP_IRQHandler
                0x00000418                ADC0_OVR_IRQHandler
                0x0000041c                DMA0_IRQHandler
                0x00000420                I2C2_IRQHandler
                0x00000424                I2C3_IRQHandler
                0x00000428                Reserved39_IRQHandler
                0x0000042c                PIN_INT0_IRQHandler
                0x00000430                PIN_INT1_IRQHandler
                0x00000434                PIN_INT2_IRQHandler
                0x00000438                PIN_INT3_IRQHandler
                0x0000043c                PIN_INT4_IRQHandler
                0x00000440                PIN_INT5_IRQHandler
                0x00000444                PIN_INT6_IRQHandler
                0x00000448                PIN_INT7_IRQHandler
 .text          0x000004e4       0x14 /home/ismet/Documents/KON309/NXP/Compiler/arm-gnu-toolchain-12.3.rel1-x86_64-arm-none-eabi/bin/../lib/gcc/arm-none-eabi/12.3.1/thumb/v6-m/nofp/libgcc.a(_thumb1_case_sqi.o)
                0x000004e4                __gnu_thumb1_case_sqi
 .text          0x000004f8       0x14 /home/ismet/Documents/KON309/NXP/Compiler/arm-gnu-toolchain-12.3.rel1-x86_64-arm-none-eabi/bin/../lib/gcc/arm-none-eabi/12.3.1/thumb/v6-m/nofp/libgcc.a(_thumb1_case_uqi.o)
                0x000004f8                __gnu_thumb1_case_uqi
 .text          0x0000050c      0x114 /home/ismet/Documents/KON309/NXP/Compiler/arm-gnu-toolchain-12.3.rel1-x86_64-arm-none-eabi/bin/../lib/gcc/arm-none-eabi/12.3.1/thumb/v6-m/nofp/libgcc.a(_udivsi3.o)
                0x0000050c                __udivsi3
                0x0000050c                __aeabi_uidiv
                0x00000618                __aeabi_uidivmod
 .text          0x00000620      0x1d4 /home/ismet/Documents/KON309/NXP/Compiler/arm-gnu-toolchain-12.3.rel1-x86_64-arm-none-eabi/bin/../lib/gcc/arm-none-eabi/12.3.1/thumb/v6-m/nofp/libgcc.a(_divsi3.o)
                0x00000620                __aeabi_idiv
                0x00000620                __divsi3
                0x000007ec                __aeabi_idivmod
 .text          0x000007f4        0x4 /home/ismet/Documents/KON309/NXP/Compiler/arm-gnu-toolchain-12.3.rel1-x86_64-arm-none-eabi/bin/../lib/gcc/arm-none-eabi/12.3.1/thumb/v6-m/nofp/libgcc.a(_dvmd_tls.o)
                0x000007f4                __aeabi_ldiv0
                0x000007f4                __aeabi_idiv0
 .text          0x000007f8       0x48 /home/ismet/Documents/KON309/NXP/Compiler/arm-gnu-toolchain-12.3.rel1-x86_64-arm-none-eabi/bin/../lib/gcc/arm-none-eabi/12.3.1/thumb/v6-m/nofp/libgcc.a(_aeabi_ldivmod.o)
                0x000007f8                __aeabi_ldivmod
 .text          0x00000840       0x40 /home/ismet/Documents/KON309/NXP/Compiler/arm-gnu-toolchain-12.3.rel1-x86_64-arm-none-eabi/bin/../lib/gcc/arm-none-eabi/12.3.1/thumb/v6-m/nofp/libgcc.a(_aeabi_uldivmod.o)
                0x00000840                __aeabi_uldivmod
 .text          0x00000880        0x0 /home/ismet/Documents/KON309/NXP/Compiler/arm-gnu-toolchain-12.3.rel1-x86_64-arm-none-eabi/bin/../lib/gcc/arm-none-eabi/12.3.1/thumb/v6-m/nofp/libgcc.a(_muldi3.o)
 .text          0x00000880        0x0 /home/ismet/Documents/KON309/NXP/Compiler/arm-gnu-toolchain-12.3.rel1-x86_64-arm-none-eabi/bin/../lib/gcc/arm-none-eabi/12.3.1/thumb/v6-m/nofp/libgcc.a(_udivmoddi4.o)
 .text          0x00000880        0x0 /home/ismet/Documents/KON309/NXP/Compiler/arm-gnu-toolchain-12.3.rel1-x86_64-arm-none-eabi/bin/../lib/gcc/arm-none-eabi/12.3.1/thumb/v6-m/nofp/libgcc.a(bpabi.o)
 .text          0x00000880       0x18 /home/ismet/Documents/KON309/NXP/Compiler/arm-gnu-toolchain-12.3.rel1-x86_64-arm-none-eabi/bin/../lib/gcc/arm-none-eabi/12.3.1/thumb/v6-m/nofp/libgcc.a(_clzdi2.o)
                0x00000880                __clzdi2
 .text          0x00000898        0x0 /home/ismet/Documents/KON309/NXP/Compiler/arm-gnu-toolchain-12.3.rel1-x86_64-arm-none-eabi/bin/../lib/gcc/arm-none-eabi/12.3.1/thumb/v6-m/nofp/libgcc.a(_divdi3.o)
 .text          0x00000898       0x3c /home/ismet/Documents/KON309/NXP/Compiler/arm-gnu-toolchain-12.3.rel1-x86_64-arm-none-eabi/bin/../lib/gcc/arm-none-eabi/12.3.1/thumb/v6-m/nofp/libgcc.a(_clzsi2.o)
                0x00000898                __clzsi2
 .text          0x000008d4        0x0 /home/ismet/Documents/KON309/NXP/Compiler/arm-gnu-toolchain-12.3.rel1-x86_64-arm-none-eabi/bin/../lib/gcc/arm-none-eabi/12.3.1/../../../../arm-none-eabi/lib/thumb/v6-m/nofp/libc_nano.a(libc_a-exit.o)
 .text          0x000008d4        0x0 /home/ismet/Documents/KON309/NXP/Compiler/arm-gnu-toolchain-12.3.rel1-x86_64-arm-none-eabi/bin/../lib/gcc/arm-none-eabi/12.3.1/../../../../arm-none-eabi/lib/thumb/v6-m/nofp/libc_nano.a(libc_a-strtoul.o)
 .text          0x000008d4        0x0 /home/ismet/Documents/KON309/NXP/Compiler/arm-gnu-toolchain-12.3.rel1-x86_64-arm-none-eabi/bin/../lib/gcc/arm-none-eabi/12.3.1/../../../../arm-none-eabi/lib/thumb/v6-m/nofp/libc_nano.a(libc_a-init.o)
 .text          0x000008d4        0x0 /home/ismet/Documents/KON309/NXP/Compiler/arm-gnu-toolchain-12.3.rel1-x86_64-arm-none-eabi/bin/../lib/gcc/arm-none-eabi/12.3.1/../../../../arm-none-eabi/lib/thumb/v6-m/nofp/libc_nano.a(libc_a-impure.o)
 .text          0x000008d4        0x0 /home/ismet/Documents/KON309/NXP/Compiler/arm-gnu-toolchain-12.3.rel1-x86_64-arm-none-eabi/bin/../lib/gcc/arm-none-eabi/12.3.1/../../../../arm-none-eabi/lib/thumb/v6-m/nofp/libc_nano.a(libc_a-memcpy-stub.o)
 .text          0x000008d4        0xe /home/ismet/Documents/KON309/NXP/Compiler/arm-gnu-toolchain-12.3.rel1-x86_64-arm-none-eabi/bin/../lib/gcc/arm-none-eabi/12.3.1/../../../../arm-none-eabi/lib/thumb/v6-m/nofp/libc_nano.a(libc_a-strlen.o)
                0x000008d4                strlen
 .text          0x000008e2        0x0 /home/ismet/Documents/KON309/NXP/Compiler/arm-gnu-toolchain-12.3.rel1-x86_64-arm-none-eabi/bin/../lib/gcc/arm-none-eabi/12.3.1/../../../../arm-none-eabi/lib/thumb/v6-m/nofp/libc_nano.a(libc_a-malloc.o)
 .text          0x000008e2        0x0 /home/ismet/Documents/KON309/NXP/Compiler/arm-gnu-toolchain-12.3.rel1-x86_64-arm-none-eabi/bin/../lib/gcc/arm-none-eabi/12.3.1/../../../../arm-none-eabi/lib/thumb/v6-m/nofp/libc_nano.a(libc_a-mallocr.o)
 .text          0x000008e2        0x0 /home/ismet/Documents/KON309/NXP/Compiler/arm-gnu-toolchain-12.3.rel1-x86_64-arm-none-eabi/bin/../lib/gcc/arm-none-eabi/12.3.1/../../../../arm-none-eabi/lib/thumb/v6-m/nofp/libc_nano.a(libc_a-findfp.o)
 .text          0x000008e2        0x0 /home/ismet/Documents/KON309/NXP/Compiler/arm-gnu-toolchain-12.3.rel1-x86_64-arm-none-eabi/bin/../lib/gcc/arm-none-eabi/12.3.1/../../../../arm-none-eabi/lib/thumb/v6-m/nofp/libc_nano.a(libc_a-stdio.o)
 .text          0x000008e2        0x0 /home/ismet/Documents/KON309/NXP/Compiler/arm-gnu-toolchain-12.3.rel1-x86_64-arm-none-eabi/bin/../lib/gcc/arm-none-eabi/12.3.1/../../../../arm-none-eabi/lib/thumb/v6-m/nofp/libc_nano.a(libc_a-mlock.o)
 .text          0x000008e2        0x0 /home/ismet/Documents/KON309/NXP/Compiler/arm-gnu-toolchain-12.3.rel1-x86_64-arm-none-eabi/bin/../lib/gcc/arm-none-eabi/12.3.1/../../../../arm-none-eabi/lib/thumb/v6-m/nofp/libc_nano.a(libc_a-ctype_.o)
 .text          0x000008e2        0x0 /home/ismet/Documents/KON309/NXP/Compiler/arm-gnu-toolchain-12.3.rel1-x86_64-arm-none-eabi/bin/../lib/gcc/arm-none-eabi/12.3.1/../../../../arm-none-eabi/lib/thumb/v6-m/nofp/libc_nano.a(libc_a-sbrkr.o)
 .text          0x000008e2        0x0 /home/ismet/Documents/KON309/NXP/Compiler/arm-gnu-toolchain-12.3.rel1-x86_64-arm-none-eabi/bin/../lib/gcc/arm-none-eabi/12.3.1/../../../../arm-none-eabi/lib/thumb/v6-m/nofp/libc_nano.a(libc_a-writer.o)
 .text          0x000008e2        0x0 /home/ismet/Documents/KON309/NXP/Compiler/arm-gnu-toolchain-12.3.rel1-x86_64-arm-none-eabi/bin/../lib/gcc/arm-none-eabi/12.3.1/../../../../arm-none-eabi/lib/thumb/v6-m/nofp/libc_nano.a(libc_a-errno.o)
 .text          0x000008e2        0x0 /home/ismet/Documents/KON309/NXP/Compiler/arm-gnu-toolchain-12.3.rel1-x86_64-arm-none-eabi/bin/../lib/gcc/arm-none-eabi/12.3.1/../../../../arm-none-eabi/lib/thumb/v6-m/nofp/libc_nano.a(libc_a-fwalk.o)
 .text          0x000008e2        0x0 /home/ismet/Documents/KON309/NXP/Compiler/arm-gnu-toolchain-12.3.rel1-x86_64-arm-none-eabi/bin/../lib/gcc/arm-none-eabi/12.3.1/../../../../arm-none-eabi/lib/thumb/v6-m/nofp/libc_nano.a(libc_a-memset.o)
 .text          0x000008e2        0x0 /home/ismet/Documents/KON309/NXP/Compiler/arm-gnu-toolchain-12.3.rel1-x86_64-arm-none-eabi/bin/../lib/gcc/arm-none-eabi/12.3.1/../../../../arm-none-eabi/lib/thumb/v6-m/nofp/libc_nano.a(libc_a-freer.o)
 .text          0x000008e2        0x0 /home/ismet/Documents/KON309/NXP/Compiler/arm-gnu-toolchain-12.3.rel1-x86_64-arm-none-eabi/bin/../lib/gcc/arm-none-eabi/12.3.1/../../../../arm-none-eabi/lib/thumb/v6-m/nofp/libc_nano.a(libc_a-lock.o)
 .text          0x000008e2        0x0 /home/ismet/Documents/KON309/NXP/Compiler/arm-gnu-toolchain-12.3.rel1-x86_64-arm-none-eabi/bin/../lib/gcc/arm-none-eabi/12.3.1/../../../../arm-none-eabi/lib/thumb/v6-m/nofp/libc_nano.a(libc_a-closer.o)
 .text          0x000008e2        0x0 /home/ismet/Documents/KON309/NXP/Compiler/arm-gnu-toolchain-12.3.rel1-x86_64-arm-none-eabi/bin/../lib/gcc/arm-none-eabi/12.3.1/../../../../arm-none-eabi/lib/thumb/v6-m/nofp/libc_nano.a(libc_a-reent.o)
 .text          0x000008e2        0x0 /home/ismet/Documents/KON309/NXP/Compiler/arm-gnu-toolchain-12.3.rel1-x86_64-arm-none-eabi/bin/../lib/gcc/arm-none-eabi/12.3.1/../../../../arm-none-eabi/lib/thumb/v6-m/nofp/libc_nano.a(libc_a-fflush.o)
 .text          0x000008e2        0x0 /home/ismet/Documents/KON309/NXP/Compiler/arm-gnu-toolchain-12.3.rel1-x86_64-arm-none-eabi/bin/../lib/gcc/arm-none-eabi/12.3.1/../../../../arm-none-eabi/lib/thumb/v6-m/nofp/libc_nano.a(libc_a-lseekr.o)
 .text          0x000008e2        0x0 /home/ismet/Documents/KON309/NXP/Compiler/arm-gnu-toolchain-12.3.rel1-x86_64-arm-none-eabi/bin/../lib/gcc/arm-none-eabi/12.3.1/../../../../arm-none-eabi/lib/thumb/v6-m/nofp/libc_nano.a(libc_a-readr.o)
 .text          0x000008e2        0x0 /home/ismet/Documents/KON309/NXP/Compiler/arm-gnu-toolchain-12.3.rel1-x86_64-arm-none-eabi/bin/../lib/gcc/arm-none-eabi/12.3.1/../../../../arm-none-eabi/lib/thumb/v6-m/nofp/libnosys.a(close.o)
 .text          0x000008e2        0x0 /home/ismet/Documents/KON309/NXP/Compiler/arm-gnu-toolchain-12.3.rel1-x86_64-arm-none-eabi/bin/../lib/gcc/arm-none-eabi/12.3.1/../../../../arm-none-eabi/lib/thumb/v6-m/nofp/libnosys.a(lseek.o)
 .text          0x000008e2        0x0 /home/ismet/Documents/KON309/NXP/Compiler/arm-gnu-toolchain-12.3.rel1-x86_64-arm-none-eabi/bin/../lib/gcc/arm-none-eabi/12.3.1/../../../../arm-none-eabi/lib/thumb/v6-m/nofp/libnosys.a(read.o)
 .text          0x000008e2        0x0 /home/ismet/Documents/KON309/NXP/Compiler/arm-gnu-toolchain-12.3.rel1-x86_64-arm-none-eabi/bin/../lib/gcc/arm-none-eabi/12.3.1/../../../../arm-none-eabi/lib/thumb/v6-m/nofp/libnosys.a(sbrk.o)
 .text          0x000008e2        0x0 /home/ismet/Documents/KON309/NXP/Compiler/arm-gnu-toolchain-12.3.rel1-x86_64-arm-none-eabi/bin/../lib/gcc/arm-none-eabi/12.3.1/../../../../arm-none-eabi/lib/thumb/v6-m/nofp/libnosys.a(write.o)
 .text          0x000008e2        0x0 /home/ismet/Documents/KON309/NXP/Compiler/arm-gnu-toolchain-12.3.rel1-x86_64-arm-none-eabi/bin/../lib/gcc/arm-none-eabi/12.3.1/../../../../arm-none-eabi/lib/thumb/v6-m/nofp/libnosys.a(_exit.o)
 .text          0x000008e2        0x0 /home/ismet/Documents/KON309/NXP/Compiler/arm-gnu-toolchain-12.3.rel1-x86_64-arm-none-eabi/bin/../lib/gcc/arm-none-eabi/12.3.1/thumb/v6-m/nofp/crtend.o
 .text          0x000008e2        0x0 /home/ismet/Documents/KON309/NXP/Compiler/arm-gnu-toolchain-12.3.rel1-x86_64-arm-none-eabi/bin/../lib/gcc/arm-none-eabi/12.3.1/thumb/v6-m/nofp/crtn.o
 *(.text*)
 *fill*         0x000008e2        0x2 
 .text.deregister_tm_clones
                0x000008e4       0x20 /home/ismet/Documents/KON309/NXP/Compiler/arm-gnu-toolchain-12.3.rel1-x86_64-arm-none-eabi/bin/../lib/gcc/arm-none-eabi/12.3.1/thumb/v6-m/nofp/crtbegin.o
 .text.register_tm_clones
                0x00000904       0x28 /home/ismet/Documents/KON309/NXP/Compiler/arm-gnu-toolchain-12.3.rel1-x86_64-arm-none-eabi/bin/../lib/gcc/arm-none-eabi/12.3.1/thumb/v6-m/nofp/crtbegin.o
 .text.__do_global_dtors_aux
                0x0000092c       0x2c /home/ismet/Documents/KON309/NXP/Compiler/arm-gnu-toolchain-12.3.rel1-x86_64-arm-none-eabi/bin/../lib/gcc/arm-none-eabi/12.3.1/thumb/v6-m/nofp/crtbegin.o
 .text.frame_dummy
                0x00000958       0x24 /home/ismet/Documents/KON309/NXP/Compiler/arm-gnu-toolchain-12.3.rel1-x86_64-arm-none-eabi/bin/../lib/gcc/arm-none-eabi/12.3.1/thumb/v6-m/nofp/crtbegin.o
 .text.pint_intr_callback
                0x0000097c       0x44 build/experiment3_p3.o
                0x0000097c                pint_intr_callback
 .text.MRT0_IRQHandler
                0x000009c0      0x128 build/experiment3_p3.o
                0x000009c0                MRT0_IRQHandler
 .text.uart_init
                0x00000ae8       0x38 build/experiment3_p3.o
                0x00000ae8                uart_init
 .text.clock_init
                0x00000b20       0x58 build/experiment3_p3.o
                0x00000b20                clock_init
 .text.startup.main
                0x00000b78      0x1a4 build/experiment3_p3.o
                0x00000b78                main
 .text.SysTick_Handler
                0x00000d1c       0x14 build/experiment3_p3.o
                0x00000d1c                SysTick_Handler
 .text.delay_ms
                0x00000d30       0x10 build/experiment3_p3.o
                0x00000d30                delay_ms
 .text.InitPins
                0x00000d40       0x70 build/pin_mux.o
                0x00000d40                InitPins
 .text.SystemCoreClockUpdate
                0x00000db0       0x90 build/system_LPC824.o
                0x00000db0                SystemCoreClockUpdate
 .text.SystemInitHook
                0x00000e40        0x2 build/system_LPC824.o
                0x00000e40                SystemInitHook
 *fill*         0x00000e42        0x2 
 .text.SystemInit
                0x00000e44       0x24 build/system_LPC824.o
                0x00000e44                SystemInit
 .text.SDK_Malloc
                0x00000e68       0x44 build/fsl_common.o
                0x00000e68                SDK_Malloc
 .text.SDK_Free
                0x00000eac       0x1c build/fsl_common.o
                0x00000eac                SDK_Free
 .text.SDK_DelayAtLeastUs
                0x00000ec8       0x28 build/fsl_common_arm.o
                0x00000ec8                SDK_DelayAtLeastUs
 .text.POWER_EnterSleep
                0x00000ef0       0x2c build/fsl_power.o
                0x00000ef0                POWER_EnterSleep
 .text.POWER_EnterDeepSleep
                0x00000f1c       0x48 build/fsl_power.o
                0x00000f1c                POWER_EnterDeepSleep
 .text.POWER_EnterPowerDown
                0x00000f64       0x48 build/fsl_power.o
                0x00000f64                POWER_EnterPowerDown
 .text.POWER_EnterDeepPowerDownMode
                0x00000fac       0x34 build/fsl_power.o
                0x00000fac                POWER_EnterDeepPowerDownMode
 .text.EnableDeepSleepIRQ
                0x00000fe0       0x44 build/fsl_power.o
                0x00000fe0                EnableDeepSleepIRQ
 .text.DisableDeepSleepIRQ
                0x00001024       0x44 build/fsl_power.o
                0x00001024                DisableDeepSleepIRQ
 .text.CLOCK_UpdateClkSrc
                0x00001068       0x14 build/fsl_clock.o
 .text.CLOCK_GetIrcFreq
                0x0000107c        0x8 build/fsl_clock.o
                0x0000107c                CLOCK_GetIrcFreq
 .text.CLOCK_GetSysOscFreq
                0x00001084       0x1c build/fsl_clock.o
                0x00001084                CLOCK_GetSysOscFreq
 .text.CLOCK_GetSystemPLLInClockRate
                0x000010a0       0x38 build/fsl_clock.o
                0x000010a0                CLOCK_GetSystemPLLInClockRate
 .text.CLOCK_GetMainClkFreq
                0x000010d8       0x44 build/fsl_clock.o
                0x000010d8                CLOCK_GetMainClkFreq
 .text.CLOCK_GetClockOutClkFreq
                0x0000111c       0x50 build/fsl_clock.o
                0x0000111c                CLOCK_GetClockOutClkFreq
 .text.CLOCK_GetUartClkFreq
                0x0000116c       0x38 build/fsl_clock.o
                0x0000116c                CLOCK_GetUartClkFreq
 .text.CLOCK_GetUart0ClkFreq
                0x000011a4        0x8 build/fsl_clock.o
                0x000011a4                CLOCK_GetUart0ClkFreq
 .text.CLOCK_GetUart2ClkFreq
                0x000011ac        0x8 build/fsl_clock.o
                0x000011ac                CLOCK_GetUart2ClkFreq
 .text.CLOCK_GetUart1ClkFreq
                0x000011b4        0x8 build/fsl_clock.o
                0x000011b4                CLOCK_GetUart1ClkFreq
 .text.CLOCK_GetFreq
                0x000011bc       0x5c build/fsl_clock.o
                0x000011bc                CLOCK_GetFreq
 .text.CLOCK_InitSystemPll
                0x00001218       0x9c build/fsl_clock.o
                0x00001218                CLOCK_InitSystemPll
 .text.CLOCK_InitExtClkin
                0x000012b4       0x30 build/fsl_clock.o
                0x000012b4                CLOCK_InitExtClkin
 .text.CLOCK_InitXtalin
                0x000012e4       0x58 build/fsl_clock.o
                0x000012e4                CLOCK_InitXtalin
 .text.CLOCK_InitSysOsc
                0x0000133c       0x70 build/fsl_clock.o
                0x0000133c                CLOCK_InitSysOsc
 .text.CLOCK_InitWdtOsc
                0x000013ac       0x44 build/fsl_clock.o
                0x000013ac                CLOCK_InitWdtOsc
 .text.CLOCK_SetMainClkSrc
                0x000013f0       0x34 build/fsl_clock.o
                0x000013f0                CLOCK_SetMainClkSrc
 .text.CLOCK_SetUARTFRGClkFreq
                0x00001424       0x5c build/fsl_clock.o
                0x00001424                CLOCK_SetUARTFRGClkFreq
 .text.CLOCK_UpdateClkOUTsrc
                0x00001480       0x10 build/fsl_clock.o
                0x00001480                CLOCK_UpdateClkOUTsrc
 .text.RESET_PeripheralReset
                0x00001490       0x18 build/fsl_reset.o
                0x00001490                RESET_PeripheralReset
 .text.SWM_SetMovablePinSelect
                0x000014a8       0x1e build/fsl_swm.o
                0x000014a8                SWM_SetMovablePinSelect
 .text.SWM_SetFixedPinSelect
                0x000014c6       0x24 build/fsl_swm.o
                0x000014c6                SWM_SetFixedPinSelect
 *fill*         0x000014ea        0x2 
 .text.SCTIMER_EventHandleIRQ
                0x000014ec       0x40 build/fsl_sctimer.o
                0x000014ec                SCTIMER_EventHandleIRQ
 .text.SCTIMER_Init
                0x0000152c       0xc4 build/fsl_sctimer.o
                0x0000152c                SCTIMER_Init
 .text.SCTIMER_Deinit
                0x000015f0       0x20 build/fsl_sctimer.o
                0x000015f0                SCTIMER_Deinit
 .text.SCTIMER_GetDefaultConfig
                0x00001610       0x18 build/fsl_sctimer.o
                0x00001610                SCTIMER_GetDefaultConfig
 .text.SCTIMER_UpdatePwmDutycycle
                0x00001628       0x80 build/fsl_sctimer.o
                0x00001628                SCTIMER_UpdatePwmDutycycle
 .text.SCTIMER_CreateAndScheduleEvent
                0x000016a8      0x118 build/fsl_sctimer.o
                0x000016a8                SCTIMER_CreateAndScheduleEvent
 .text.SCTIMER_SetupPwm
                0x000017c0      0x168 build/fsl_sctimer.o
                0x000017c0                SCTIMER_SetupPwm
 .text.SCTIMER_ScheduleEvent
                0x00001928       0x20 build/fsl_sctimer.o
                0x00001928                SCTIMER_ScheduleEvent
 .text.SCTIMER_IncreaseState
                0x00001948       0x18 build/fsl_sctimer.o
                0x00001948                SCTIMER_IncreaseState
 .text.SCTIMER_GetCurrentState
                0x00001960        0xc build/fsl_sctimer.o
                0x00001960                SCTIMER_GetCurrentState
 .text.SCTIMER_SetupOutputToggleAction
                0x0000196c       0x30 build/fsl_sctimer.o
                0x0000196c                SCTIMER_SetupOutputToggleAction
 .text.SCTIMER_SetupCaptureAction
                0x0000199c       0x94 build/fsl_sctimer.o
                0x0000199c                SCTIMER_SetupCaptureAction
 .text.SCTIMER_SetCallback
                0x00001a30        0xc build/fsl_sctimer.o
                0x00001a30                SCTIMER_SetCallback
 .text.SCT0_DriverIRQHandler
                0x00001a3c       0x14 build/fsl_sctimer.o
                0x00001a3c                SCT0_DriverIRQHandler
 .text.__NVIC_ClearPendingIRQ
                0x00001a50       0x1c build/fsl_pint.o
 .text.PINT_Init
                0x00001a6c       0x50 build/fsl_pint.o
                0x00001a6c                PINT_Init
 .text.PINT_PinInterruptConfig
                0x00001abc       0x44 build/fsl_pint.o
                0x00001abc                PINT_PinInterruptConfig
 .text.PINT_PinInterruptGetConfig
                0x00001b00       0x5c build/fsl_pint.o
                0x00001b00                PINT_PinInterruptGetConfig
 .text.PINT_PatternMatchConfig
                0x00001b5c       0x60 build/fsl_pint.o
                0x00001b5c                PINT_PatternMatchConfig
 .text.PINT_PatternMatchGetConfig
                0x00001bbc       0x54 build/fsl_pint.o
                0x00001bbc                PINT_PatternMatchGetConfig
 .text.PINT_PatternMatchResetDetectLogic
                0x00001c10        0xe build/fsl_pint.o
                0x00001c10                PINT_PatternMatchResetDetectLogic
 .text.PINT_PinInterruptClrStatus
                0x00001c1e       0x16 build/fsl_pint.o
                0x00001c1e                PINT_PinInterruptClrStatus
 .text.PINT_PinInterruptClrStatusAll
                0x00001c34       0x34 build/fsl_pint.o
                0x00001c34                PINT_PinInterruptClrStatusAll
 .text.PINT_EnableCallback
                0x00001c68       0x40 build/fsl_pint.o
                0x00001c68                PINT_EnableCallback
 .text.PINT_EnableCallbackByIndex
                0x00001ca8       0x2c build/fsl_pint.o
                0x00001ca8                PINT_EnableCallbackByIndex
 .text.PINT_DisableCallback
                0x00001cd4       0x4c build/fsl_pint.o
                0x00001cd4                PINT_DisableCallback
 .text.PINT_DisableCallbackByIndex
                0x00001d20       0x40 build/fsl_pint.o
                0x00001d20                PINT_DisableCallbackByIndex
 .text.PINT_Deinit
                0x00001d60       0x38 build/fsl_pint.o
                0x00001d60                PINT_Deinit
 .text.PIN_INT0_DriverIRQHandler
                0x00001d98       0x34 build/fsl_pint.o
                0x00001d98                PIN_INT0_DriverIRQHandler
 .text.PIN_INT1_DriverIRQHandler
                0x00001dcc       0x30 build/fsl_pint.o
                0x00001dcc                PIN_INT1_DriverIRQHandler
 .text.PIN_INT2_DriverIRQHandler
                0x00001dfc       0x30 build/fsl_pint.o
                0x00001dfc                PIN_INT2_DriverIRQHandler
 .text.PIN_INT3_DriverIRQHandler
                0x00001e2c       0x30 build/fsl_pint.o
                0x00001e2c                PIN_INT3_DriverIRQHandler
 .text.PIN_INT4_DriverIRQHandler
                0x00001e5c       0x30 build/fsl_pint.o
                0x00001e5c                PIN_INT4_DriverIRQHandler
 .text.PIN_INT5_DAC1_IRQHandler
                0x00001e8c       0x30 build/fsl_pint.o
                0x00001e8c                PIN_INT5_DAC1_IRQHandler
 .text.PIN_INT6_USART3_IRQHandler
                0x00001ebc       0x30 build/fsl_pint.o
                0x00001ebc                PIN_INT6_USART3_IRQHandler
 .text.PIN_INT7_USART4_IRQHandler
                0x00001eec       0x30 build/fsl_pint.o
                0x00001eec                PIN_INT7_USART4_IRQHandler
 .text.DbgConsole_ConvertRadixNumToString.constprop.0
                0x00001f1c       0x4e build/fsl_debug_console.o
 *fill*         0x00001f6a        0x2 
 .text.DbgConsole_Init
                0x00001f6c       0x4c build/fsl_debug_console.o
                0x00001f6c                DbgConsole_Init
 .text.DbgConsole_Deinit
                0x00001fb8       0x1c build/fsl_debug_console.o
                0x00001fb8                DbgConsole_Deinit
 .text.DbgConsole_Putchar
                0x00001fd4       0x24 build/fsl_debug_console.o
                0x00001fd4                DbgConsole_Putchar
 .text.DbgConsole_Vprintf
                0x00001ff8      0x1e8 build/fsl_debug_console.o
                0x00001ff8                DbgConsole_Vprintf
 .text.DbgConsole_Printf
                0x000021e0       0x16 build/fsl_debug_console.o
                0x000021e0                DbgConsole_Printf
 *fill*         0x000021f6        0x2 
 .text.DbgConsole_Getchar
                0x000021f8       0x28 build/fsl_debug_console.o
                0x000021f8                DbgConsole_Getchar
 .text.DbgConsole_Scanf
                0x00002220       0x6c build/fsl_debug_console.o
                0x00002220                DbgConsole_Scanf
 .text.USART_GetInstance
                0x0000228c       0x2c build/fsl_usart.o
                0x0000228c                USART_GetInstance
 .text.USART_TransferGetRxRingBufferLength
                0x000022b8       0x1a build/fsl_usart.o
                0x000022b8                USART_TransferGetRxRingBufferLength
 *fill*         0x000022d2        0x2 
 .text.USART_TransferHandleIRQ
                0x000022d4      0x15c build/fsl_usart.o
                0x000022d4                USART_TransferHandleIRQ
 .text.USART_TransferStartRingBuffer
                0x00002430       0x12 build/fsl_usart.o
                0x00002430                USART_TransferStartRingBuffer
 .text.USART_TransferStopRingBuffer
                0x00002442       0x1c build/fsl_usart.o
                0x00002442                USART_TransferStopRingBuffer
 *fill*         0x0000245e        0x2 
 .text.USART_Deinit
                0x00002460       0x30 build/fsl_usart.o
                0x00002460                USART_Deinit
 .text.USART_GetDefaultConfig
                0x00002490       0x1a build/fsl_usart.o
                0x00002490                USART_GetDefaultConfig
 *fill*         0x000024aa        0x2 
 .text.USART_SetBaudRate
                0x000024ac       0x94 build/fsl_usart.o
                0x000024ac                USART_SetBaudRate
 .text.USART_Init
                0x00002540       0xfc build/fsl_usart.o
                0x00002540                USART_Init
 .text.USART_WriteBlocking
                0x0000263c       0x24 build/fsl_usart.o
                0x0000263c                USART_WriteBlocking
 .text.USART_ReadBlocking
                0x00002660       0x78 build/fsl_usart.o
                0x00002660                USART_ReadBlocking
 .text.USART_TransferCreateHandle
                0x000026d8       0x64 build/fsl_usart.o
                0x000026d8                USART_TransferCreateHandle
 .text.USART_TransferSendNonBlocking
                0x0000273c       0x34 build/fsl_usart.o
                0x0000273c                USART_TransferSendNonBlocking
 .text.USART_TransferAbortSend
                0x00002770       0x16 build/fsl_usart.o
                0x00002770                USART_TransferAbortSend
 .text.USART_TransferGetSendCount
                0x00002786       0x18 build/fsl_usart.o
                0x00002786                USART_TransferGetSendCount
 *fill*         0x0000279e        0x2 
 .text.USART_TransferReceiveNonBlocking
                0x000027a0       0xc8 build/fsl_usart.o
                0x000027a0                USART_TransferReceiveNonBlocking
 .text.USART_TransferAbortReceive
                0x00002868       0x18 build/fsl_usart.o
                0x00002868                USART_TransferAbortReceive
 .text.USART_TransferGetReceiveCount
                0x00002880       0x18 build/fsl_usart.o
                0x00002880                USART_TransferGetReceiveCount
 .text.USART0_DriverIRQHandler
                0x00002898       0x1c build/fsl_usart.o
                0x00002898                USART0_DriverIRQHandler
 .text.USART1_DriverIRQHandler
                0x000028b4       0x1c build/fsl_usart.o
                0x000028b4                USART1_DriverIRQHandler
 .text.USART2_DriverIRQHandler
                0x000028d0       0x1c build/fsl_usart.o
                0x000028d0                USART2_DriverIRQHandler
 .text.HAL_UartInit
                0x000028ec       0x6c build/fsl_adapter_miniusart.o
                0x000028ec                HAL_UartInit
 .text.HAL_UartDeinit
                0x00002958       0x18 build/fsl_adapter_miniusart.o
                0x00002958                HAL_UartDeinit
 .text.HAL_UartReceiveBlocking
                0x00002970       0x24 build/fsl_adapter_miniusart.o
                0x00002970                HAL_UartReceiveBlocking
 .text.HAL_UartSendBlocking
                0x00002994       0x18 build/fsl_adapter_miniusart.o
                0x00002994                HAL_UartSendBlocking
 .text.HAL_UartEnterLowpower
                0x000029ac        0x4 build/fsl_adapter_miniusart.o
                0x000029ac                HAL_UartEnterLowpower
 .text.HAL_UartExitLowpower
                0x000029b0        0x4 build/fsl_adapter_miniusart.o
                0x000029b0                HAL_UartExitLowpower
 .text.SYSCON_AttachSignal
                0x000029b4        0xe build/fsl_syscon.o
                0x000029b4                SYSCON_AttachSignal
 .text.ScanIsWhiteSpace
                0x000029c2       0x16 build/fsl_str.o
 .text.ScanIgnoreWhiteSpace
                0x000029d8       0x22 build/fsl_str.o
 .text.ConvertRadixNumToString.constprop.0
                0x000029fa       0x4e build/fsl_str.o
 .text.StrFormatPrintf
                0x00002a48      0x184 build/fsl_str.o
                0x00002a48                StrFormatPrintf
 .text.StrFormatScanf
                0x00002bcc      0x290 build/fsl_str.o
                0x00002bcc                StrFormatScanf
 .text.MRT_Init
                0x00002e5c       0x1c build/fsl_mrt.o
                0x00002e5c                MRT_Init
 .text.MRT_Deinit
                0x00002e78       0x20 build/fsl_mrt.o
                0x00002e78                MRT_Deinit
 .text.MRT_UpdateTimerPeriod
                0x00002e98       0x1e build/fsl_mrt.o
                0x00002e98                MRT_UpdateTimerPeriod
 *fill*         0x00002eb6        0x2 
 .text.__muldi3
                0x00002eb8       0x5c /home/ismet/Documents/KON309/NXP/Compiler/arm-gnu-toolchain-12.3.rel1-x86_64-arm-none-eabi/bin/../lib/gcc/arm-none-eabi/12.3.1/thumb/v6-m/nofp/libgcc.a(_muldi3.o)
                0x00002eb8                __aeabi_lmul
                0x00002eb8                __muldi3
 .text.__udivmoddi4
                0x00002f14      0x198 /home/ismet/Documents/KON309/NXP/Compiler/arm-gnu-toolchain-12.3.rel1-x86_64-arm-none-eabi/bin/../lib/gcc/arm-none-eabi/12.3.1/thumb/v6-m/nofp/libgcc.a(_udivmoddi4.o)
                0x00002f14                __udivmoddi4
 .text.__gnu_ldivmod_helper
                0x000030ac       0x3c /home/ismet/Documents/KON309/NXP/Compiler/arm-gnu-toolchain-12.3.rel1-x86_64-arm-none-eabi/bin/../lib/gcc/arm-none-eabi/12.3.1/thumb/v6-m/nofp/libgcc.a(bpabi.o)
                0x000030ac                __gnu_ldivmod_helper
 .text.__divdi3
                0x000030e8      0x1e4 /home/ismet/Documents/KON309/NXP/Compiler/arm-gnu-toolchain-12.3.rel1-x86_64-arm-none-eabi/bin/../lib/gcc/arm-none-eabi/12.3.1/thumb/v6-m/nofp/libgcc.a(_divdi3.o)
                0x000030e8                __divdi3
 .text.exit     0x000032cc       0x28 /home/ismet/Documents/KON309/NXP/Compiler/arm-gnu-toolchain-12.3.rel1-x86_64-arm-none-eabi/bin/../lib/gcc/arm-none-eabi/12.3.1/../../../../arm-none-eabi/lib/thumb/v6-m/nofp/libc_nano.a(libc_a-exit.o)
                0x000032cc                exit
 .text._strtoul_l.constprop.0
                0x000032f4      0x108 /home/ismet/Documents/KON309/NXP/Compiler/arm-gnu-toolchain-12.3.rel1-x86_64-arm-none-eabi/bin/../lib/gcc/arm-none-eabi/12.3.1/../../../../arm-none-eabi/lib/thumb/v6-m/nofp/libc_nano.a(libc_a-strtoul.o)
 .text._strtoul_r
                0x000033fc        0x8 /home/ismet/Documents/KON309/NXP/Compiler/arm-gnu-toolchain-12.3.rel1-x86_64-arm-none-eabi/bin/../lib/gcc/arm-none-eabi/12.3.1/../../../../arm-none-eabi/lib/thumb/v6-m/nofp/libc_nano.a(libc_a-strtoul.o)
                0x000033fc                _strtoul_r
 .text.strtoul_l
                0x00003404       0x18 /home/ismet/Documents/KON309/NXP/Compiler/arm-gnu-toolchain-12.3.rel1-x86_64-arm-none-eabi/bin/../lib/gcc/arm-none-eabi/12.3.1/../../../../arm-none-eabi/lib/thumb/v6-m/nofp/libc_nano.a(libc_a-strtoul.o)
                0x00003404                strtoul_l
 .text.strtoul  0x0000341c       0x18 /home/ismet/Documents/KON309/NXP/Compiler/arm-gnu-toolchain-12.3.rel1-x86_64-arm-none-eabi/bin/../lib/gcc/arm-none-eabi/12.3.1/../../../../arm-none-eabi/lib/thumb/v6-m/nofp/libc_nano.a(libc_a-strtoul.o)
                0x0000341c                strtoul
 .text.__libc_init_array
                0x00003434       0x48 /home/ismet/Documents/KON309/NXP/Compiler/arm-gnu-toolchain-12.3.rel1-x86_64-arm-none-eabi/bin/../lib/gcc/arm-none-eabi/12.3.1/../../../../arm-none-eabi/lib/thumb/v6-m/nofp/libc_nano.a(libc_a-init.o)
                0x00003434                __libc_init_array
 .text.memcpy   0x0000347c       0x12 /home/ismet/Documents/KON309/NXP/Compiler/arm-gnu-toolchain-12.3.rel1-x86_64-arm-none-eabi/bin/../lib/gcc/arm-none-eabi/12.3.1/../../../../arm-none-eabi/lib/thumb/v6-m/nofp/libc_nano.a(libc_a-memcpy-stub.o)
                0x0000347c                memcpy
 *fill*         0x0000348e        0x2 
 .text.malloc   0x00003490       0x14 /home/ismet/Documents/KON309/NXP/Compiler/arm-gnu-toolchain-12.3.rel1-x86_64-arm-none-eabi/bin/../lib/gcc/arm-none-eabi/12.3.1/../../../../arm-none-eabi/lib/thumb/v6-m/nofp/libc_nano.a(libc_a-malloc.o)
                0x00003490                malloc
 .text.free     0x000034a4       0x14 /home/ismet/Documents/KON309/NXP/Compiler/arm-gnu-toolchain-12.3.rel1-x86_64-arm-none-eabi/bin/../lib/gcc/arm-none-eabi/12.3.1/../../../../arm-none-eabi/lib/thumb/v6-m/nofp/libc_nano.a(libc_a-malloc.o)
                0x000034a4                free
 .text.sbrk_aligned
                0x000034b8       0x44 /home/ismet/Documents/KON309/NXP/Compiler/arm-gnu-toolchain-12.3.rel1-x86_64-arm-none-eabi/bin/../lib/gcc/arm-none-eabi/12.3.1/../../../../arm-none-eabi/lib/thumb/v6-m/nofp/libc_nano.a(libc_a-mallocr.o)
 .text._malloc_r
                0x000034fc      0x100 /home/ismet/Documents/KON309/NXP/Compiler/arm-gnu-toolchain-12.3.rel1-x86_64-arm-none-eabi/bin/../lib/gcc/arm-none-eabi/12.3.1/../../../../arm-none-eabi/lib/thumb/v6-m/nofp/libc_nano.a(libc_a-mallocr.o)
                0x000034fc                _malloc_r
 .text.std      0x000035fc       0x6c /home/ismet/Documents/KON309/NXP/Compiler/arm-gnu-toolchain-12.3.rel1-x86_64-arm-none-eabi/bin/../lib/gcc/arm-none-eabi/12.3.1/../../../../arm-none-eabi/lib/thumb/v6-m/nofp/libc_nano.a(libc_a-findfp.o)
 .text.stdio_exit_handler
                0x00003668       0x1c /home/ismet/Documents/KON309/NXP/Compiler/arm-gnu-toolchain-12.3.rel1-x86_64-arm-none-eabi/bin/../lib/gcc/arm-none-eabi/12.3.1/../../../../arm-none-eabi/lib/thumb/v6-m/nofp/libc_nano.a(libc_a-findfp.o)
 .text.cleanup_stdio
                0x00003684       0x3c /home/ismet/Documents/KON309/NXP/Compiler/arm-gnu-toolchain-12.3.rel1-x86_64-arm-none-eabi/bin/../lib/gcc/arm-none-eabi/12.3.1/../../../../arm-none-eabi/lib/thumb/v6-m/nofp/libc_nano.a(libc_a-findfp.o)
 .text.__fp_lock
                0x000036c0       0x18 /home/ismet/Documents/KON309/NXP/Compiler/arm-gnu-toolchain-12.3.rel1-x86_64-arm-none-eabi/bin/../lib/gcc/arm-none-eabi/12.3.1/../../../../arm-none-eabi/lib/thumb/v6-m/nofp/libc_nano.a(libc_a-findfp.o)
 .text.__fp_unlock
                0x000036d8       0x18 /home/ismet/Documents/KON309/NXP/Compiler/arm-gnu-toolchain-12.3.rel1-x86_64-arm-none-eabi/bin/../lib/gcc/arm-none-eabi/12.3.1/../../../../arm-none-eabi/lib/thumb/v6-m/nofp/libc_nano.a(libc_a-findfp.o)
 .text.global_stdio_init.part.0
                0x000036f0       0x3c /home/ismet/Documents/KON309/NXP/Compiler/arm-gnu-toolchain-12.3.rel1-x86_64-arm-none-eabi/bin/../lib/gcc/arm-none-eabi/12.3.1/../../../../arm-none-eabi/lib/thumb/v6-m/nofp/libc_nano.a(libc_a-findfp.o)
 .text.__sfp_lock_acquire
                0x0000372c       0x10 /home/ismet/Documents/KON309/NXP/Compiler/arm-gnu-toolchain-12.3.rel1-x86_64-arm-none-eabi/bin/../lib/gcc/arm-none-eabi/12.3.1/../../../../arm-none-eabi/lib/thumb/v6-m/nofp/libc_nano.a(libc_a-findfp.o)
                0x0000372c                __sfp_lock_acquire
 .text.__sfp_lock_release
                0x0000373c       0x10 /home/ismet/Documents/KON309/NXP/Compiler/arm-gnu-toolchain-12.3.rel1-x86_64-arm-none-eabi/bin/../lib/gcc/arm-none-eabi/12.3.1/../../../../arm-none-eabi/lib/thumb/v6-m/nofp/libc_nano.a(libc_a-findfp.o)
                0x0000373c                __sfp_lock_release
 .text.__sfp    0x0000374c       0xa8 /home/ismet/Documents/KON309/NXP/Compiler/arm-gnu-toolchain-12.3.rel1-x86_64-arm-none-eabi/bin/../lib/gcc/arm-none-eabi/12.3.1/../../../../arm-none-eabi/lib/thumb/v6-m/nofp/libc_nano.a(libc_a-findfp.o)
                0x0000374c                __sfp
 .text.__sinit  0x000037f4       0x30 /home/ismet/Documents/KON309/NXP/Compiler/arm-gnu-toolchain-12.3.rel1-x86_64-arm-none-eabi/bin/../lib/gcc/arm-none-eabi/12.3.1/../../../../arm-none-eabi/lib/thumb/v6-m/nofp/libc_nano.a(libc_a-findfp.o)
                0x000037f4                __sinit
 .text.__fp_lock_all
                0x00003824       0x1c /home/ismet/Documents/KON309/NXP/Compiler/arm-gnu-toolchain-12.3.rel1-x86_64-arm-none-eabi/bin/../lib/gcc/arm-none-eabi/12.3.1/../../../../arm-none-eabi/lib/thumb/v6-m/nofp/libc_nano.a(libc_a-findfp.o)
                0x00003824                __fp_lock_all
 .text.__fp_unlock_all
                0x00003840       0x1c /home/ismet/Documents/KON309/NXP/Compiler/arm-gnu-toolchain-12.3.rel1-x86_64-arm-none-eabi/bin/../lib/gcc/arm-none-eabi/12.3.1/../../../../arm-none-eabi/lib/thumb/v6-m/nofp/libc_nano.a(libc_a-findfp.o)
                0x00003840                __fp_unlock_all
 .text.__sread  0x0000385c       0x28 /home/ismet/Documents/KON309/NXP/Compiler/arm-gnu-toolchain-12.3.rel1-x86_64-arm-none-eabi/bin/../lib/gcc/arm-none-eabi/12.3.1/../../../../arm-none-eabi/lib/thumb/v6-m/nofp/libc_nano.a(libc_a-stdio.o)
                0x0000385c                __sread
 .text.__seofread
                0x00003884        0x4 /home/ismet/Documents/KON309/NXP/Compiler/arm-gnu-toolchain-12.3.rel1-x86_64-arm-none-eabi/bin/../lib/gcc/arm-none-eabi/12.3.1/../../../../arm-none-eabi/lib/thumb/v6-m/nofp/libc_nano.a(libc_a-stdio.o)
                0x00003884                __seofread
 .text.__swrite
                0x00003888       0x38 /home/ismet/Documents/KON309/NXP/Compiler/arm-gnu-toolchain-12.3.rel1-x86_64-arm-none-eabi/bin/../lib/gcc/arm-none-eabi/12.3.1/../../../../arm-none-eabi/lib/thumb/v6-m/nofp/libc_nano.a(libc_a-stdio.o)
                0x00003888                __swrite
 .text.__sseek  0x000038c0       0x2c /home/ismet/Documents/KON309/NXP/Compiler/arm-gnu-toolchain-12.3.rel1-x86_64-arm-none-eabi/bin/../lib/gcc/arm-none-eabi/12.3.1/../../../../arm-none-eabi/lib/thumb/v6-m/nofp/libc_nano.a(libc_a-stdio.o)
                0x000038c0                __sseek
 .text.__sclose
                0x000038ec        0xc /home/ismet/Documents/KON309/NXP/Compiler/arm-gnu-toolchain-12.3.rel1-x86_64-arm-none-eabi/bin/../lib/gcc/arm-none-eabi/12.3.1/../../../../arm-none-eabi/lib/thumb/v6-m/nofp/libc_nano.a(libc_a-stdio.o)
                0x000038ec                __sclose
 .text.__malloc_lock
                0x000038f8       0x10 /home/ismet/Documents/KON309/NXP/Compiler/arm-gnu-toolchain-12.3.rel1-x86_64-arm-none-eabi/bin/../lib/gcc/arm-none-eabi/12.3.1/../../../../arm-none-eabi/lib/thumb/v6-m/nofp/libc_nano.a(libc_a-mlock.o)
                0x000038f8                __malloc_lock
 .text.__malloc_unlock
                0x00003908       0x10 /home/ismet/Documents/KON309/NXP/Compiler/arm-gnu-toolchain-12.3.rel1-x86_64-arm-none-eabi/bin/../lib/gcc/arm-none-eabi/12.3.1/../../../../arm-none-eabi/lib/thumb/v6-m/nofp/libc_nano.a(libc_a-mlock.o)
                0x00003908                __malloc_unlock
 .text._sbrk_r  0x00003918       0x24 /home/ismet/Documents/KON309/NXP/Compiler/arm-gnu-toolchain-12.3.rel1-x86_64-arm-none-eabi/bin/../lib/gcc/arm-none-eabi/12.3.1/../../../../arm-none-eabi/lib/thumb/v6-m/nofp/libc_nano.a(libc_a-sbrkr.o)
                0x00003918                _sbrk_r
 .text._write_r
                0x0000393c       0x28 /home/ismet/Documents/KON309/NXP/Compiler/arm-gnu-toolchain-12.3.rel1-x86_64-arm-none-eabi/bin/../lib/gcc/arm-none-eabi/12.3.1/../../../../arm-none-eabi/lib/thumb/v6-m/nofp/libc_nano.a(libc_a-writer.o)
                0x0000393c                _write_r
 .text.__errno  0x00003964        0xc /home/ismet/Documents/KON309/NXP/Compiler/arm-gnu-toolchain-12.3.rel1-x86_64-arm-none-eabi/bin/../lib/gcc/arm-none-eabi/12.3.1/../../../../arm-none-eabi/lib/thumb/v6-m/nofp/libc_nano.a(libc_a-errno.o)
                0x00003964                __errno
 .text._fwalk_sglue
                0x00003970       0x38 /home/ismet/Documents/KON309/NXP/Compiler/arm-gnu-toolchain-12.3.rel1-x86_64-arm-none-eabi/bin/../lib/gcc/arm-none-eabi/12.3.1/../../../../arm-none-eabi/lib/thumb/v6-m/nofp/libc_nano.a(libc_a-fwalk.o)
                0x00003970                _fwalk_sglue
 .text.memset   0x000039a8       0x10 /home/ismet/Documents/KON309/NXP/Compiler/arm-gnu-toolchain-12.3.rel1-x86_64-arm-none-eabi/bin/../lib/gcc/arm-none-eabi/12.3.1/../../../../arm-none-eabi/lib/thumb/v6-m/nofp/libc_nano.a(libc_a-memset.o)
                0x000039a8                memset
 .text._free_r  0x000039b8       0x94 /home/ismet/Documents/KON309/NXP/Compiler/arm-gnu-toolchain-12.3.rel1-x86_64-arm-none-eabi/bin/../lib/gcc/arm-none-eabi/12.3.1/../../../../arm-none-eabi/lib/thumb/v6-m/nofp/libc_nano.a(libc_a-freer.o)
                0x000039b8                _free_r
 .text.__retarget_lock_init
                0x00003a4c        0x2 /home/ismet/Documents/KON309/NXP/Compiler/arm-gnu-toolchain-12.3.rel1-x86_64-arm-none-eabi/bin/../lib/gcc/arm-none-eabi/12.3.1/../../../../arm-none-eabi/lib/thumb/v6-m/nofp/libc_nano.a(libc_a-lock.o)
                0x00003a4c                __retarget_lock_init
 .text.__retarget_lock_init_recursive
                0x00003a4e        0x2 /home/ismet/Documents/KON309/NXP/Compiler/arm-gnu-toolchain-12.3.rel1-x86_64-arm-none-eabi/bin/../lib/gcc/arm-none-eabi/12.3.1/../../../../arm-none-eabi/lib/thumb/v6-m/nofp/libc_nano.a(libc_a-lock.o)
                0x00003a4e                __retarget_lock_init_recursive
 .text.__retarget_lock_close
                0x00003a50        0x2 /home/ismet/Documents/KON309/NXP/Compiler/arm-gnu-toolchain-12.3.rel1-x86_64-arm-none-eabi/bin/../lib/gcc/arm-none-eabi/12.3.1/../../../../arm-none-eabi/lib/thumb/v6-m/nofp/libc_nano.a(libc_a-lock.o)
                0x00003a50                __retarget_lock_close
 .text.__retarget_lock_close_recursive
                0x00003a52        0x2 /home/ismet/Documents/KON309/NXP/Compiler/arm-gnu-toolchain-12.3.rel1-x86_64-arm-none-eabi/bin/../lib/gcc/arm-none-eabi/12.3.1/../../../../arm-none-eabi/lib/thumb/v6-m/nofp/libc_nano.a(libc_a-lock.o)
                0x00003a52                __retarget_lock_close_recursive
 .text.__retarget_lock_acquire
                0x00003a54        0x2 /home/ismet/Documents/KON309/NXP/Compiler/arm-gnu-toolchain-12.3.rel1-x86_64-arm-none-eabi/bin/../lib/gcc/arm-none-eabi/12.3.1/../../../../arm-none-eabi/lib/thumb/v6-m/nofp/libc_nano.a(libc_a-lock.o)
                0x00003a54                __retarget_lock_acquire
 .text.__retarget_lock_acquire_recursive
                0x00003a56        0x2 /home/ismet/Documents/KON309/NXP/Compiler/arm-gnu-toolchain-12.3.rel1-x86_64-arm-none-eabi/bin/../lib/gcc/arm-none-eabi/12.3.1/../../../../arm-none-eabi/lib/thumb/v6-m/nofp/libc_nano.a(libc_a-lock.o)
                0x00003a56                __retarget_lock_acquire_recursive
 .text.__retarget_lock_try_acquire
                0x00003a58        0x4 /home/ismet/Documents/KON309/NXP/Compiler/arm-gnu-toolchain-12.3.rel1-x86_64-arm-none-eabi/bin/../lib/gcc/arm-none-eabi/12.3.1/../../../../arm-none-eabi/lib/thumb/v6-m/nofp/libc_nano.a(libc_a-lock.o)
                0x00003a58                __retarget_lock_try_acquire
 .text.__retarget_lock_try_acquire_recursive
                0x00003a5c        0x4 /home/ismet/Documents/KON309/NXP/Compiler/arm-gnu-toolchain-12.3.rel1-x86_64-arm-none-eabi/bin/../lib/gcc/arm-none-eabi/12.3.1/../../../../arm-none-eabi/lib/thumb/v6-m/nofp/libc_nano.a(libc_a-lock.o)
                0x00003a5c                __retarget_lock_try_acquire_recursive
 .text.__retarget_lock_release
                0x00003a60        0x2 /home/ismet/Documents/KON309/NXP/Compiler/arm-gnu-toolchain-12.3.rel1-x86_64-arm-none-eabi/bin/../lib/gcc/arm-none-eabi/12.3.1/../../../../arm-none-eabi/lib/thumb/v6-m/nofp/libc_nano.a(libc_a-lock.o)
                0x00003a60                __retarget_lock_release
 .text.__retarget_lock_release_recursive
                0x00003a62        0x2 /home/ismet/Documents/KON309/NXP/Compiler/arm-gnu-toolchain-12.3.rel1-x86_64-arm-none-eabi/bin/../lib/gcc/arm-none-eabi/12.3.1/../../../../arm-none-eabi/lib/thumb/v6-m/nofp/libc_nano.a(libc_a-lock.o)
                0x00003a62                __retarget_lock_release_recursive
 .text._close_r
                0x00003a64       0x24 /home/ismet/Documents/KON309/NXP/Compiler/arm-gnu-toolchain-12.3.rel1-x86_64-arm-none-eabi/bin/../lib/gcc/arm-none-eabi/12.3.1/../../../../arm-none-eabi/lib/thumb/v6-m/nofp/libc_nano.a(libc_a-closer.o)
                0x00003a64                _close_r
 .text._reclaim_reent
                0x00003a88       0xc0 /home/ismet/Documents/KON309/NXP/Compiler/arm-gnu-toolchain-12.3.rel1-x86_64-arm-none-eabi/bin/../lib/gcc/arm-none-eabi/12.3.1/../../../../arm-none-eabi/lib/thumb/v6-m/nofp/libc_nano.a(libc_a-reent.o)
                0x00003a88                _reclaim_reent
 .text.__sflush_r
                0x00003b48      0x11c /home/ismet/Documents/KON309/NXP/Compiler/arm-gnu-toolchain-12.3.rel1-x86_64-arm-none-eabi/bin/../lib/gcc/arm-none-eabi/12.3.1/../../../../arm-none-eabi/lib/thumb/v6-m/nofp/libc_nano.a(libc_a-fflush.o)
                0x00003b48                __sflush_r
 .text._fflush_r
                0x00003c64       0x56 /home/ismet/Documents/KON309/NXP/Compiler/arm-gnu-toolchain-12.3.rel1-x86_64-arm-none-eabi/bin/../lib/gcc/arm-none-eabi/12.3.1/../../../../arm-none-eabi/lib/thumb/v6-m/nofp/libc_nano.a(libc_a-fflush.o)
                0x00003c64                _fflush_r
 *fill*         0x00003cba        0x2 
 .text.fflush   0x00003cbc       0x30 /home/ismet/Documents/KON309/NXP/Compiler/arm-gnu-toolchain-12.3.rel1-x86_64-arm-none-eabi/bin/../lib/gcc/arm-none-eabi/12.3.1/../../../../arm-none-eabi/lib/thumb/v6-m/nofp/libc_nano.a(libc_a-fflush.o)
                0x00003cbc                fflush
 .text._lseek_r
                0x00003cec       0x28 /home/ismet/Documents/KON309/NXP/Compiler/arm-gnu-toolchain-12.3.rel1-x86_64-arm-none-eabi/bin/../lib/gcc/arm-none-eabi/12.3.1/../../../../arm-none-eabi/lib/thumb/v6-m/nofp/libc_nano.a(libc_a-lseekr.o)
                0x00003cec                _lseek_r
 .text._read_r  0x00003d14       0x28 /home/ismet/Documents/KON309/NXP/Compiler/arm-gnu-toolchain-12.3.rel1-x86_64-arm-none-eabi/bin/../lib/gcc/arm-none-eabi/12.3.1/../../../../arm-none-eabi/lib/thumb/v6-m/nofp/libc_nano.a(libc_a-readr.o)
                0x00003d14                _read_r
 .text._close   0x00003d3c       0x10 /home/ismet/Documents/KON309/NXP/Compiler/arm-gnu-toolchain-12.3.rel1-x86_64-arm-none-eabi/bin/../lib/gcc/arm-none-eabi/12.3.1/../../../../arm-none-eabi/lib/thumb/v6-m/nofp/libnosys.a(close.o)
                0x00003d3c                _close
 .text._lseek   0x00003d4c       0x10 /home/ismet/Documents/KON309/NXP/Compiler/arm-gnu-toolchain-12.3.rel1-x86_64-arm-none-eabi/bin/../lib/gcc/arm-none-eabi/12.3.1/../../../../arm-none-eabi/lib/thumb/v6-m/nofp/libnosys.a(lseek.o)
                0x00003d4c                _lseek
 .text._read    0x00003d5c       0x10 /home/ismet/Documents/KON309/NXP/Compiler/arm-gnu-toolchain-12.3.rel1-x86_64-arm-none-eabi/bin/../lib/gcc/arm-none-eabi/12.3.1/../../../../arm-none-eabi/lib/thumb/v6-m/nofp/libnosys.a(read.o)
                0x00003d5c                _read
 .text._sbrk    0x00003d6c       0x1c /home/ismet/Documents/KON309/NXP/Compiler/arm-gnu-toolchain-12.3.rel1-x86_64-arm-none-eabi/bin/../lib/gcc/arm-none-eabi/12.3.1/../../../../arm-none-eabi/lib/thumb/v6-m/nofp/libnosys.a(sbrk.o)
                0x00003d6c                _sbrk
 .text._write   0x00003d88       0x10 /home/ismet/Documents/KON309/NXP/Compiler/arm-gnu-toolchain-12.3.rel1-x86_64-arm-none-eabi/bin/../lib/gcc/arm-none-eabi/12.3.1/../../../../arm-none-eabi/lib/thumb/v6-m/nofp/libnosys.a(write.o)
                0x00003d88                _write
 .text._exit    0x00003d98        0x4 /home/ismet/Documents/KON309/NXP/Compiler/arm-gnu-toolchain-12.3.rel1-x86_64-arm-none-eabi/bin/../lib/gcc/arm-none-eabi/12.3.1/../../../../arm-none-eabi/lib/thumb/v6-m/nofp/libnosys.a(_exit.o)
                0x00003d98                _exit
 *(.rodata)
 *(.rodata*)
 .rodata.all_implied_fbits
                0x00003d9c       0x24 /home/ismet/Documents/KON309/NXP/Compiler/arm-gnu-toolchain-12.3.rel1-x86_64-arm-none-eabi/bin/../lib/gcc/arm-none-eabi/12.3.1/thumb/v6-m/nofp/crtbegin.o
 .rodata.pint_intr_callback.str1.1
                0x00003dc0       0x7e build/experiment3_p3.o
 .rodata.MRT0_IRQHandler.str1.1
                0x00003e3e       0xe6 build/experiment3_p3.o
 .rodata.main.str1.1
                0x00003f24       0x7a build/experiment3_p3.o
 *fill*         0x00003f9e        0x2 
 .rodata.CSWTCH.5
                0x00003fa0       0x3c build/system_LPC824.o
 .rodata.s_pintIRQ
                0x00003fdc        0x8 build/fsl_pint.o
 .rodata.s_usartRest
                0x00003fe4        0x3 build/fsl_usart.o
 .rodata.s_usartClock
                0x00003fe7        0x3 build/fsl_usart.o
 .rodata.s_usartIRQ
                0x00003fea        0x3 build/fsl_usart.o
 *fill*         0x00003fed        0x3 
 .rodata.s_UsartAdapterBase
                0x00003ff0        0xc build/fsl_adapter_miniusart.o
 .rodata.CSWTCH.75
                0x00003ffc        0xf build/fsl_str.o
 .rodata._ctype_
                0x0000400b      0x101 /home/ismet/Documents/KON309/NXP/Compiler/arm-gnu-toolchain-12.3.rel1-x86_64-arm-none-eabi/bin/../lib/gcc/arm-none-eabi/12.3.1/../../../../arm-none-eabi/lib/thumb/v6-m/nofp/libc_nano.a(libc_a-ctype_.o)
                0x0000400b                _ctype_
 .rodata.all_implied_fbits
                0x0000410c       0x24 /home/ismet/Documents/KON309/NXP/Compiler/arm-gnu-toolchain-12.3.rel1-x86_64-arm-none-eabi/bin/../lib/gcc/arm-none-eabi/12.3.1/thumb/v6-m/nofp/crtend.o
 *(.glue_7)
 .glue_7        0x00004130        0x0 linker stubs
 *(.glue_7t)
 .glue_7t       0x00004130        0x0 linker stubs
 *(.eh_frame)
 .eh_frame      0x00004130        0x0 /home/ismet/Documents/KON309/NXP/Compiler/arm-gnu-toolchain-12.3.rel1-x86_64-arm-none-eabi/bin/../lib/gcc/arm-none-eabi/12.3.1/thumb/v6-m/nofp/crtbegin.o
 .eh_frame      0x00004130        0x4 /home/ismet/Documents/KON309/NXP/Compiler/arm-gnu-toolchain-12.3.rel1-x86_64-arm-none-eabi/bin/../lib/gcc/arm-none-eabi/12.3.1/thumb/v6-m/nofp/crtend.o
 *(.init)
 .init          0x00004134        0x4 /home/ismet/Documents/KON309/NXP/Compiler/arm-gnu-toolchain-12.3.rel1-x86_64-arm-none-eabi/bin/../lib/gcc/arm-none-eabi/12.3.1/thumb/v6-m/nofp/crti.o
                0x00004134                _init
 .init          0x00004138        0x8 /home/ismet/Documents/KON309/NXP/Compiler/arm-gnu-toolchain-12.3.rel1-x86_64-arm-none-eabi/bin/../lib/gcc/arm-none-eabi/12.3.1/thumb/v6-m/nofp/crtn.o
 *(.fini)
 .fini          0x00004140        0x4 /home/ismet/Documents/KON309/NXP/Compiler/arm-gnu-toolchain-12.3.rel1-x86_64-arm-none-eabi/bin/../lib/gcc/arm-none-eabi/12.3.1/thumb/v6-m/nofp/crti.o
                0x00004140                _fini
 .fini          0x00004144        0x8 /home/ismet/Documents/KON309/NXP/Compiler/arm-gnu-toolchain-12.3.rel1-x86_64-arm-none-eabi/bin/../lib/gcc/arm-none-eabi/12.3.1/thumb/v6-m/nofp/crtn.o
                0x0000414c                        . = ALIGN (0x4)

.vfp11_veneer   0x0000414c        0x0
 .vfp11_veneer  0x0000414c        0x0 linker stubs

.v4_bx          0x0000414c        0x0
 .v4_bx         0x0000414c        0x0 linker stubs

.iplt           0x0000414c        0x0
 .iplt          0x0000414c        0x0 /home/ismet/Documents/KON309/NXP/Compiler/arm-gnu-toolchain-12.3.rel1-x86_64-arm-none-eabi/bin/../lib/gcc/arm-none-eabi/12.3.1/thumb/v6-m/nofp/crtbegin.o

.ARM.extab      0x0000414c        0x0
 *(.ARM.extab* .gnu.linkonce.armextab.*)
 .ARM.extab     0x0000414c        0x0 /home/ismet/Documents/KON309/NXP/Compiler/arm-gnu-toolchain-12.3.rel1-x86_64-arm-none-eabi/bin/../lib/gcc/arm-none-eabi/12.3.1/../../../../arm-none-eabi/lib/thumb/v6-m/nofp/crt0.o
 .ARM.extab.text.__udivmoddi4
                0x0000414c        0x0 /home/ismet/Documents/KON309/NXP/Compiler/arm-gnu-toolchain-12.3.rel1-x86_64-arm-none-eabi/bin/../lib/gcc/arm-none-eabi/12.3.1/thumb/v6-m/nofp/libgcc.a(_udivmoddi4.o)
 .ARM.extab.text.__divdi3
                0x0000414c        0x0 /home/ismet/Documents/KON309/NXP/Compiler/arm-gnu-toolchain-12.3.rel1-x86_64-arm-none-eabi/bin/../lib/gcc/arm-none-eabi/12.3.1/thumb/v6-m/nofp/libgcc.a(_divdi3.o)

.ARM            0x0000414c        0x8
                0x0000414c                        __exidx_start = .
 *(.ARM.exidx*)
 .ARM.exidx     0x0000414c        0x8 /home/ismet/Documents/KON309/NXP/Compiler/arm-gnu-toolchain-12.3.rel1-x86_64-arm-none-eabi/bin/../lib/gcc/arm-none-eabi/12.3.1/../../../../arm-none-eabi/lib/thumb/v6-m/nofp/crt0.o
                                 0x10 (size before relaxing)
 .ARM.exidx.text.__udivmoddi4
                0x00004154        0x0 /home/ismet/Documents/KON309/NXP/Compiler/arm-gnu-toolchain-12.3.rel1-x86_64-arm-none-eabi/bin/../lib/gcc/arm-none-eabi/12.3.1/thumb/v6-m/nofp/libgcc.a(_udivmoddi4.o)
                                  0x8 (size before relaxing)
 .ARM.exidx.text.__divdi3
                0x00004154        0x0 /home/ismet/Documents/KON309/NXP/Compiler/arm-gnu-toolchain-12.3.rel1-x86_64-arm-none-eabi/bin/../lib/gcc/arm-none-eabi/12.3.1/thumb/v6-m/nofp/libgcc.a(_divdi3.o)
                                  0x8 (size before relaxing)
                0x00004154                        __exidx_end = .

.rel.dyn        0x00004154        0x0
 .rel.iplt      0x00004154        0x0 /home/ismet/Documents/KON309/NXP/Compiler/arm-gnu-toolchain-12.3.rel1-x86_64-arm-none-eabi/bin/../lib/gcc/arm-none-eabi/12.3.1/thumb/v6-m/nofp/crtbegin.o

.ctors          0x00004154        0x0
                0x00004154                        __CTOR_LIST__ = .
 *crtbegin.o(.ctors)
 *crtbegin?.o(.ctors)
 *(EXCLUDE_FILE(*crtend.o *crtend?.o) .ctors)
 *(SORT_BY_NAME(.ctors.*))
 *(.ctors)
                0x00004154                        __CTOR_END__ = .

.dtors          0x00004154        0x0
                0x00004154                        __DTOR_LIST__ = .
 *crtbegin.o(.dtors)
 *crtbegin?.o(.dtors)
 *(EXCLUDE_FILE(*crtend.o *crtend?.o) .dtors)
 *(SORT_BY_NAME(.dtors.*))
 *(.dtors)
                0x00004154                        __DTOR_END__ = .

.preinit_array  0x00004154        0x0
                0x00004154                        PROVIDE (__preinit_array_start = .)
 *(.preinit_array*)
                0x00004154                        PROVIDE (__preinit_array_end = .)

.init_array     0x00004154        0x4
                0x00004154                        PROVIDE (__init_array_start = .)
 *(SORT_BY_NAME(.init_array.*))
 *(.init_array*)
 .init_array    0x00004154        0x4 /home/ismet/Documents/KON309/NXP/Compiler/arm-gnu-toolchain-12.3.rel1-x86_64-arm-none-eabi/bin/../lib/gcc/arm-none-eabi/12.3.1/thumb/v6-m/nofp/crtbegin.o
                0x00004158                        PROVIDE (__init_array_end = .)

.fini_array     0x00004158        0x4
                [!provide]                        PROVIDE (__fini_array_start = .)
 *(SORT_BY_NAME(.fini_array.*))
 *(.fini_array*)
 .fini_array    0x00004158        0x4 /home/ismet/Documents/KON309/NXP/Compiler/arm-gnu-toolchain-12.3.rel1-x86_64-arm-none-eabi/bin/../lib/gcc/arm-none-eabi/12.3.1/thumb/v6-m/nofp/crtbegin.o
                [!provide]                        PROVIDE (__fini_array_end = .)
                0x0000415c                        __etext = .
                0x0000415c                        __DATA_ROM = .

.data           0x10000000       0x80 load address 0x0000415c
                0x10000000                        . = ALIGN (0x4)
                0x10000000                        __DATA_RAM = .
                0x10000000                        __data_start__ = .
 *(.ramfunc*)
 *(.data)
 .data          0x10000000        0x0 /home/ismet/Documents/KON309/NXP/Compiler/arm-gnu-toolchain-12.3.rel1-x86_64-arm-none-eabi/bin/../lib/gcc/arm-none-eabi/12.3.1/thumb/v6-m/nofp/crti.o
 .data          0x10000000        0x0 /home/ismet/Documents/KON309/NXP/Compiler/arm-gnu-toolchain-12.3.rel1-x86_64-arm-none-eabi/bin/../lib/gcc/arm-none-eabi/12.3.1/thumb/v6-m/nofp/crtbegin.o
 .data          0x10000000        0x0 /home/ismet/Documents/KON309/NXP/Compiler/arm-gnu-toolchain-12.3.rel1-x86_64-arm-none-eabi/bin/../lib/gcc/arm-none-eabi/12.3.1/../../../../arm-none-eabi/lib/thumb/v6-m/nofp/crt0.o
 .data          0x10000000        0x0 build/experiment3_p3.o
 .data          0x10000000        0x0 build/pin_mux.o
 .data          0x10000000        0x0 build/system_LPC824.o
 .data          0x10000000        0x0 build/fsl_common.o
 .data          0x10000000        0x0 build/fsl_common_arm.o
 .data          0x10000000        0x0 build/fsl_power.o
 .data          0x10000000        0x0 build/fsl_clock.o
 .data          0x10000000        0x0 build/fsl_reset.o
 .data          0x10000000        0x0 build/fsl_swm.o
 .data          0x10000000        0x0 build/fsl_sctimer.o
 .data          0x10000000        0x0 build/fsl_pint.o
 .data          0x10000000        0x0 build/fsl_debug_console.o
 .data          0x10000000        0x0 build/fsl_usart.o
 .data          0x10000000        0x0 build/fsl_adapter_miniusart.o
 .data          0x10000000        0x0 build/fsl_syscon.o
 .data          0x10000000        0x0 build/fsl_str.o
 .data          0x10000000        0x0 build/fsl_mrt.o
 .data          0x10000000        0x0 build/startup_LPC824.o
 .data          0x10000000        0x0 /home/ismet/Documents/KON309/NXP/Compiler/arm-gnu-toolchain-12.3.rel1-x86_64-arm-none-eabi/bin/../lib/gcc/arm-none-eabi/12.3.1/thumb/v6-m/nofp/libgcc.a(_thumb1_case_sqi.o)
 .data          0x10000000        0x0 /home/ismet/Documents/KON309/NXP/Compiler/arm-gnu-toolchain-12.3.rel1-x86_64-arm-none-eabi/bin/../lib/gcc/arm-none-eabi/12.3.1/thumb/v6-m/nofp/libgcc.a(_thumb1_case_uqi.o)
 .data          0x10000000        0x0 /home/ismet/Documents/KON309/NXP/Compiler/arm-gnu-toolchain-12.3.rel1-x86_64-arm-none-eabi/bin/../lib/gcc/arm-none-eabi/12.3.1/thumb/v6-m/nofp/libgcc.a(_udivsi3.o)
 .data          0x10000000        0x0 /home/ismet/Documents/KON309/NXP/Compiler/arm-gnu-toolchain-12.3.rel1-x86_64-arm-none-eabi/bin/../lib/gcc/arm-none-eabi/12.3.1/thumb/v6-m/nofp/libgcc.a(_divsi3.o)
 .data          0x10000000        0x0 /home/ismet/Documents/KON309/NXP/Compiler/arm-gnu-toolchain-12.3.rel1-x86_64-arm-none-eabi/bin/../lib/gcc/arm-none-eabi/12.3.1/thumb/v6-m/nofp/libgcc.a(_dvmd_tls.o)
 .data          0x10000000        0x0 /home/ismet/Documents/KON309/NXP/Compiler/arm-gnu-toolchain-12.3.rel1-x86_64-arm-none-eabi/bin/../lib/gcc/arm-none-eabi/12.3.1/thumb/v6-m/nofp/libgcc.a(_aeabi_ldivmod.o)
 .data          0x10000000        0x0 /home/ismet/Documents/KON309/NXP/Compiler/arm-gnu-toolchain-12.3.rel1-x86_64-arm-none-eabi/bin/../lib/gcc/arm-none-eabi/12.3.1/thumb/v6-m/nofp/libgcc.a(_aeabi_uldivmod.o)
 .data          0x10000000        0x0 /home/ismet/Documents/KON309/NXP/Compiler/arm-gnu-toolchain-12.3.rel1-x86_64-arm-none-eabi/bin/../lib/gcc/arm-none-eabi/12.3.1/thumb/v6-m/nofp/libgcc.a(_muldi3.o)
 .data          0x10000000        0x0 /home/ismet/Documents/KON309/NXP/Compiler/arm-gnu-toolchain-12.3.rel1-x86_64-arm-none-eabi/bin/../lib/gcc/arm-none-eabi/12.3.1/thumb/v6-m/nofp/libgcc.a(_udivmoddi4.o)
 .data          0x10000000        0x0 /home/ismet/Documents/KON309/NXP/Compiler/arm-gnu-toolchain-12.3.rel1-x86_64-arm-none-eabi/bin/../lib/gcc/arm-none-eabi/12.3.1/thumb/v6-m/nofp/libgcc.a(bpabi.o)
 .data          0x10000000        0x0 /home/ismet/Documents/KON309/NXP/Compiler/arm-gnu-toolchain-12.3.rel1-x86_64-arm-none-eabi/bin/../lib/gcc/arm-none-eabi/12.3.1/thumb/v6-m/nofp/libgcc.a(_clzdi2.o)
 .data          0x10000000        0x0 /home/ismet/Documents/KON309/NXP/Compiler/arm-gnu-toolchain-12.3.rel1-x86_64-arm-none-eabi/bin/../lib/gcc/arm-none-eabi/12.3.1/thumb/v6-m/nofp/libgcc.a(_divdi3.o)
 .data          0x10000000        0x0 /home/ismet/Documents/KON309/NXP/Compiler/arm-gnu-toolchain-12.3.rel1-x86_64-arm-none-eabi/bin/../lib/gcc/arm-none-eabi/12.3.1/thumb/v6-m/nofp/libgcc.a(_clzsi2.o)
 .data          0x10000000        0x0 /home/ismet/Documents/KON309/NXP/Compiler/arm-gnu-toolchain-12.3.rel1-x86_64-arm-none-eabi/bin/../lib/gcc/arm-none-eabi/12.3.1/../../../../arm-none-eabi/lib/thumb/v6-m/nofp/libc_nano.a(libc_a-exit.o)
 .data          0x10000000        0x0 /home/ismet/Documents/KON309/NXP/Compiler/arm-gnu-toolchain-12.3.rel1-x86_64-arm-none-eabi/bin/../lib/gcc/arm-none-eabi/12.3.1/../../../../arm-none-eabi/lib/thumb/v6-m/nofp/libc_nano.a(libc_a-strtoul.o)
 .data          0x10000000        0x0 /home/ismet/Documents/KON309/NXP/Compiler/arm-gnu-toolchain-12.3.rel1-x86_64-arm-none-eabi/bin/../lib/gcc/arm-none-eabi/12.3.1/../../../../arm-none-eabi/lib/thumb/v6-m/nofp/libc_nano.a(libc_a-init.o)
 .data          0x10000000        0x0 /home/ismet/Documents/KON309/NXP/Compiler/arm-gnu-toolchain-12.3.rel1-x86_64-arm-none-eabi/bin/../lib/gcc/arm-none-eabi/12.3.1/../../../../arm-none-eabi/lib/thumb/v6-m/nofp/libc_nano.a(libc_a-impure.o)
 .data          0x10000000        0x0 /home/ismet/Documents/KON309/NXP/Compiler/arm-gnu-toolchain-12.3.rel1-x86_64-arm-none-eabi/bin/../lib/gcc/arm-none-eabi/12.3.1/../../../../arm-none-eabi/lib/thumb/v6-m/nofp/libc_nano.a(libc_a-memcpy-stub.o)
 .data          0x10000000        0x0 /home/ismet/Documents/KON309/NXP/Compiler/arm-gnu-toolchain-12.3.rel1-x86_64-arm-none-eabi/bin/../lib/gcc/arm-none-eabi/12.3.1/../../../../arm-none-eabi/lib/thumb/v6-m/nofp/libc_nano.a(libc_a-strlen.o)
 .data          0x10000000        0x0 /home/ismet/Documents/KON309/NXP/Compiler/arm-gnu-toolchain-12.3.rel1-x86_64-arm-none-eabi/bin/../lib/gcc/arm-none-eabi/12.3.1/../../../../arm-none-eabi/lib/thumb/v6-m/nofp/libc_nano.a(libc_a-malloc.o)
 .data          0x10000000        0x0 /home/ismet/Documents/KON309/NXP/Compiler/arm-gnu-toolchain-12.3.rel1-x86_64-arm-none-eabi/bin/../lib/gcc/arm-none-eabi/12.3.1/../../../../arm-none-eabi/lib/thumb/v6-m/nofp/libc_nano.a(libc_a-mallocr.o)
 .data          0x10000000        0x0 /home/ismet/Documents/KON309/NXP/Compiler/arm-gnu-toolchain-12.3.rel1-x86_64-arm-none-eabi/bin/../lib/gcc/arm-none-eabi/12.3.1/../../../../arm-none-eabi/lib/thumb/v6-m/nofp/libc_nano.a(libc_a-findfp.o)
 .data          0x10000000        0x0 /home/ismet/Documents/KON309/NXP/Compiler/arm-gnu-toolchain-12.3.rel1-x86_64-arm-none-eabi/bin/../lib/gcc/arm-none-eabi/12.3.1/../../../../arm-none-eabi/lib/thumb/v6-m/nofp/libc_nano.a(libc_a-stdio.o)
 .data          0x10000000        0x0 /home/ismet/Documents/KON309/NXP/Compiler/arm-gnu-toolchain-12.3.rel1-x86_64-arm-none-eabi/bin/../lib/gcc/arm-none-eabi/12.3.1/../../../../arm-none-eabi/lib/thumb/v6-m/nofp/libc_nano.a(libc_a-mlock.o)
 .data          0x10000000        0x0 /home/ismet/Documents/KON309/NXP/Compiler/arm-gnu-toolchain-12.3.rel1-x86_64-arm-none-eabi/bin/../lib/gcc/arm-none-eabi/12.3.1/../../../../arm-none-eabi/lib/thumb/v6-m/nofp/libc_nano.a(libc_a-ctype_.o)
 .data          0x10000000        0x0 /home/ismet/Documents/KON309/NXP/Compiler/arm-gnu-toolchain-12.3.rel1-x86_64-arm-none-eabi/bin/../lib/gcc/arm-none-eabi/12.3.1/../../../../arm-none-eabi/lib/thumb/v6-m/nofp/libc_nano.a(libc_a-sbrkr.o)
 .data          0x10000000        0x0 /home/ismet/Documents/KON309/NXP/Compiler/arm-gnu-toolchain-12.3.rel1-x86_64-arm-none-eabi/bin/../lib/gcc/arm-none-eabi/12.3.1/../../../../arm-none-eabi/lib/thumb/v6-m/nofp/libc_nano.a(libc_a-writer.o)
 .data          0x10000000        0x0 /home/ismet/Documents/KON309/NXP/Compiler/arm-gnu-toolchain-12.3.rel1-x86_64-arm-none-eabi/bin/../lib/gcc/arm-none-eabi/12.3.1/../../../../arm-none-eabi/lib/thumb/v6-m/nofp/libc_nano.a(libc_a-errno.o)
 .data          0x10000000        0x0 /home/ismet/Documents/KON309/NXP/Compiler/arm-gnu-toolchain-12.3.rel1-x86_64-arm-none-eabi/bin/../lib/gcc/arm-none-eabi/12.3.1/../../../../arm-none-eabi/lib/thumb/v6-m/nofp/libc_nano.a(libc_a-fwalk.o)
 .data          0x10000000        0x0 /home/ismet/Documents/KON309/NXP/Compiler/arm-gnu-toolchain-12.3.rel1-x86_64-arm-none-eabi/bin/../lib/gcc/arm-none-eabi/12.3.1/../../../../arm-none-eabi/lib/thumb/v6-m/nofp/libc_nano.a(libc_a-memset.o)
 .data          0x10000000        0x0 /home/ismet/Documents/KON309/NXP/Compiler/arm-gnu-toolchain-12.3.rel1-x86_64-arm-none-eabi/bin/../lib/gcc/arm-none-eabi/12.3.1/../../../../arm-none-eabi/lib/thumb/v6-m/nofp/libc_nano.a(libc_a-freer.o)
 .data          0x10000000        0x0 /home/ismet/Documents/KON309/NXP/Compiler/arm-gnu-toolchain-12.3.rel1-x86_64-arm-none-eabi/bin/../lib/gcc/arm-none-eabi/12.3.1/../../../../arm-none-eabi/lib/thumb/v6-m/nofp/libc_nano.a(libc_a-lock.o)
 .data          0x10000000        0x0 /home/ismet/Documents/KON309/NXP/Compiler/arm-gnu-toolchain-12.3.rel1-x86_64-arm-none-eabi/bin/../lib/gcc/arm-none-eabi/12.3.1/../../../../arm-none-eabi/lib/thumb/v6-m/nofp/libc_nano.a(libc_a-closer.o)
 .data          0x10000000        0x0 /home/ismet/Documents/KON309/NXP/Compiler/arm-gnu-toolchain-12.3.rel1-x86_64-arm-none-eabi/bin/../lib/gcc/arm-none-eabi/12.3.1/../../../../arm-none-eabi/lib/thumb/v6-m/nofp/libc_nano.a(libc_a-reent.o)
 .data          0x10000000        0x0 /home/ismet/Documents/KON309/NXP/Compiler/arm-gnu-toolchain-12.3.rel1-x86_64-arm-none-eabi/bin/../lib/gcc/arm-none-eabi/12.3.1/../../../../arm-none-eabi/lib/thumb/v6-m/nofp/libc_nano.a(libc_a-fflush.o)
 .data          0x10000000        0x0 /home/ismet/Documents/KON309/NXP/Compiler/arm-gnu-toolchain-12.3.rel1-x86_64-arm-none-eabi/bin/../lib/gcc/arm-none-eabi/12.3.1/../../../../arm-none-eabi/lib/thumb/v6-m/nofp/libc_nano.a(libc_a-lseekr.o)
 .data          0x10000000        0x0 /home/ismet/Documents/KON309/NXP/Compiler/arm-gnu-toolchain-12.3.rel1-x86_64-arm-none-eabi/bin/../lib/gcc/arm-none-eabi/12.3.1/../../../../arm-none-eabi/lib/thumb/v6-m/nofp/libc_nano.a(libc_a-readr.o)
 .data          0x10000000        0x0 /home/ismet/Documents/KON309/NXP/Compiler/arm-gnu-toolchain-12.3.rel1-x86_64-arm-none-eabi/bin/../lib/gcc/arm-none-eabi/12.3.1/../../../../arm-none-eabi/lib/thumb/v6-m/nofp/libnosys.a(close.o)
 .data          0x10000000        0x0 /home/ismet/Documents/KON309/NXP/Compiler/arm-gnu-toolchain-12.3.rel1-x86_64-arm-none-eabi/bin/../lib/gcc/arm-none-eabi/12.3.1/../../../../arm-none-eabi/lib/thumb/v6-m/nofp/libnosys.a(lseek.o)
 .data          0x10000000        0x0 /home/ismet/Documents/KON309/NXP/Compiler/arm-gnu-toolchain-12.3.rel1-x86_64-arm-none-eabi/bin/../lib/gcc/arm-none-eabi/12.3.1/../../../../arm-none-eabi/lib/thumb/v6-m/nofp/libnosys.a(read.o)
 .data          0x10000000        0x0 /home/ismet/Documents/KON309/NXP/Compiler/arm-gnu-toolchain-12.3.rel1-x86_64-arm-none-eabi/bin/../lib/gcc/arm-none-eabi/12.3.1/../../../../arm-none-eabi/lib/thumb/v6-m/nofp/libnosys.a(sbrk.o)
 .data          0x10000000        0x0 /home/ismet/Documents/KON309/NXP/Compiler/arm-gnu-toolchain-12.3.rel1-x86_64-arm-none-eabi/bin/../lib/gcc/arm-none-eabi/12.3.1/../../../../arm-none-eabi/lib/thumb/v6-m/nofp/libnosys.a(write.o)
 .data          0x10000000        0x0 /home/ismet/Documents/KON309/NXP/Compiler/arm-gnu-toolchain-12.3.rel1-x86_64-arm-none-eabi/bin/../lib/gcc/arm-none-eabi/12.3.1/../../../../arm-none-eabi/lib/thumb/v6-m/nofp/libnosys.a(_exit.o)
 .data          0x10000000        0x0 /home/ismet/Documents/KON309/NXP/Compiler/arm-gnu-toolchain-12.3.rel1-x86_64-arm-none-eabi/bin/../lib/gcc/arm-none-eabi/12.3.1/thumb/v6-m/nofp/crtend.o
 .data          0x10000000        0x0 /home/ismet/Documents/KON309/NXP/Compiler/arm-gnu-toolchain-12.3.rel1-x86_64-arm-none-eabi/bin/../lib/gcc/arm-none-eabi/12.3.1/thumb/v6-m/nofp/crtn.o
 *(.data*)
 .data.__dso_handle
                0x10000000        0x4 /home/ismet/Documents/KON309/NXP/Compiler/arm-gnu-toolchain-12.3.rel1-x86_64-arm-none-eabi/bin/../lib/gcc/arm-none-eabi/12.3.1/thumb/v6-m/nofp/crtbegin.o
                0x10000000                __dso_handle
 .data.brightness
                0x10000004       0x10 build/experiment3_p3.o
                0x10000004                brightness
 .data.redDutyCyclePercent
                0x10000014        0x4 build/experiment3_p3.o
                0x10000014                redDutyCyclePercent
 .data.event2   0x10000018        0x4 build/experiment3_p3.o
                0x10000018                event2
 .data.event1   0x1000001c        0x4 build/experiment3_p3.o
                0x1000001c                event1
 .data.SystemCoreClock
                0x10000020        0x4 build/system_LPC824.o
                0x10000020                SystemCoreClock
 .data._impure_ptr
                0x10000024        0x4 /home/ismet/Documents/KON309/NXP/Compiler/arm-gnu-toolchain-12.3.rel1-x86_64-arm-none-eabi/bin/../lib/gcc/arm-none-eabi/12.3.1/../../../../arm-none-eabi/lib/thumb/v6-m/nofp/libc_nano.a(libc_a-impure.o)
                0x10000024                _impure_ptr
 .data._impure_data
                0x10000028       0x4c /home/ismet/Documents/KON309/NXP/Compiler/arm-gnu-toolchain-12.3.rel1-x86_64-arm-none-eabi/bin/../lib/gcc/arm-none-eabi/12.3.1/../../../../arm-none-eabi/lib/thumb/v6-m/nofp/libc_nano.a(libc_a-impure.o)
                0x10000028                _impure_data
 .data.__sglue  0x10000074        0xc /home/ismet/Documents/KON309/NXP/Compiler/arm-gnu-toolchain-12.3.rel1-x86_64-arm-none-eabi/bin/../lib/gcc/arm-none-eabi/12.3.1/../../../../arm-none-eabi/lib/thumb/v6-m/nofp/libc_nano.a(libc_a-findfp.o)
                0x10000074                __sglue
 *(.jcr*)
                0x10000080                        . = ALIGN (0x4)
                0x10000080                        __data_end__ = .
                0x000041dc                        __DATA_END = (__DATA_ROM + (__data_end__ - __data_start__))
                0x00008000                        text_end = (ORIGIN (m_text) + LENGTH (m_text))
                0x00000001                        ASSERT ((__DATA_END <= text_end), region m_text overflowed with text and data)

.tm_clone_table
                0x10000080        0x0 load address 0x000041dc
 .tm_clone_table
                0x10000080        0x0 /home/ismet/Documents/KON309/NXP/Compiler/arm-gnu-toolchain-12.3.rel1-x86_64-arm-none-eabi/bin/../lib/gcc/arm-none-eabi/12.3.1/thumb/v6-m/nofp/crtbegin.o
 .tm_clone_table
                0x10000080        0x0 /home/ismet/Documents/KON309/NXP/Compiler/arm-gnu-toolchain-12.3.rel1-x86_64-arm-none-eabi/bin/../lib/gcc/arm-none-eabi/12.3.1/thumb/v6-m/nofp/crtend.o

.igot.plt       0x10000080        0x0 load address 0x000041dc
 .igot.plt      0x10000080        0x0 /home/ismet/Documents/KON309/NXP/Compiler/arm-gnu-toolchain-12.3.rel1-x86_64-arm-none-eabi/bin/../lib/gcc/arm-none-eabi/12.3.1/thumb/v6-m/nofp/crtbegin.o

.bss            0x10000080      0x218 load address 0x000041dc
                0x10000080                        . = ALIGN (0x4)
                0x10000080                        __START_BSS = .
                0x10000080                        __bss_start__ = .
 *(.bss)
 .bss           0x10000080        0x0 /home/ismet/Documents/KON309/NXP/Compiler/arm-gnu-toolchain-12.3.rel1-x86_64-arm-none-eabi/bin/../lib/gcc/arm-none-eabi/12.3.1/thumb/v6-m/nofp/crti.o
 .bss           0x10000080        0x0 /home/ismet/Documents/KON309/NXP/Compiler/arm-gnu-toolchain-12.3.rel1-x86_64-arm-none-eabi/bin/../lib/gcc/arm-none-eabi/12.3.1/thumb/v6-m/nofp/crtbegin.o
 .bss           0x10000080        0x0 /home/ismet/Documents/KON309/NXP/Compiler/arm-gnu-toolchain-12.3.rel1-x86_64-arm-none-eabi/bin/../lib/gcc/arm-none-eabi/12.3.1/../../../../arm-none-eabi/lib/thumb/v6-m/nofp/crt0.o
 .bss           0x10000080        0x0 build/experiment3_p3.o
 .bss           0x10000080        0x0 build/pin_mux.o
 .bss           0x10000080        0x0 build/system_LPC824.o
 .bss           0x10000080        0x0 build/fsl_common.o
 .bss           0x10000080        0x0 build/fsl_common_arm.o
 .bss           0x10000080        0x0 build/fsl_power.o
 .bss           0x10000080        0x0 build/fsl_clock.o
 .bss           0x10000080        0x0 build/fsl_reset.o
 .bss           0x10000080        0x0 build/fsl_swm.o
 .bss           0x10000080        0x0 build/fsl_sctimer.o
 .bss           0x10000080        0x0 build/fsl_pint.o
 .bss           0x10000080        0x0 build/fsl_debug_console.o
 .bss           0x10000080        0x0 build/fsl_usart.o
 .bss           0x10000080        0x0 build/fsl_adapter_miniusart.o
 .bss           0x10000080        0x0 build/fsl_syscon.o
 .bss           0x10000080        0x0 build/fsl_str.o
 .bss           0x10000080        0x0 build/fsl_mrt.o
 .bss           0x10000080        0x0 build/startup_LPC824.o
 .bss           0x10000080        0x0 /home/ismet/Documents/KON309/NXP/Compiler/arm-gnu-toolchain-12.3.rel1-x86_64-arm-none-eabi/bin/../lib/gcc/arm-none-eabi/12.3.1/thumb/v6-m/nofp/libgcc.a(_thumb1_case_sqi.o)
 .bss           0x10000080        0x0 /home/ismet/Documents/KON309/NXP/Compiler/arm-gnu-toolchain-12.3.rel1-x86_64-arm-none-eabi/bin/../lib/gcc/arm-none-eabi/12.3.1/thumb/v6-m/nofp/libgcc.a(_thumb1_case_uqi.o)
 .bss           0x10000080        0x0 /home/ismet/Documents/KON309/NXP/Compiler/arm-gnu-toolchain-12.3.rel1-x86_64-arm-none-eabi/bin/../lib/gcc/arm-none-eabi/12.3.1/thumb/v6-m/nofp/libgcc.a(_udivsi3.o)
 .bss           0x10000080        0x0 /home/ismet/Documents/KON309/NXP/Compiler/arm-gnu-toolchain-12.3.rel1-x86_64-arm-none-eabi/bin/../lib/gcc/arm-none-eabi/12.3.1/thumb/v6-m/nofp/libgcc.a(_divsi3.o)
 .bss           0x10000080        0x0 /home/ismet/Documents/KON309/NXP/Compiler/arm-gnu-toolchain-12.3.rel1-x86_64-arm-none-eabi/bin/../lib/gcc/arm-none-eabi/12.3.1/thumb/v6-m/nofp/libgcc.a(_dvmd_tls.o)
 .bss           0x10000080        0x0 /home/ismet/Documents/KON309/NXP/Compiler/arm-gnu-toolchain-12.3.rel1-x86_64-arm-none-eabi/bin/../lib/gcc/arm-none-eabi/12.3.1/thumb/v6-m/nofp/libgcc.a(_aeabi_ldivmod.o)
 .bss           0x10000080        0x0 /home/ismet/Documents/KON309/NXP/Compiler/arm-gnu-toolchain-12.3.rel1-x86_64-arm-none-eabi/bin/../lib/gcc/arm-none-eabi/12.3.1/thumb/v6-m/nofp/libgcc.a(_aeabi_uldivmod.o)
 .bss           0x10000080        0x0 /home/ismet/Documents/KON309/NXP/Compiler/arm-gnu-toolchain-12.3.rel1-x86_64-arm-none-eabi/bin/../lib/gcc/arm-none-eabi/12.3.1/thumb/v6-m/nofp/libgcc.a(_muldi3.o)
 .bss           0x10000080        0x0 /home/ismet/Documents/KON309/NXP/Compiler/arm-gnu-toolchain-12.3.rel1-x86_64-arm-none-eabi/bin/../lib/gcc/arm-none-eabi/12.3.1/thumb/v6-m/nofp/libgcc.a(_udivmoddi4.o)
 .bss           0x10000080        0x0 /home/ismet/Documents/KON309/NXP/Compiler/arm-gnu-toolchain-12.3.rel1-x86_64-arm-none-eabi/bin/../lib/gcc/arm-none-eabi/12.3.1/thumb/v6-m/nofp/libgcc.a(bpabi.o)
 .bss           0x10000080        0x0 /home/ismet/Documents/KON309/NXP/Compiler/arm-gnu-toolchain-12.3.rel1-x86_64-arm-none-eabi/bin/../lib/gcc/arm-none-eabi/12.3.1/thumb/v6-m/nofp/libgcc.a(_clzdi2.o)
 .bss           0x10000080        0x0 /home/ismet/Documents/KON309/NXP/Compiler/arm-gnu-toolchain-12.3.rel1-x86_64-arm-none-eabi/bin/../lib/gcc/arm-none-eabi/12.3.1/thumb/v6-m/nofp/libgcc.a(_divdi3.o)
 .bss           0x10000080        0x0 /home/ismet/Documents/KON309/NXP/Compiler/arm-gnu-toolchain-12.3.rel1-x86_64-arm-none-eabi/bin/../lib/gcc/arm-none-eabi/12.3.1/thumb/v6-m/nofp/libgcc.a(_clzsi2.o)
 .bss           0x10000080        0x0 /home/ismet/Documents/KON309/NXP/Compiler/arm-gnu-toolchain-12.3.rel1-x86_64-arm-none-eabi/bin/../lib/gcc/arm-none-eabi/12.3.1/../../../../arm-none-eabi/lib/thumb/v6-m/nofp/libc_nano.a(libc_a-exit.o)
 .bss           0x10000080        0x0 /home/ismet/Documents/KON309/NXP/Compiler/arm-gnu-toolchain-12.3.rel1-x86_64-arm-none-eabi/bin/../lib/gcc/arm-none-eabi/12.3.1/../../../../arm-none-eabi/lib/thumb/v6-m/nofp/libc_nano.a(libc_a-strtoul.o)
 .bss           0x10000080        0x0 /home/ismet/Documents/KON309/NXP/Compiler/arm-gnu-toolchain-12.3.rel1-x86_64-arm-none-eabi/bin/../lib/gcc/arm-none-eabi/12.3.1/../../../../arm-none-eabi/lib/thumb/v6-m/nofp/libc_nano.a(libc_a-init.o)
 .bss           0x10000080        0x0 /home/ismet/Documents/KON309/NXP/Compiler/arm-gnu-toolchain-12.3.rel1-x86_64-arm-none-eabi/bin/../lib/gcc/arm-none-eabi/12.3.1/../../../../arm-none-eabi/lib/thumb/v6-m/nofp/libc_nano.a(libc_a-impure.o)
 .bss           0x10000080        0x0 /home/ismet/Documents/KON309/NXP/Compiler/arm-gnu-toolchain-12.3.rel1-x86_64-arm-none-eabi/bin/../lib/gcc/arm-none-eabi/12.3.1/../../../../arm-none-eabi/lib/thumb/v6-m/nofp/libc_nano.a(libc_a-memcpy-stub.o)
 .bss           0x10000080        0x0 /home/ismet/Documents/KON309/NXP/Compiler/arm-gnu-toolchain-12.3.rel1-x86_64-arm-none-eabi/bin/../lib/gcc/arm-none-eabi/12.3.1/../../../../arm-none-eabi/lib/thumb/v6-m/nofp/libc_nano.a(libc_a-strlen.o)
 .bss           0x10000080        0x0 /home/ismet/Documents/KON309/NXP/Compiler/arm-gnu-toolchain-12.3.rel1-x86_64-arm-none-eabi/bin/../lib/gcc/arm-none-eabi/12.3.1/../../../../arm-none-eabi/lib/thumb/v6-m/nofp/libc_nano.a(libc_a-malloc.o)
 .bss           0x10000080        0x0 /home/ismet/Documents/KON309/NXP/Compiler/arm-gnu-toolchain-12.3.rel1-x86_64-arm-none-eabi/bin/../lib/gcc/arm-none-eabi/12.3.1/../../../../arm-none-eabi/lib/thumb/v6-m/nofp/libc_nano.a(libc_a-mallocr.o)
 .bss           0x10000080        0x0 /home/ismet/Documents/KON309/NXP/Compiler/arm-gnu-toolchain-12.3.rel1-x86_64-arm-none-eabi/bin/../lib/gcc/arm-none-eabi/12.3.1/../../../../arm-none-eabi/lib/thumb/v6-m/nofp/libc_nano.a(libc_a-findfp.o)
 .bss           0x10000080        0x0 /home/ismet/Documents/KON309/NXP/Compiler/arm-gnu-toolchain-12.3.rel1-x86_64-arm-none-eabi/bin/../lib/gcc/arm-none-eabi/12.3.1/../../../../arm-none-eabi/lib/thumb/v6-m/nofp/libc_nano.a(libc_a-stdio.o)
 .bss           0x10000080        0x0 /home/ismet/Documents/KON309/NXP/Compiler/arm-gnu-toolchain-12.3.rel1-x86_64-arm-none-eabi/bin/../lib/gcc/arm-none-eabi/12.3.1/../../../../arm-none-eabi/lib/thumb/v6-m/nofp/libc_nano.a(libc_a-mlock.o)
 .bss           0x10000080        0x0 /home/ismet/Documents/KON309/NXP/Compiler/arm-gnu-toolchain-12.3.rel1-x86_64-arm-none-eabi/bin/../lib/gcc/arm-none-eabi/12.3.1/../../../../arm-none-eabi/lib/thumb/v6-m/nofp/libc_nano.a(libc_a-ctype_.o)
 .bss           0x10000080        0x0 /home/ismet/Documents/KON309/NXP/Compiler/arm-gnu-toolchain-12.3.rel1-x86_64-arm-none-eabi/bin/../lib/gcc/arm-none-eabi/12.3.1/../../../../arm-none-eabi/lib/thumb/v6-m/nofp/libc_nano.a(libc_a-sbrkr.o)
 .bss           0x10000080        0x0 /home/ismet/Documents/KON309/NXP/Compiler/arm-gnu-toolchain-12.3.rel1-x86_64-arm-none-eabi/bin/../lib/gcc/arm-none-eabi/12.3.1/../../../../arm-none-eabi/lib/thumb/v6-m/nofp/libc_nano.a(libc_a-writer.o)
 .bss           0x10000080        0x0 /home/ismet/Documents/KON309/NXP/Compiler/arm-gnu-toolchain-12.3.rel1-x86_64-arm-none-eabi/bin/../lib/gcc/arm-none-eabi/12.3.1/../../../../arm-none-eabi/lib/thumb/v6-m/nofp/libc_nano.a(libc_a-errno.o)
 .bss           0x10000080        0x0 /home/ismet/Documents/KON309/NXP/Compiler/arm-gnu-toolchain-12.3.rel1-x86_64-arm-none-eabi/bin/../lib/gcc/arm-none-eabi/12.3.1/../../../../arm-none-eabi/lib/thumb/v6-m/nofp/libc_nano.a(libc_a-fwalk.o)
 .bss           0x10000080        0x0 /home/ismet/Documents/KON309/NXP/Compiler/arm-gnu-toolchain-12.3.rel1-x86_64-arm-none-eabi/bin/../lib/gcc/arm-none-eabi/12.3.1/../../../../arm-none-eabi/lib/thumb/v6-m/nofp/libc_nano.a(libc_a-memset.o)
 .bss           0x10000080        0x0 /home/ismet/Documents/KON309/NXP/Compiler/arm-gnu-toolchain-12.3.rel1-x86_64-arm-none-eabi/bin/../lib/gcc/arm-none-eabi/12.3.1/../../../../arm-none-eabi/lib/thumb/v6-m/nofp/libc_nano.a(libc_a-freer.o)
 .bss           0x10000080        0x0 /home/ismet/Documents/KON309/NXP/Compiler/arm-gnu-toolchain-12.3.rel1-x86_64-arm-none-eabi/bin/../lib/gcc/arm-none-eabi/12.3.1/../../../../arm-none-eabi/lib/thumb/v6-m/nofp/libc_nano.a(libc_a-lock.o)
 .bss           0x10000080        0x0 /home/ismet/Documents/KON309/NXP/Compiler/arm-gnu-toolchain-12.3.rel1-x86_64-arm-none-eabi/bin/../lib/gcc/arm-none-eabi/12.3.1/../../../../arm-none-eabi/lib/thumb/v6-m/nofp/libc_nano.a(libc_a-closer.o)
 .bss           0x10000080        0x0 /home/ismet/Documents/KON309/NXP/Compiler/arm-gnu-toolchain-12.3.rel1-x86_64-arm-none-eabi/bin/../lib/gcc/arm-none-eabi/12.3.1/../../../../arm-none-eabi/lib/thumb/v6-m/nofp/libc_nano.a(libc_a-reent.o)
 .bss           0x10000080        0x0 /home/ismet/Documents/KON309/NXP/Compiler/arm-gnu-toolchain-12.3.rel1-x86_64-arm-none-eabi/bin/../lib/gcc/arm-none-eabi/12.3.1/../../../../arm-none-eabi/lib/thumb/v6-m/nofp/libc_nano.a(libc_a-fflush.o)
 .bss           0x10000080        0x0 /home/ismet/Documents/KON309/NXP/Compiler/arm-gnu-toolchain-12.3.rel1-x86_64-arm-none-eabi/bin/../lib/gcc/arm-none-eabi/12.3.1/../../../../arm-none-eabi/lib/thumb/v6-m/nofp/libc_nano.a(libc_a-lseekr.o)
 .bss           0x10000080        0x0 /home/ismet/Documents/KON309/NXP/Compiler/arm-gnu-toolchain-12.3.rel1-x86_64-arm-none-eabi/bin/../lib/gcc/arm-none-eabi/12.3.1/../../../../arm-none-eabi/lib/thumb/v6-m/nofp/libc_nano.a(libc_a-readr.o)
 .bss           0x10000080        0x0 /home/ismet/Documents/KON309/NXP/Compiler/arm-gnu-toolchain-12.3.rel1-x86_64-arm-none-eabi/bin/../lib/gcc/arm-none-eabi/12.3.1/../../../../arm-none-eabi/lib/thumb/v6-m/nofp/libnosys.a(close.o)
 .bss           0x10000080        0x0 /home/ismet/Documents/KON309/NXP/Compiler/arm-gnu-toolchain-12.3.rel1-x86_64-arm-none-eabi/bin/../lib/gcc/arm-none-eabi/12.3.1/../../../../arm-none-eabi/lib/thumb/v6-m/nofp/libnosys.a(lseek.o)
 .bss           0x10000080        0x0 /home/ismet/Documents/KON309/NXP/Compiler/arm-gnu-toolchain-12.3.rel1-x86_64-arm-none-eabi/bin/../lib/gcc/arm-none-eabi/12.3.1/../../../../arm-none-eabi/lib/thumb/v6-m/nofp/libnosys.a(read.o)
 .bss           0x10000080        0x0 /home/ismet/Documents/KON309/NXP/Compiler/arm-gnu-toolchain-12.3.rel1-x86_64-arm-none-eabi/bin/../lib/gcc/arm-none-eabi/12.3.1/../../../../arm-none-eabi/lib/thumb/v6-m/nofp/libnosys.a(sbrk.o)
 .bss           0x10000080        0x0 /home/ismet/Documents/KON309/NXP/Compiler/arm-gnu-toolchain-12.3.rel1-x86_64-arm-none-eabi/bin/../lib/gcc/arm-none-eabi/12.3.1/../../../../arm-none-eabi/lib/thumb/v6-m/nofp/libnosys.a(write.o)
 .bss           0x10000080        0x0 /home/ismet/Documents/KON309/NXP/Compiler/arm-gnu-toolchain-12.3.rel1-x86_64-arm-none-eabi/bin/../lib/gcc/arm-none-eabi/12.3.1/../../../../arm-none-eabi/lib/thumb/v6-m/nofp/libnosys.a(_exit.o)
 .bss           0x10000080        0x0 /home/ismet/Documents/KON309/NXP/Compiler/arm-gnu-toolchain-12.3.rel1-x86_64-arm-none-eabi/bin/../lib/gcc/arm-none-eabi/12.3.1/thumb/v6-m/nofp/crtend.o
 .bss           0x10000080        0x0 /home/ismet/Documents/KON309/NXP/Compiler/arm-gnu-toolchain-12.3.rel1-x86_64-arm-none-eabi/bin/../lib/gcc/arm-none-eabi/12.3.1/thumb/v6-m/nofp/crtn.o
 *(.bss*)
 .bss.completed.1
                0x10000080        0x1 /home/ismet/Documents/KON309/NXP/Compiler/arm-gnu-toolchain-12.3.rel1-x86_64-arm-none-eabi/bin/../lib/gcc/arm-none-eabi/12.3.1/thumb/v6-m/nofp/crtbegin.o
 *fill*         0x10000081        0x3 
 .bss.object.0  0x10000084       0x18 /home/ismet/Documents/KON309/NXP/Compiler/arm-gnu-toolchain-12.3.rel1-x86_64-arm-none-eabi/bin/../lib/gcc/arm-none-eabi/12.3.1/thumb/v6-m/nofp/crtbegin.o
 .bss.state     0x1000009c        0x1 build/experiment3_p3.o
                0x1000009c                state
 *fill*         0x1000009d        0x3 
 .bss.counter   0x100000a0        0x4 build/experiment3_p3.o
                0x100000a0                counter
 .bss.brightnessCounter
                0x100000a4        0x4 build/experiment3_p3.o
                0x100000a4                brightnessCounter
 .bss.mrtIsrFlag
                0x100000a8        0x1 build/experiment3_p3.o
 *fill*         0x100000a9        0x3 
 .bss.yellowDutyCyclePercent
                0x100000ac        0x4 build/experiment3_p3.o
                0x100000ac                yellowDutyCyclePercent
 .bss.greenDutyCyclePercent
                0x100000b0        0x4 build/experiment3_p3.o
                0x100000b0                greenDutyCyclePercent
 .bss.sctimerClock
                0x100000b4        0x4 build/experiment3_p3.o
                0x100000b4                sctimerClock
 .bss.event0    0x100000b8        0x4 build/experiment3_p3.o
                0x100000b8                event0
 .bss.g_systickCounter
                0x100000bc        0x4 build/experiment3_p3.o
                0x100000bc                g_systickCounter
 .bss.s_Sys_Pll_Freq