
Memory Configuration

Name             Origin             Length             Attributes
flash            0x00000000         0x00008000
ram              0x10000000         0x00002000
*default*        0x00000000         0xffffffff

Linker script and memory map

LOAD build/experiment1_p1.o
LOAD build/init.o
                0x00000000                        . = ORIGIN (flash)

.text           0x00000000      0x38c
 *(.vectors)
 .vectors       0x00000000       0xbc build/init.o
                0x00000000                Vectors
 *(.text)
 .text          0x000000bc      0x1d0 build/experiment1_p1.o
                0x000000bc                main
                0x00000268                delay
 .text          0x0000028c      0x100 build/init.o
                0x0000028c                clock_init
                0x0000030c                init
                0x00000384                Default_Handler

.glue_7         0x0000038c        0x0
 .glue_7        0x0000038c        0x0 linker stubs

.glue_7t        0x0000038c        0x0
 .glue_7t       0x0000038c        0x0 linker stubs

.vfp11_veneer   0x0000038c        0x0
 .vfp11_veneer  0x0000038c        0x0 linker stubs

.v4_bx          0x0000038c        0x0
 .v4_bx         0x0000038c        0x0 linker stubs

.iplt           0x0000038c        0x0
 .iplt          0x0000038c        0x0 build/experiment1_p1.o

.rel.dyn        0x0000038c        0x0
 .rel.iplt      0x0000038c        0x0 build/experiment1_p1.o
                0x10000000                        . = ORIGIN (ram)

.data           0x10000000        0x0 load address 0x0000038c
                0x0000038c                        INIT_DATA_VALUES = LOADADDR (.data)
                0x10000000                        INIT_DATA_START = .
 *(.data)
 .data          0x10000000        0x0 build/experiment1_p1.o
 .data          0x10000000        0x0 build/init.o
                0x10000000                        INIT_DATA_END = .
                0x10000000                        BSS_START = .

.igot.plt       0x10000000        0x0 load address 0x0000038c
 .igot.plt      0x10000000        0x0 build/experiment1_p1.o

.bss            0x10000000        0xc load address 0x0000038c
 *(.bss)
 .bss           0x10000000        0xc build/experiment1_p1.o
                0x10000000                state
                0x10000004                button1Pressed
                0x10000008                button2Pressed
 .bss           0x1000000c        0x0 build/init.o
                0x1000000c                        BSS_END = .
OUTPUT(build/experiment1_p1.elf elf32-littlearm)
LOAD linker stubs

.debug_info     0x00000000      0x1bb
 .debug_info    0x00000000       0xae build/experiment1_p1.o
 .debug_info    0x000000ae      0x10d build/init.o

.debug_abbrev   0x00000000      0x189
 .debug_abbrev  0x00000000       0x93 build/experiment1_p1.o
 .debug_abbrev  0x00000093       0xf6 build/init.o

.debug_aranges  0x00000000       0x40
 .debug_aranges
                0x00000000       0x20 build/experiment1_p1.o
 .debug_aranges
                0x00000020       0x20 build/init.o

.debug_line     0x00000000      0x23f
 .debug_line    0x00000000      0x15f build/experiment1_p1.o
 .debug_line    0x0000015f       0xe0 build/init.o

.debug_str      0x00000000      0x168
 .debug_str     0x00000000       0xdd build/experiment1_p1.o
 .debug_str     0x000000dd       0x8b build/init.o
                                0x126 (size before relaxing)

.comment        0x00000000       0x45
 .comment       0x00000000       0x45 build/experiment1_p1.o
                                 0x46 (size before relaxing)
 .comment       0x00000045       0x46 build/init.o

.ARM.attributes
                0x00000000       0x2c
 .ARM.attributes
                0x00000000       0x2c build/experiment1_p1.o
 .ARM.attributes
                0x0000002c       0x2c build/init.o

.debug_frame    0x00000000       0xb4
 .debug_frame   0x00000000       0x4c build/experiment1_p1.o
 .debug_frame   0x0000004c       0x68 build/init.o

Cross Reference Table

Symbol                                            File
BSS_END                                           build/init.o
BSS_START                                         build/init.o
Default_Handler                                   build/init.o
INIT_DATA_END                                     build/init.o
INIT_DATA_START                                   build/init.o
INIT_DATA_VALUES                                  build/init.o
Vectors                                           build/init.o
button1Pressed                                    build/experiment1_p1.o
button2Pressed                                    build/experiment1_p1.o
clock_init                                        build/init.o
delay                                             build/experiment1_p1.o
init                                              build/init.o
main                                              build/experiment1_p1.o
                                                  build/init.o
state                                             build/experiment1_p1.o
